Component: ARM Compiler 5.05 update 1 (build 106) Tool: armlink [4d0efa]

==============================================================================

Section Cross References

    main.o(i._Z10readThreadPKv) refers to main.o(i._Z14ringBufferReadPc) for ringBufferRead(char*)
    main.o(i._Z10readThreadPKv) refers to itm_arm.o(i._Z8itmPrintPc) for itmPrint(char*)
    main.o(i._Z10readThreadPKv) refers to main.o(.data) for head
    main.o(i._Z10readThreadPKv) refers to uart_lpc17xx.o(.constdata) for Driver_USART0
    main.o(i._Z10readThreadPKv) refers to main.o(.bss) for ne
    main.o(i._Z11writeThreadPKv) refers to rt_cmsis.o(i.osDelay) for osDelay
    main.o(i._Z11writeThreadPKv) refers to uart_lpc17xx.o(.constdata) for Driver_USART0
    main.o(i._Z14USART_callbackj) refers to main.o(i._Z15ringBufferWritec) for ringBufferWrite(char)
    main.o(i._Z14USART_callbackj) refers to main.o(.data) for pData
    main.o(i._Z14ringBufferInitv) refers to main.o(.data) for tail
    main.o(i._Z14ringBufferReadPc) refers to main.o(.data) for head
    main.o(i._Z14ringBufferReadPc) refers to main.o(.bss) for ringBuffer
    main.o(i._Z15heartBeatThreadPKv) refers to rt_cmsis.o(i.osDelay) for osDelay
    main.o(i._Z15heartBeatThreadPKv) refers to strcmpv7m.o(.text) for strcmp
    main.o(i._Z15heartBeatThreadPKv) refers to main.o(.data) for checkstring
    main.o(i._Z15heartBeatThreadPKv) refers to main.o(.bss) for ne
    main.o(i._Z15ringBufferWritec) refers to main.o(.data) for tail
    main.o(i._Z15ringBufferWritec) refers to main.o(.bss) for ringBuffer
    main.o(i._Z15uart0Initializev) refers to main.o(i._Z14NVIC_EnableIRQ4IRQn) for NVIC_EnableIRQ(IRQn)
    main.o(i._Z15uart0Initializev) refers to uart_lpc17xx.o(.constdata) for Driver_USART0
    main.o(i._Z15uart0Initializev) refers to main.o(i._Z14USART_callbackj) for USART_callback(unsigned)
    main.o(i._Z15uart1Initializev) refers to main.o(i._Z14NVIC_EnableIRQ4IRQn) for NVIC_EnableIRQ(IRQn)
    main.o(i._Z15uart1Initializev) refers to uart_lpc17xx.o(.constdata) for Driver_USART1
    main.o(i._Z15uart1Initializev) refers to main.o(i._Z14USART_callbackj) for USART_callback(unsigned)
    main.o(i._Z16initializeThreadPKv) refers to main.o(i._Z14ringBufferInitv) for ringBufferInit()
    main.o(i._Z16initializeThreadPKv) refers to main.o(i._Z15uart0Initializev) for uart0Initialize()
    main.o(i._Z16initializeThreadPKv) refers to main.o(i._Z13ledInitializev) for ledInitialize()
    main.o(i._Z17uart0UnInitializev) refers to uart_lpc17xx.o(.constdata) for Driver_USART0
    main.o(i._Z17uart1UnInitializev) refers to uart_lpc17xx.o(.constdata) for Driver_USART1
    main.o(i.main) refers to system_lpc17xx.o(i.SystemCoreClockUpdate) for SystemCoreClockUpdate
    main.o(i.main) refers to rt_cmsis.o(i.osKernelInitialize) for osKernelInitialize
    main.o(i.main) refers to rt_cmsis.o(i.osThreadCreate) for osThreadCreate
    main.o(i.main) refers to system_lpc17xx.o(.data) for SystemCoreClock
    main.o(i.main) refers to main.o(.constdata) for os_thread_def_initializeThread
    main.o(.ARM.exidx) refers to main.o(i._Z14ringBufferInitv) for i._Z14ringBufferInitv
    main.o(.ARM.exidx) refers to main.o(i._Z15ringBufferWritec) for i._Z15ringBufferWritec
    main.o(.ARM.exidx) refers to main.o(i._Z14ringBufferReadPc) for i._Z14ringBufferReadPc
    main.o(.ARM.exidx) refers to main.o(i._Z14USART_callbackj) for i._Z14USART_callbackj
    main.o(.ARM.exidx) refers to main.o(i._Z15uart0Initializev) for i._Z15uart0Initializev
    main.o(.ARM.exidx) refers to main.o(i._Z17uart0UnInitializev) for i._Z17uart0UnInitializev
    main.o(.ARM.exidx) refers to main.o(i._Z15uart1Initializev) for i._Z15uart1Initializev
    main.o(.ARM.exidx) refers to main.o(i._Z17uart1UnInitializev) for i._Z17uart1UnInitializev
    main.o(.ARM.exidx) refers to main.o(i._Z12SPI_callbackj) for i._Z12SPI_callbackj
    main.o(.ARM.exidx) refers to main.o(i._Z13ledInitializev) for i._Z13ledInitializev
    main.o(.ARM.exidx) refers to main.o(i._Z11writeThreadPKv) for i._Z11writeThreadPKv
    main.o(.ARM.exidx) refers to main.o(i._Z16initializeThreadPKv) for i._Z16initializeThreadPKv
    main.o(.ARM.exidx) refers to main.o(i._Z15heartBeatThreadPKv) for i._Z15heartBeatThreadPKv
    main.o(.ARM.exidx) refers to main.o(i._Z10readThreadPKv) for i._Z10readThreadPKv
    main.o(.ARM.exidx) refers to main.o(i.main) for i.main
    main.o(.ARM.exidx) refers to main.o(i._Z14NVIC_EnableIRQ4IRQn) for i._Z14NVIC_EnableIRQ4IRQn
    main.o(.constdata) refers to main.o(i._Z11writeThreadPKv) for writeThread(const void*)
    main.o(.constdata) refers to main.o(i._Z16initializeThreadPKv) for initializeThread(const void*)
    main.o(.constdata) refers to main.o(i._Z15heartBeatThreadPKv) for heartBeatThread(const void*)
    main.o(.constdata) refers to main.o(i._Z10readThreadPKv) for readThread(const void*)
    main.o(.data) refers to main.o(.bss) for temp
[...]
    .ARM.Collect$$libinit$$00000032          0x00000142   Section        0  libinit2.o(.ARM.Collect$$libinit$$00000032)
    .ARM.Collect$$libinit$$00000033          0x00000142   Section        2  libinit2.o(.ARM.Collect$$libinit$$00000033)
    .ARM.Collect$$libshutdown$$00000000      0x00000144   Section        2  libshutdown.o(.ARM.Collect$$libshutdown$$00000000)
    .ARM.Collect$$libshutdown$$00000003      0x00000146   Section        0  libshutdown2.o(.ARM.Collect$$libshutdown$$00000003)
    .ARM.Collect$$libshutdown$$00000006      0x00000146   Section        0  libshutdown2.o(.ARM.Collect$$libshutdown$$00000006)
    .ARM.Collect$$libshutdown$$00000009      0x00000146   Section        0  libshutdown2.o(.ARM.Collect$$libshutdown$$00000009)
    .ARM.Collect$$libshutdown$$0000000B      0x00000146   Section        0  libshutdown2.o(.ARM.Collect$$libshutdown$$0000000B)
    .ARM.Collect$$libshutdown$$0000000E      0x00000146   Section        0  libshutdown2.o(.ARM.Collect$$libshutdown$$0000000E)
    .ARM.Collect$$libshutdown$$0000000F      0x00000146   Section        2  libshutdown2.o(.ARM.Collect$$libshutdown$$0000000F)
    .ARM.Collect$$rtentry$$00000000          0x00000148   Section        0  __rtentry.o(.ARM.Collect$$rtentry$$00000000)
    .ARM.Collect$$rtentry$$00000002          0x00000148   Section        0  __rtentry2.o(.ARM.Collect$$rtentry$$00000002)
    .ARM.Collect$$rtentry$$00000004          0x00000148   Section        6  __rtentry4.o(.ARM.Collect$$rtentry$$00000004)
    .ARM.Collect$$rtentry$$00000009          0x0000014e   Section        0  __rtentry2.o(.ARM.Collect$$rtentry$$00000009)
    .ARM.Collect$$rtentry$$0000000A          0x0000014e   Section        4  __rtentry2.o(.ARM.Collect$$rtentry$$0000000A)
    .ARM.Collect$$rtentry$$0000000B          0x00000152   Section        8  __rtentry2.o(.ARM.Collect$$rtentry$$0000000B)
    .ARM.Collect$$rtentry$$0000000D          0x0000015a   Section        8  __rtentry2.o(.ARM.Collect$$rtentry$$0000000D)
    .ARM.Collect$$rtexit$$00000000           0x00000162   Section        2  rtexit.o(.ARM.Collect$$rtexit$$00000000)
    .ARM.Collect$$rtexit$$00000002           0x00000164   Section        0  rtexit2.o(.ARM.Collect$$rtexit$$00000002)
    .ARM.Collect$$rtexit$$00000003           0x00000164   Section        4  rtexit2.o(.ARM.Collect$$rtexit$$00000003)
    .ARM.Collect$$rtexit$$00000004           0x00000168   Section        6  rtexit2.o(.ARM.Collect$$rtexit$$00000004)
    .emb_text                                0x00000170   Section       28  rtx_conf_cm.o(.emb_text)
    .emb_text                                0x0000018c   Section      304  hal_cm3.o(.emb_text)
    .text                                    0x000002bc   Section       60  startup_lpc17xx.o(.text)
    .text                                    0x000002f8   Section        2  use_no_semi.o(.text)
    .text                                    0x000002fa   Section        0  indicate_semi.o(.text)
    i.os_tick_irqack                         0x000002fa   Section        0  rt_system.o(i.os_tick_irqack)
    .ARM.__at_0x02FC                         0x000002fc   Section        4  startup_lpc17xx.o(.ARM.__at_0x02FC)
    .text                                    0x00000300   Section        8  libspace.o(.text)
    .text                                    0x00000308   Section      238  lludivv7m.o(.text)
    .text                                    0x000003f6   Section        0  exit.o(.text)
    .text                                    0x00000404   Section      128  strcmpv7m.o(.text)
    .text                                    0x00000484   Section        0  heapauxi.o(.text)
    .text                                    0x0000048c   Section        0  sys_exit.o(.text)
    .text                                    0x00000498   Section       74  sys_stackheap_outer.o(.text)
    SVC_TABLE                                0x000004e4   Section        4  svc_table.o(SVC_TABLE)
    i.Clear_Channel_active_flag              0x000004e8   Section        0  gpdma_lpc17xx.o(i.Clear_Channel_active_flag)
    Clear_Channel_active_flag                0x000004e9   Thumb Code    28  gpdma_lpc17xx.o(i.Clear_Channel_active_flag)
    i.DMA_IRQHandler                         0x00000508   Section        0  gpdma_lpc17xx.o(i.DMA_IRQHandler)
    i.GPDMA_ChannelConfigure                 0x00000574   Section        0  gpdma_lpc17xx.o(i.GPDMA_ChannelConfigure)
    i.GPDMA_ChannelDisable                   0x0000060c   Section        0  gpdma_lpc17xx.o(i.GPDMA_ChannelDisable)
    i.GPDMA_ChannelGetCount                  0x0000063c   Section        0  gpdma_lpc17xx.o(i.GPDMA_ChannelGetCount)
    i.GPDMA_Initialize                       0x00000664   Section        0  gpdma_lpc17xx.o(i.GPDMA_Initialize)
    i.GPDMA_PeripheralSelect                 0x000006e0   Section        0  gpdma_lpc17xx.o(i.GPDMA_PeripheralSelect)
    i.GPDMA_Uninitialize                     0x00000724   Section        0  gpdma_lpc17xx.o(i.GPDMA_Uninitialize)
    i.GetUsartClockFreq                      0x0000077c   Section        0  uart_lpc17xx.o(i.GetUsartClockFreq)
    GetUsartClockFreq                        0x0000077d   Thumb Code    62  uart_lpc17xx.o(i.GetUsartClockFreq)
    i.NVIC_ClearPendingIRQ                   0x000007c0   Section        0  uart_lpc17xx.o(i.NVIC_ClearPendingIRQ)
    NVIC_ClearPendingIRQ                     0x000007c1   Thumb Code    18  uart_lpc17xx.o(i.NVIC_ClearPendingIRQ)
    i.NVIC_ClearPendingIRQ                   0x000007d8   Section        0  gpdma_lpc17xx.o(i.NVIC_ClearPendingIRQ)
    NVIC_ClearPendingIRQ                     0x000007d9   Thumb Code    18  gpdma_lpc17xx.o(i.NVIC_ClearPendingIRQ)
    i.PIN_Configure                          0x000007f0   Section        0  pin_lpc17xx.o(i.PIN_Configure)
    i.Set_Channel_active_flag                0x000008ec   Section        0  gpdma_lpc17xx.o(i.Set_Channel_active_flag)
    Set_Channel_active_flag                  0x000008ed   Thumb Code    50  gpdma_lpc17xx.o(i.Set_Channel_active_flag)
    i.SystemCoreClockUpdate                  0x00000924   Section        0  system_lpc17xx.o(i.SystemCoreClockUpdate)
    i.SystemInit                             0x00000acc   Section        0  system_lpc17xx.o(i.SystemInit)
    i.UART0_IRQHandler                       0x00000c0c   Section        0  uart_lpc17xx.o(i.UART0_IRQHandler)
    i.UART1_IRQHandler                       0x00000c1c   Section        0  uart_lpc17xx.o(i.UART1_IRQHandler)
    i.USART0_Control                         0x00000c2c   Section        0  uart_lpc17xx.o(i.USART0_Control)
    USART0_Control                           0x00000c2d   Thumb Code    18  uart_lpc17xx.o(i.USART0_Control)
    i.USART0_GPDMA_Rx_Event                  0x00000c44   Section        0  uart_lpc17xx.o(i.USART0_GPDMA_Rx_Event)
    i.USART0_GPDMA_Tx_Event                  0x00000c58   Section        0  uart_lpc17xx.o(i.USART0_GPDMA_Tx_Event)
    i.USART0_GetCapabilities                 0x00000c6c   Section        0  uart_lpc17xx.o(i.USART0_GetCapabilities)
    USART0_GetCapabilities                   0x00000c6d   Thumb Code    12  uart_lpc17xx.o(i.USART0_GetCapabilities)
    i.USART0_GetModemStatus                  0x00000c7c   Section        0  uart_lpc17xx.o(i.USART0_GetModemStatus)
    USART0_GetModemStatus                    0x00000c7d   Thumb Code    12  uart_lpc17xx.o(i.USART0_GetModemStatus)
    i.USART0_GetRxCount                      0x00000c8c   Section        0  uart_lpc17xx.o(i.USART0_GetRxCount)
    USART0_GetRxCount                        0x00000c8d   Thumb Code    10  uart_lpc17xx.o(i.USART0_GetRxCount)
    i.USART0_GetStatus                       0x00000c9c   Section        0  uart_lpc17xx.o(i.USART0_GetStatus)
    USART0_GetStatus                         0x00000c9d   Thumb Code    12  uart_lpc17xx.o(i.USART0_GetStatus)
    i.USART0_GetTxCount                      0x00000cac   Section        0  uart_lpc17xx.o(i.USART0_GetTxCount)
    USART0_GetTxCount                        0x00000cad   Thumb Code    10  uart_lpc17xx.o(i.USART0_GetTxCount)
    i.USART0_Initialize                      0x00000cbc   Section        0  uart_lpc17xx.o(i.USART0_Initialize)
    USART0_Initialize                        0x00000cbd   Thumb Code    14  uart_lpc17xx.o(i.USART0_Initialize)
    i.USART0_PowerControl                    0x00000cd0   Section        0  uart_lpc17xx.o(i.USART0_PowerControl)
    USART0_PowerControl                      0x00000cd1   Thumb Code    14  uart_lpc17xx.o(i.USART0_PowerControl)
    i.USART0_Receive                         0x00000ce4   Section        0  uart_lpc17xx.o(i.USART0_Receive)
    USART0_Receive                           0x00000ce5   Thumb Code    18  uart_lpc17xx.o(i.USART0_Receive)
    i.USART0_Send                            0x00000cfc   Section        0  uart_lpc17xx.o(i.USART0_Send)
    USART0_Send                              0x00000cfd   Thumb Code    18  uart_lpc17xx.o(i.USART0_Send)
    i.USART0_SetModemControl                 0x00000d14   Section        0  uart_lpc17xx.o(i.USART0_SetModemControl)
    USART0_SetModemControl                   0x00000d15   Thumb Code    14  uart_lpc17xx.o(i.USART0_SetModemControl)
    i.USART0_Transfer                        0x00000d28   Section        0  uart_lpc17xx.o(i.USART0_Transfer)
    USART0_Transfer                          0x00000d29   Thumb Code    22  uart_lpc17xx.o(i.USART0_Transfer)
    i.USART0_Uninitialize                    0x00000d44   Section        0  uart_lpc17xx.o(i.USART0_Uninitialize)
    USART0_Uninitialize                      0x00000d45   Thumb Code    10  uart_lpc17xx.o(i.USART0_Uninitialize)
    i.USART1_Control                         0x00000d54   Section        0  uart_lpc17xx.o(i.USART1_Control)
    USART1_Control                           0x00000d55   Thumb Code    18  uart_lpc17xx.o(i.USART1_Control)
    i.USART1_GPDMA_Rx_Event                  0x00000d6c   Section        0  uart_lpc17xx.o(i.USART1_GPDMA_Rx_Event)
    i.USART1_GPDMA_Tx_Event                  0x00000d80   Section        0  uart_lpc17xx.o(i.USART1_GPDMA_Tx_Event)
    i.USART1_GetCapabilities                 0x00000d94   Section        0  uart_lpc17xx.o(i.USART1_GetCapabilities)
    USART1_GetCapabilities                   0x00000d95   Thumb Code    12  uart_lpc17xx.o(i.USART1_GetCapabilities)
    i.USART1_GetModemStatus                  0x00000da4   Section        0  uart_lpc17xx.o(i.USART1_GetModemStatus)
    USART1_GetModemStatus                    0x00000da5   Thumb Code    12  uart_lpc17xx.o(i.USART1_GetModemStatus)
    i.USART1_GetRxCount                      0x00000db4   Section        0  uart_lpc17xx.o(i.USART1_GetRxCount)
    USART1_GetRxCount                        0x00000db5   Thumb Code    10  uart_lpc17xx.o(i.USART1_GetRxCount)
    i.USART1_GetStatus                       0x00000dc4   Section        0  uart_lpc17xx.o(i.USART1_GetStatus)
    USART1_GetStatus                         0x00000dc5   Thumb Code    12  uart_lpc17xx.o(i.USART1_GetStatus)
    i.USART1_GetTxCount                      0x00000dd4   Section        0  uart_lpc17xx.o(i.USART1_GetTxCount)
    USART1_GetTxCount                        0x00000dd5   Thumb Code    10  uart_lpc17xx.o(i.USART1_GetTxCount)
    i.USART1_Initialize                      0x00000de4   Section        0  uart_lpc17xx.o(i.USART1_Initialize)
    USART1_Initialize                        0x00000de5   Thumb Code    14  uart_lpc17xx.o(i.USART1_Initialize)
    i.USART1_PowerControl                    0x00000df8   Section        0  uart_lpc17xx.o(i.USART1_PowerControl)
    USART1_PowerControl                      0x00000df9   Thumb Code    14  uart_lpc17xx.o(i.USART1_PowerControl)
    i.USART1_Receive                         0x00000e0c   Section        0  uart_lpc17xx.o(i.USART1_Receive)
    USART1_Receive                           0x00000e0d   Thumb Code    18  uart_lpc17xx.o(i.USART1_Receive)
    i.USART1_Send                            0x00000e24   Section        0  uart_lpc17xx.o(i.USART1_Send)
    USART1_Send                              0x00000e25   Thumb Code    18  uart_lpc17xx.o(i.USART1_Send)
    i.USART1_SetModemControl                 0x00000e3c   Section        0  uart_lpc17xx.o(i.USART1_SetModemControl)
    USART1_SetModemControl                   0x00000e3d   Thumb Code    14  uart_lpc17xx.o(i.USART1_SetModemControl)
    i.USART1_Transfer                        0x00000e50   Section        0  uart_lpc17xx.o(i.USART1_Transfer)
    USART1_Transfer                          0x00000e51   Thumb Code    22  uart_lpc17xx.o(i.USART1_Transfer)
    i.USART1_Uninitialize                    0x00000e6c   Section        0  uart_lpc17xx.o(i.USART1_Uninitialize)
    USART1_Uninitialize                      0x00000e6d   Thumb Code    10  uart_lpc17xx.o(i.USART1_Uninitialize)
    i.USART_Control                          0x00000e7c   Section        0  uart_lpc17xx.o(i.USART_Control)
    USART_Control                            0x00000e7d   Thumb Code  1638  uart_lpc17xx.o(i.USART_Control)
    i.USART_GPDMA_Rx_Event                   0x000014e8   Section        0  uart_lpc17xx.o(i.USART_GPDMA_Rx_Event)
    USART_GPDMA_Rx_Event                     0x000014e9   Thumb Code   134  uart_lpc17xx.o(i.USART_GPDMA_Rx_Event)
    i.USART_GPDMA_Tx_Event                   0x0000156e   Section        0  uart_lpc17xx.o(i.USART_GPDMA_Tx_Event)
    USART_GPDMA_Tx_Event                     0x0000156f   Thumb Code    74  uart_lpc17xx.o(i.USART_GPDMA_Tx_Event)
    i.USART_GetCapabilities                  0x000015b8   Section        0  uart_lpc17xx.o(i.USART_GetCapabilities)
    USART_GetCapabilities                    0x000015b9   Thumb Code     6  uart_lpc17xx.o(i.USART_GetCapabilities)
    i.USART_GetModemStatus                   0x000015be   Section        0  uart_lpc17xx.o(i.USART_GetModemStatus)
    USART_GetModemStatus                     0x000015bf   Thumb Code   178  uart_lpc17xx.o(i.USART_GetModemStatus)
    i.USART_GetRxCount                       0x00001670   Section        0  uart_lpc17xx.o(i.USART_GetRxCount)
    USART_GetRxCount                         0x00001671   Thumb Code    28  uart_lpc17xx.o(i.USART_GetRxCount)
    i.USART_GetStatus                        0x0000168c   Section        0  uart_lpc17xx.o(i.USART_GetStatus)
    USART_GetStatus                          0x0000168d   Thumb Code    94  uart_lpc17xx.o(i.USART_GetStatus)
    i.USART_GetTxCount                       0x000016ea   Section        0  uart_lpc17xx.o(i.USART_GetTxCount)
    USART_GetTxCount                         0x000016eb   Thumb Code    28  uart_lpc17xx.o(i.USART_GetTxCount)
    i.USART_IRQHandler                       0x00001706   Section        0  uart_lpc17xx.o(i.USART_IRQHandler)
    USART_IRQHandler                         0x00001707   Thumb Code   620  uart_lpc17xx.o(i.USART_IRQHandler)
    i.USART_Initialize                       0x00001972   Section        0  uart_lpc17xx.o(i.USART_Initialize)
    USART_Initialize                         0x00001973   Thumb Code   254  uart_lpc17xx.o(i.USART_Initialize)
    i.USART_PowerControl                     0x00001a70   Section        0  uart_lpc17xx.o(i.USART_PowerControl)
    USART_PowerControl                       0x00001a71   Thumb Code   538  uart_lpc17xx.o(i.USART_PowerControl)
    i.USART_Receive                          0x00001c90   Section        0  uart_lpc17xx.o(i.USART_Receive)
    USART_Receive                            0x00001c91   Thumb Code   276  uart_lpc17xx.o(i.USART_Receive)
    i.USART_RxLineIntHandler                 0x00001da4   Section        0  uart_lpc17xx.o(i.USART_RxLineIntHandler)
    USART_RxLineIntHandler                   0x00001da5   Thumb Code   104  uart_lpc17xx.o(i.USART_RxLineIntHandler)
    i.USART_Send                             0x00001e0c   Section        0  uart_lpc17xx.o(i.USART_Send)
    USART_Send                               0x00001e0d   Thumb Code   302  uart_lpc17xx.o(i.USART_Send)
    i.USART_SetBaudrate                      0x00001f3c   Section        0  uart_lpc17xx.o(i.USART_SetBaudrate)
    i.USART_SetModemControl                  0x00002070   Section        0  uart_lpc17xx.o(i.USART_SetModemControl)
    USART_SetModemControl                    0x00002071   Thumb Code   160  uart_lpc17xx.o(i.USART_SetModemControl)
    i.USART_Transfer                         0x00002110   Section        0  uart_lpc17xx.o(i.USART_Transfer)
    USART_Transfer                           0x00002111   Thumb Code   122  uart_lpc17xx.o(i.USART_Transfer)
    i.USART_Uninitialize                     0x0000218a   Section        0  uart_lpc17xx.o(i.USART_Uninitialize)
    USART_Uninitialize                       0x0000218b   Thumb Code   218  uart_lpc17xx.o(i.USART_Uninitialize)
    i.USARTx_GetVersion                      0x00002264   Section        0  uart_lpc17xx.o(i.USARTx_GetVersion)
    USARTx_GetVersion                        0x00002265   Thumb Code    10  uart_lpc17xx.o(i.USARTx_GetVersion)
    i._Z10readThreadPKv                      0x00002274   Section        0  main.o(i._Z10readThreadPKv)
    i._Z11writeThreadPKv                     0x000022ec   Section        0  main.o(i._Z11writeThreadPKv)
    i._Z13ledInitializev                     0x000023d8   Section        0  main.o(i._Z13ledInitializev)
    i._Z14NVIC_EnableIRQ4IRQn                0x000023fc   Section        0  main.o(i._Z14NVIC_EnableIRQ4IRQn)
    NVIC_EnableIRQ(IRQn)                     0x000023fd   Thumb Code    22  main.o(i._Z14NVIC_EnableIRQ4IRQn)
    i._Z14USART_callbackj                    0x00002414   Section        0  main.o(i._Z14USART_callbackj)
    i._Z14ringBufferInitv                    0x0000245c   Section        0  main.o(i._Z14ringBufferInitv)
    i._Z14ringBufferReadPc                   0x00002470   Section        0  main.o(i._Z14ringBufferReadPc)
    i._Z15heartBeatThreadPKv                 0x000024b0   Section        0  main.o(i._Z15heartBeatThreadPKv)
    i._Z15ringBufferWritec                   0x000024e0   Section        0  main.o(i._Z15ringBufferWritec)
    i._Z15uart0Initializev                   0x0000252c   Section        0  main.o(i._Z15uart0Initializev)
    i._Z16initializeThreadPKv                0x00002578   Section        0  main.o(i._Z16initializeThreadPKv)
    i._Z8itmPrintPc                          0x0000258a   Section        0  itm_arm.o(i._Z8itmPrintPc)
    i._init_box                              0x000025aa   Section        0  rt_membox.o(i._init_box)
    i._mutex_acquire                         0x000025f0   Section        0  rtx_conf_cm.o(i._mutex_acquire)
    __tagsym$$used                           0x000025f1   Number         0  rtx_conf_cm.o(i._mutex_acquire)
    i._mutex_release                         0x00002610   Section        0  rtx_conf_cm.o(i._mutex_release)
    __tagsym$$used                           0x00002611   Number         0  rtx_conf_cm.o(i._mutex_release)
    i.dbg_init                               0x0000262c   Section        0  hal_cm.o(i.dbg_init)
    i.dbg_task_notify                        0x0000265c   Section        0  hal_cm.o(i.dbg_task_notify)
    i.dbg_task_switch                        0x0000267c   Section        0  hal_cm.o(i.dbg_task_switch)
    i.isrMessageGet                          0x0000268c   Section        0  rt_cmsis.o(i.isrMessageGet)
    i.isrMessagePut                          0x000026b6   Section        0  rt_cmsis.o(i.isrMessagePut)
    i.isr_mbx_receive                        0x000026e4   Section        0  rt_mailbox.o(i.isr_mbx_receive)
    i.isr_mbx_send                           0x00002736   Section        0  rt_mailbox.o(i.isr_mbx_send)
    i.main                                   0x00002744   Section        0  main.o(i.main)
    i.osDelay                                0x000027dc   Section        0  rt_cmsis.o(i.osDelay)
    i.osKernelInitialize                     0x000027f4   Section        0  rt_cmsis.o(i.osKernelInitialize)
    i.osKernelStart                          0x00002818   Section        0  rt_cmsis.o(i.osKernelStart)
    i.osMessageGet                           0x00002884   Section        0  rt_cmsis.o(i.osMessageGet)
    i.osThreadCreate                         0x0000289c   Section        0  rt_cmsis.o(i.osThreadCreate)
    i.osThreadExit                           0x000028cc   Section        0  rt_cmsis.o(i.osThreadExit)
    i.osTimerCall                            0x000028e4   Section        0  rt_cmsis.o(i.osTimerCall)
    i.osTimerThread                          0x000028f0   Section        0  rt_cmsis.o(i.osTimerThread)
    i.os_error                               0x0000291c   Section        0  rtx_conf_cm.o(i.os_error)
    i.os_idle_demon                          0x0000293c   Section        0  rtx_conf_cm.o(i.os_idle_demon)
    i.os_tick_init                           0x00002944   Section        0  rt_system.o(i.os_tick_init)
    i.rt_alloc_box                           0x0000296c   Section        0  rt_membox.o(i.rt_alloc_box)
    i.rt_alloc_mem                           0x00002986   Section        0  rt_memory.o(i.rt_alloc_mem)
    i.rt_block                               0x000029c4   Section        0  rt_task.o(i.rt_block)
    i.rt_chk_robin                           0x000029fc   Section        0  rt_robin.o(i.rt_chk_robin)
    i.rt_dec_dly                             0x00002a44   Section        0  rt_list.o(i.rt_dec_dly)
    i.rt_dispatch                            0x00002ab4   Section        0  rt_task.o(i.rt_dispatch)
    i.rt_dly_wait                            0x00002af8   Section        0  rt_time.o(i.rt_dly_wait)
    i.rt_evt_psh                             0x00002b00   Section        0  rt_event.o(i.rt_evt_psh)
    i.rt_free_box                            0x00002b50   Section        0  rt_membox.o(i.rt_free_box)
    i.rt_free_mem                            0x00002b7c   Section        0  rt_memory.o(i.rt_free_mem)
    i.rt_get_first                           0x00002ba4   Section        0  rt_list.o(i.rt_get_first)
    i.rt_id2obj                              0x00002bcc   Section        0  rt_cmsis.o(i.rt_id2obj)
    rt_id2obj                                0x00002bcd   Thumb Code     8  rt_cmsis.o(i.rt_id2obj)
    i.rt_init_context                        0x00002bd4   Section        0  rt_task.o(i.rt_init_context)
    rt_init_context                          0x00002bd5   Thumb Code    66  rt_task.o(i.rt_init_context)
    i.rt_init_mem                            0x00002c1c   Section        0  rt_memory.o(i.rt_init_mem)
    i.rt_init_robin                          0x00002c38   Section        0  rt_robin.o(i.rt_init_robin)
    i.rt_init_stack                          0x00002c50   Section        0  hal_cm.o(i.rt_init_stack)
    i.rt_mbx_check                           0x00002cd0   Section        0  rt_mailbox.o(i.rt_mbx_check)
    i.rt_mbx_init                            0x00002cd8   Section        0  rt_mailbox.o(i.rt_mbx_init)
    i.rt_mbx_psh                             0x00002cf4   Section        0  rt_mailbox.o(i.rt_mbx_psh)
    i.rt_mbx_wait                            0x00002de4   Section        0  rt_mailbox.o(i.rt_mbx_wait)
    i.rt_ms2tick                             0x00002e98   Section        0  rt_cmsis.o(i.rt_ms2tick)
    rt_ms2tick                               0x00002e99   Thumb Code    58  rt_cmsis.o(i.rt_ms2tick)
    i.rt_mut_release                         0x00002edc   Section        0  rt_mutex.o(i.rt_mut_release)
    i.rt_mut_wait                            0x00002fb4   Section        0  rt_mutex.o(i.rt_mut_wait)
    i.rt_pop_req                             0x0000301c   Section        0  rt_system.o(i.rt_pop_req)
    i.rt_psh_req                             0x00003098   Section        0  rt_system.o(i.rt_psh_req)
    i.rt_psq_enq                             0x000030b8   Section        0  rt_list.o(i.rt_psq_enq)
    i.rt_put_dly                             0x00003114   Section        0  rt_list.o(i.rt_put_dly)
    i.rt_put_prio                            0x0000315c   Section        0  rt_list.o(i.rt_put_prio)
    i.rt_put_rdy_first                       0x00003194   Section        0  rt_list.o(i.rt_put_rdy_first)
    i.rt_resort_prio                         0x000031a8   Section        0  rt_list.o(i.rt_resort_prio)
    i.rt_ret_val                             0x000031dc   Section        0  hal_cm.o(i.rt_ret_val)
    i.rt_ret_val2                            0x000031e2   Section        0  hal_cm.o(i.rt_ret_val2)
    i.rt_rmv_dly                             0x000031ea   Section        0  rt_list.o(i.rt_rmv_dly)
    i.rt_rmv_list                            0x00003214   Section        0  rt_list.o(i.rt_rmv_list)
    i.rt_sem_psh                             0x00003244   Section        0  rt_semaphore.o(i.rt_sem_psh)
    i.rt_stk_check                           0x00003278   Section        0  rt_system.o(i.rt_stk_check)
    i.rt_switch_req                          0x0000329c   Section        0  rt_task.o(i.rt_switch_req)
    i.rt_sys_init                            0x000032c4   Section        0  rt_task.o(i.rt_sys_init)
    i.rt_sys_start                           0x00003390   Section        0  rt_task.o(i.rt_sys_start)
    i.rt_systick                             0x00003408   Section        0  rt_system.o(i.rt_systick)
    i.rt_tid2ptcb                            0x00003448   Section        0  rt_cmsis.o(i.rt_tid2ptcb)
    rt_tid2ptcb                              0x00003449   Thumb Code    18  rt_cmsis.o(i.rt_tid2ptcb)
    i.rt_timer_insert                        0x0000345c   Section        0  rt_cmsis.o(i.rt_timer_insert)
    rt_timer_insert                          0x0000345d   Thumb Code    48  rt_cmsis.o(i.rt_timer_insert)
    i.rt_tsk_create                          0x00003490   Section        0  rt_task.o(i.rt_tsk_create)
    i.rt_tsk_delete                          0x00003518   Section        0  rt_task.o(i.rt_tsk_delete)
    i.rt_tsk_prio                            0x00003694   Section        0  rt_task.o(i.rt_tsk_prio)
    i.rt_tsk_self                            0x00003710   Section        0  rt_task.o(i.rt_tsk_self)
    i.svcDelay                               0x00003720   Section        0  rt_cmsis.o(i.svcDelay)
    i.svcKernelInitialize                    0x00003734   Section        0  rt_cmsis.o(i.svcKernelInitialize)
    i.svcKernelStart                         0x000037a4   Section        0  rt_cmsis.o(i.svcKernelStart)
    i.svcMessageCreate                       0x000037ec   Section        0  rt_cmsis.o(i.svcMessageCreate)
    i.svcMessageGet                          0x00003810   Section        0  rt_cmsis.o(i.svcMessageGet)
    i.svcThreadCreate                        0x0000384c   Section        0  rt_cmsis.o(i.svcThreadCreate)
    i.svcThreadGetId                         0x000038bc   Section        0  rt_cmsis.o(i.svcThreadGetId)
    i.svcThreadTerminate                     0x000038d8   Section        0  rt_cmsis.o(i.svcThreadTerminate)
    i.svcTimerCall                           0x00003910   Section        0  rt_cmsis.o(i.svcTimerCall)
    i.sysTimerTick                           0x00003928   Section        0  rt_cmsis.o(i.sysTimerTick)
    .constdata                               0x00003984   Section       64  main.o(.constdata)
    os_thread_def_writeThread                0x00003984   Data          16  main.o(.constdata)
    os_thread_def_initializeThread           0x00003994   Data          16  main.o(.constdata)
    os_thread_def_heartBeatThread            0x000039a4   Data          16  main.o(.constdata)
    os_thread_def_readThread                 0x000039b4   Data          16  main.o(.constdata)
    .constdata                               0x000039c4   Section       86  rtx_conf_cm.o(.constdata)
    __tagsym$$used                           0x000039e0   Number         0  rtx_conf_cm.o(.constdata)
    __tagsym$$used                           0x000039e4   Number         0  rtx_conf_cm.o(.constdata)
    __tagsym$$used                           0x000039e8   Number         0  rtx_conf_cm.o(.constdata)
    __tagsym$$used                           0x000039ec   Number         0  rtx_conf_cm.o(.constdata)
    .constdata                               0x00003a1c   Section      636  uart_lpc17xx.o(.constdata)
    usart_driver_version                     0x00003a1c   Data           4  uart_lpc17xx.o(.constdata)
    fract_div_lookup_table                   0x00003a20   Data         288  uart_lpc17xx.o(.constdata)
    UART0_DMA_Tx                             0x00003b40   Data           8  uart_lpc17xx.o(.constdata)
    UART0_DMA_Rx                             0x00003b48   Data           8  uart_lpc17xx.o(.constdata)
    USART0_Resources                         0x00003b50   Data         100  uart_lpc17xx.o(.constdata)
    USART1_DMA_Tx                            0x00003bb4   Data           8  uart_lpc17xx.o(.constdata)
    USART1_DMA_Rx                            0x00003bbc   Data           8  uart_lpc17xx.o(.constdata)
    USART1_Resources                         0x00003bc4   Data         100  uart_lpc17xx.o(.constdata)
    .data                                    0x10000000   Section       56  main.o(.data)
    .data                                    0x10000038   Section       36  rtx_conf_cm.o(.data)
    nr_mutex                                 0x10000048   Data           4  rtx_conf_cm.o(.data)
    .data                                    0x1000005c   Section        8  uart_lpc17xx.o(.data)
    USART0_pin_tx                            0x1000005c   Data           2  uart_lpc17xx.o(.data)
    USART0_pin_rx                            0x1000005e   Data           2  uart_lpc17xx.o(.data)
    USART1_pin_tx                            0x10000060   Data           2  uart_lpc17xx.o(.data)
    USART1_pin_rx                            0x10000062   Data           2  uart_lpc17xx.o(.data)
    .data                                    0x10000064   Section        8  gpdma_lpc17xx.o(.data)
    Channel_active                           0x10000064   Data           4  gpdma_lpc17xx.o(.data)
    Init_cnt                                 0x10000068   Data           4  gpdma_lpc17xx.o(.data)
    .data                                    0x1000006c   Section        4  system_lpc17xx.o(.data)
    .data                                    0x10000070   Section        8  rt_cmsis.o(.data)
    .data                                    0x10000078   Section        8  rt_task.o(.data)
    .data                                    0x10000080   Section        8  rt_system.o(.data)
    os_lock                                  0x10000080   Data           1  rt_system.o(.data)
    os_psh_flag                              0x10000081   Data           1  rt_system.o(.data)
    pend_flags                               0x10000082   Data           1  rt_system.o(.data)
    .data                                    0x10000088   Section        4  rt_time.o(.data)
    .data                                    0x1000008c   Section        8  rt_robin.o(.data)
    .data                                    0x10000094   Section        1  hal_cm.o(.data)
    .bss                                     0x10000098   Section      254  main.o(.bss)
    .bss                                     0x10000198   Section     3016  rtx_conf_cm.o(.bss)
    std_libspace                             0x10000a40   Data         672  rtx_conf_cm.o(.bss)
    std_libmutex                             0x10000ce0   Data         128  rtx_conf_cm.o(.bss)
    .bss                                     0x10000d60   Section       96  uart_lpc17xx.o(.bss)
    USART0_Info                              0x10000d60   Data          48  uart_lpc17xx.o(.bss)
    USART1_Info                              0x10000d90   Data          48  uart_lpc17xx.o(.bss)
    .bss                                     0x10000dc0   Section       64  gpdma_lpc17xx.o(.bss)
    GPDMA_cb_event                           0x10000dc0   Data          32  gpdma_lpc17xx.o(.bss)
    Channel_transfer_sz                      0x10000de0   Data          32  gpdma_lpc17xx.o(.bss)
    .bss                                     0x10000e00   Section       52  rt_task.o(.bss)
    .bss                                     0x10000e34   Section       48  rt_list.o(.bss)
    .bss                                     0x10000e64   Section       96  libspace.o(.bss)
    HEAP                                     0x10000ec8   Section        0  startup_lpc17xx.o(HEAP)
    STACK                                    0x10000ec8   Section      512  startup_lpc17xx.o(STACK)
    Heap_Mem                                 0x10000ec8   Data           0  startup_lpc17xx.o(HEAP)
    Stack_Mem                                0x10000ec8   Data         512  startup_lpc17xx.o(STACK)
    __initial_sp                             0x100010c8   Data           0  startup_lpc17xx.o(STACK)

    Global Symbols

    Symbol Name                              Value     Ov Type        Size  Object(Section)

    BuildAttributes$$THM_ISAv4$P$D$K$B$S$PE$A:L22UL41UL21$X:L11$S22US41US21$IEEE1$IW$USESV6$~STKCKD$USESV7$~SHL$OSPACE$ROPI$EBA8$UX$STANDARDLIB$REQ8$PRES8$EABIv2 0x00000000   Number         0  anon$$obj.o ABSOLUTE
    __ARM_use_no_argv                        0x00000000   Number         0  main.o ABSOLUTE
    __Vectors                                0x00000000   Data           4  startup_lpc17xx.o(RESET)
    __ARM_exceptions_init                     - Undefined Weak Reference
    __alloca_initialize                       - Undefined Weak Reference
    __arm_preinit_                            - Undefined Weak Reference
    __cpp_initialize__aeabi_                  - Undefined Weak Reference
    __cxa_finalize                            - Undefined Weak Reference
    __rt_locale                               - Undefined Weak Reference
    __sigvec_lookup                           - Undefined Weak Reference
    _atexit_init                              - Undefined Weak Reference
    _call_atexit_fns                          - Undefined Weak Reference
    _clock_init                               - Undefined Weak Reference
    _fp_trap_init                             - Undefined Weak Reference
    _fp_trap_shutdown                         - Undefined Weak Reference
    _get_lc_collate                           - Undefined Weak Reference
    _get_lc_ctype                             - Undefined Weak Reference
    _get_lc_monetary                          - Undefined Weak Reference
    _get_lc_numeric                           - Undefined Weak Reference
    _get_lc_time                              - Undefined Weak Reference
    _getenv_init                              - Undefined Weak Reference
    _handle_redirection                       - Undefined Weak Reference
    _init_alloc                               - Undefined Weak Reference
    _init_user_alloc                          - Undefined Weak Reference
    _initio                                   - Undefined Weak Reference
    _printf_post_padding                      - Undefined Weak Reference
    _printf_pre_padding                       - Undefined Weak Reference
    _printf_truncate_signed                   - Undefined Weak Reference
    _printf_truncate_unsigned                 - Undefined Weak Reference
    _rand_init                                - Undefined Weak Reference
    _signal_finish                            - Undefined Weak Reference
    _signal_init                              - Undefined Weak Reference
    _terminate_alloc                          - Undefined Weak Reference
    _terminate_user_alloc                     - Undefined Weak Reference
    _terminateio                              - Undefined Weak Reference
    __main                                   0x000000cd   Thumb Code     8  __main.o(!!!main)
    __scatterload                            0x000000d5   Thumb Code     0  __scatter.o(!!!scatter)
    __scatterload_rt2                        0x000000d5   Thumb Code    44  __scatter.o(!!!scatter)
    __scatterload_rt2_thumb_only             0x000000d5   Thumb Code     0  __scatter.o(!!!scatter)
    __scatterload_null                       0x000000e3   Thumb Code     0  __scatter.o(!!!scatter)
    __scatterload_copy                       0x00000109   Thumb Code    26  __scatter_copy.o(!!handler_copy)
    __scatterload_zeroinit                   0x00000125   Thumb Code    28  __scatter_zi.o(!!handler_zi)
    __rt_lib_init                            0x00000141   Thumb Code     0  libinit.o(.ARM.Collect$$libinit$$00000000)
    __rt_lib_init_alloca_1                   0x00000143   Thumb Code     0  libinit2.o(.ARM.Collect$$libinit$$0000002E)
    __rt_lib_init_argv_1                     0x00000143   Thumb Code     0  libinit2.o(.ARM.Collect$$libinit$$0000002C)
    __rt_lib_init_atexit_1                   0x00000143   Thumb Code     0  libinit2.o(.ARM.Collect$$libinit$$0000001B)
    __rt_lib_init_clock_1                    0x00000143   Thumb Code     0  libinit2.o(.ARM.Collect$$libinit$$00000021)
    __rt_lib_init_cpp_1                      0x00000143   Thumb Code     0  libinit2.o(.ARM.Collect$$libinit$$00000032)
    __rt_lib_init_exceptions_1               0x00000143   Thumb Code     0  libinit2.o(.ARM.Collect$$libinit$$00000030)
    __rt_lib_init_fp_1                       0x00000143   Thumb Code     0  libinit2.o(.ARM.Collect$$libinit$$00000002)
    __rt_lib_init_fp_trap_1                  0x00000143   Thumb Code     0  libinit2.o(.ARM.Collect$$libinit$$0000001F)
    __rt_lib_init_getenv_1                   0x00000143   Thumb Code     0  libinit2.o(.ARM.Collect$$libinit$$00000023)
    __rt_lib_init_heap_1                     0x00000143   Thumb Code     0  libinit2.o(.ARM.Collect$$libinit$$0000000A)
    __rt_lib_init_lc_collate_1               0x00000143   Thumb Code     0  libinit2.o(.ARM.Collect$$libinit$$00000011)
    __rt_lib_init_lc_ctype_1                 0x00000143   Thumb Code     0  libinit2.o(.ARM.Collect$$libinit$$00000013)
    __rt_lib_init_lc_monetary_1              0x00000143   Thumb Code     0  libinit2.o(.ARM.Collect$$libinit$$00000015)
    __rt_lib_init_lc_numeric_1               0x00000143   Thumb Code     0  libinit2.o(.ARM.Collect$$libinit$$00000017)
    __rt_lib_init_lc_time_1                  0x00000143   Thumb Code     0  libinit2.o(.ARM.Collect$$libinit$$00000019)
    __rt_lib_init_preinit_1                  0x00000143   Thumb Code     0  libinit2.o(.ARM.Collect$$libinit$$00000004)
    __rt_lib_init_rand_1                     0x00000143   Thumb Code     0  libinit2.o(.ARM.Collect$$libinit$$0000000E)
    __rt_lib_init_return                     0x00000143   Thumb Code     0  libinit2.o(.ARM.Collect$$libinit$$00000033)
    __rt_lib_init_signal_1                   0x00000143   Thumb Code     0  libinit2.o(.ARM.Collect$$libinit$$0000001D)
    __rt_lib_init_stdio_1                    0x00000143   Thumb Code     0  libinit2.o(.ARM.Collect$$libinit$$00000025)
    __rt_lib_init_user_alloc_1               0x00000143   Thumb Code     0  libinit2.o(.ARM.Collect$$libinit$$0000000C)
    __rt_lib_shutdown                        0x00000145   Thumb Code     0  libshutdown.o(.ARM.Collect$$libshutdown$$00000000)
    __rt_lib_shutdown_fp_trap_1              0x00000147   Thumb Code     0  libshutdown2.o(.ARM.Collect$$libshutdown$$00000006)
    __rt_lib_shutdown_heap_1                 0x00000147   Thumb Code     0  libshutdown2.o(.ARM.Collect$$libshutdown$$0000000E)
    __rt_lib_shutdown_return                 0x00000147   Thumb Code     0  libshutdown2.o(.ARM.Collect$$libshutdown$$0000000F)
    __rt_lib_shutdown_signal_1               0x00000147   Thumb Code     0  libshutdown2.o(.ARM.Collect$$libshutdown$$00000009)
    __rt_lib_shutdown_stdio_1                0x00000147   Thumb Code     0  libshutdown2.o(.ARM.Collect$$libshutdown$$00000003)
    __rt_lib_shutdown_user_alloc_1           0x00000147   Thumb Code     0  libshutdown2.o(.ARM.Collect$$libshutdown$$0000000B)
    __rt_entry                               0x00000149   Thumb Code     0  __rtentry.o(.ARM.Collect$$rtentry$$00000000)
    __rt_entry_presh_1                       0x00000149   Thumb Code     0  __rtentry2.o(.ARM.Collect$$rtentry$$00000002)
    __rt_entry_sh                            0x00000149   Thumb Code     0  __rtentry4.o(.ARM.Collect$$rtentry$$00000004)
    __rt_entry_li                            0x0000014f   Thumb Code     0  __rtentry2.o(.ARM.Collect$$rtentry$$0000000A)
    __rt_entry_postsh_1                      0x0000014f   Thumb Code     0  __rtentry2.o(.ARM.Collect$$rtentry$$00000009)
    __rt_entry_postli_1                      0x00000153   Thumb Code     0  __rtentry2.o(.ARM.Collect$$rtentry$$0000000B)
    __rt_entry_main                          0x0000015b   Thumb Code     0  __rtentry2.o(.ARM.Collect$$rtentry$$0000000D)
    __rt_exit                                0x00000163   Thumb Code     0  rtexit.o(.ARM.Collect$$rtexit$$00000000)
    __rt_exit_ls                             0x00000165   Thumb Code     0  rtexit2.o(.ARM.Collect$$rtexit$$00000003)
    __rt_exit_prels_1                        0x00000165   Thumb Code     0  rtexit2.o(.ARM.Collect$$rtexit$$00000002)
    __rt_exit_exit                           0x00000169   Thumb Code     0  rtexit2.o(.ARM.Collect$$rtexit$$00000004)
    _platform_post_lib_init                  0x00000171   Thumb Code    24  rtx_conf_cm.o(.emb_text)
    rt_set_PSP                               0x0000018d   Thumb Code     6  hal_cm3.o(.emb_text)
    rt_get_PSP                               0x00000193   Thumb Code     6  hal_cm3.o(.emb_text)
    os_set_env                               0x00000199   Thumb Code    24  hal_cm3.o(.emb_text)
    _alloc_box                               0x000001b5   Thumb Code    28  hal_cm3.o(.emb_text)
    _free_box                                0x000001d5   Thumb Code    28  hal_cm3.o(.emb_text)
    SVC_Handler                              0x000001f5   Thumb Code   108  hal_cm3.o(.emb_text)
    PendSV_Handler                           0x0000026d   Thumb Code    56  hal_cm3.o(.emb_text)
    SysTick_Handler                          0x000002a9   Thumb Code     8  hal_cm3.o(.emb_text)
    OS_Tick_Handler                          0x000002b1   Thumb Code    12  hal_cm3.o(.emb_text)
    Reset_Handler                            0x000002bd   Thumb Code     8  startup_lpc17xx.o(.text)
    NMI_Handler                              0x000002c5   Thumb Code     2  startup_lpc17xx.o(.text)
    HardFault_Handler                        0x000002c7   Thumb Code     2  startup_lpc17xx.o(.text)
    MemManage_Handler                        0x000002c9   Thumb Code     2  startup_lpc17xx.o(.text)
    BusFault_Handler                         0x000002cb   Thumb Code     2  startup_lpc17xx.o(.text)
    UsageFault_Handler                       0x000002cd   Thumb Code     2  startup_lpc17xx.o(.text)
    DebugMon_Handler                         0x000002d1   Thumb Code     2  startup_lpc17xx.o(.text)
    ADC_IRQHandler                           0x000002d7   Thumb Code     0  startup_lpc17xx.o(.text)
    BOD_IRQHandler                           0x000002d7   Thumb Code     0  startup_lpc17xx.o(.text)
    CANActivity_IRQHandler                   0x000002d7   Thumb Code     0  startup_lpc17xx.o(.text)
    CAN_IRQHandler                           0x000002d7   Thumb Code     0  startup_lpc17xx.o(.text)
    EINT0_IRQHandler                         0x000002d7   Thumb Code     0  startup_lpc17xx.o(.text)
    EINT1_IRQHandler                         0x000002d7   Thumb Code     0  startup_lpc17xx.o(.text)
    EINT2_IRQHandler                         0x000002d7   Thumb Code     0  startup_lpc17xx.o(.text)
    EINT3_IRQHandler                         0x000002d7   Thumb Code     0  startup_lpc17xx.o(.text)
    ENET_IRQHandler                          0x000002d7   Thumb Code     0  startup_lpc17xx.o(.text)
    I2C0_IRQHandler                          0x000002d7   Thumb Code     0  startup_lpc17xx.o(.text)
    I2C1_IRQHandler                          0x000002d7   Thumb Code     0  startup_lpc17xx.o(.text)
    I2C2_IRQHandler                          0x000002d7   Thumb Code     0  startup_lpc17xx.o(.text)
    I2S_IRQHandler                           0x000002d7   Thumb Code     0  startup_lpc17xx.o(.text)
    MCPWM_IRQHandler                         0x000002d7   Thumb Code     0  startup_lpc17xx.o(.text)
    PLL0_IRQHandler                          0x000002d7   Thumb Code     0  startup_lpc17xx.o(.text)
    PLL1_IRQHandler                          0x000002d7   Thumb Code     0  startup_lpc17xx.o(.text)
    PWM1_IRQHandler                          0x000002d7   Thumb Code     0  startup_lpc17xx.o(.text)
    QEI_IRQHandler                           0x000002d7   Thumb Code     0  startup_lpc17xx.o(.text)
    RIT_IRQHandler                           0x000002d7   Thumb Code     0  startup_lpc17xx.o(.text)
    RTC_IRQHandler                           0x000002d7   Thumb Code     0  startup_lpc17xx.o(.text)
    SPI_IRQHandler                           0x000002d7   Thumb Code     0  startup_lpc17xx.o(.text)
    SSP0_IRQHandler                          0x000002d7   Thumb Code     0  startup_lpc17xx.o(.text)
    SSP1_IRQHandler                          0x000002d7   Thumb Code     0  startup_lpc17xx.o(.text)
    TIMER0_IRQHandler                        0x000002d7   Thumb Code     0  startup_lpc17xx.o(.text)
    TIMER1_IRQHandler                        0x000002d7   Thumb Code     0  startup_lpc17xx.o(.text)
    TIMER2_IRQHandler                        0x000002d7   Thumb Code     0  startup_lpc17xx.o(.text)
    TIMER3_IRQHandler                        0x000002d7   Thumb Code     0  startup_lpc17xx.o(.text)
    UART2_IRQHandler                         0x000002d7   Thumb Code     0  startup_lpc17xx.o(.text)
    UART3_IRQHandler                         0x000002d7   Thumb Code     0  startup_lpc17xx.o(.text)
    USBActivity_IRQHandler                   0x000002d7   Thumb Code     0  startup_lpc17xx.o(.text)
    USB_IRQHandler                           0x000002d7   Thumb Code     0  startup_lpc17xx.o(.text)
    WDT_IRQHandler                           0x000002d7   Thumb Code     0  startup_lpc17xx.o(.text)
    __user_initial_stackheap                 0x000002d9   Thumb Code     0  startup_lpc17xx.o(.text)
    __I$use$semihosting                      0x000002f9   Thumb Code     0  use_no_semi.o(.text)
    __use_no_semihosting_swi                 0x000002f9   Thumb Code     2  use_no_semi.o(.text)
    __semihosting_library_function           0x000002fb   Thumb Code     0  indicate_semi.o(.text)
    os_tick_irqack                           0x000002fb   Thumb Code     2  rt_system.o(i.os_tick_irqack)
    __user_libspace                          0x00000301   Thumb Code     8  libspace.o(.text)
    __user_perproc_libspace                  0x00000301   Thumb Code     0  libspace.o(.text)
    __aeabi_uldivmod                         0x00000309   Thumb Code     0  lludivv7m.o(.text)
    _ll_udiv                                 0x00000309   Thumb Code   238  lludivv7m.o(.text)
    exit                                     0x000003f7   Thumb Code    12  exit.o(.text)
    strcmp                                   0x00000405   Thumb Code   128  strcmpv7m.o(.text)
    __RL_RTX_VER                             0x00000480   Number         0  rt_system.o ABSOLUTE
    __use_two_region_memory                  0x00000485   Thumb Code     2  heapauxi.o(.text)
    __rt_heap_escrow$2region                 0x00000487   Thumb Code     2  heapauxi.o(.text)
    __rt_heap_expand$2region                 0x00000489   Thumb Code     2  heapauxi.o(.text)
    _sys_exit                                0x0000048d   Thumb Code     8  sys_exit.o(.text)
    __user_setup_stackheap                   0x00000499   Thumb Code    74  sys_stackheap_outer.o(.text)
    SVC_Count                                0x000004e4   Data           4  svc_table.o(SVC_TABLE)
    SVC_Table                                0x000004e8   Data           0  svc_table.o(SVC_TABLE)
    DMA_IRQHandler                           0x00000509   Thumb Code   100  gpdma_lpc17xx.o(i.DMA_IRQHandler)
    GPDMA_ChannelConfigure                   0x00000575   Thumb Code   136  gpdma_lpc17xx.o(i.GPDMA_ChannelConfigure)
    GPDMA_ChannelDisable                     0x0000060d   Thumb Code    44  gpdma_lpc17xx.o(i.GPDMA_ChannelDisable)
    GPDMA_ChannelGetCount                    0x0000063d   Thumb Code    32  gpdma_lpc17xx.o(i.GPDMA_ChannelGetCount)
    GPDMA_Initialize                         0x00000665   Thumb Code   104  gpdma_lpc17xx.o(i.GPDMA_Initialize)
    GPDMA_PeripheralSelect                   0x000006e1   Thumb Code    62  gpdma_lpc17xx.o(i.GPDMA_PeripheralSelect)
    GPDMA_Uninitialize                       0x00000725   Thumb Code    74  gpdma_lpc17xx.o(i.GPDMA_Uninitialize)
    PIN_Configure                            0x000007f1   Thumb Code   246  pin_lpc17xx.o(i.PIN_Configure)
    SystemCoreClockUpdate                    0x00000925   Thumb Code   408  system_lpc17xx.o(i.SystemCoreClockUpdate)
    SystemInit                               0x00000acd   Thumb Code   302  system_lpc17xx.o(i.SystemInit)
    UART0_IRQHandler                         0x00000c0d   Thumb Code    10  uart_lpc17xx.o(i.UART0_IRQHandler)
    UART1_IRQHandler                         0x00000c1d   Thumb Code    10  uart_lpc17xx.o(i.UART1_IRQHandler)
    USART0_GPDMA_Rx_Event                    0x00000c45   Thumb Code    14  uart_lpc17xx.o(i.USART0_GPDMA_Rx_Event)
    USART0_GPDMA_Tx_Event                    0x00000c59   Thumb Code    14  uart_lpc17xx.o(i.USART0_GPDMA_Tx_Event)
    USART1_GPDMA_Rx_Event                    0x00000d6d   Thumb Code    14  uart_lpc17xx.o(i.USART1_GPDMA_Rx_Event)
    USART1_GPDMA_Tx_Event                    0x00000d81   Thumb Code    14  uart_lpc17xx.o(i.USART1_GPDMA_Tx_Event)
    USART_SetBaudrate                        0x00001f3d   Thumb Code   302  uart_lpc17xx.o(i.USART_SetBaudrate)
    readThread(const void*)                  0x00002275   Thumb Code    88  main.o(i._Z10readThreadPKv)
    writeThread(const void*)                 0x000022ed   Thumb Code   114  main.o(i._Z11writeThreadPKv)
    ledInitialize()                          0x000023d9   Thumb Code    26  main.o(i._Z13ledInitializev)
    USART_callback(unsigned)                 0x00002415   Thumb Code    68  main.o(i._Z14USART_callbackj)
    ringBufferInit()                         0x0000245d   Thumb Code    12  main.o(i._Z14ringBufferInitv)
    ringBufferRead(char*)                    0x00002471   Thumb Code    52  main.o(i._Z14ringBufferReadPc)
    heartBeatThread(const void*)             0x000024b1   Thumb Code    36  main.o(i._Z15heartBeatThreadPKv)
    ringBufferWrite(char)                    0x000024e1   Thumb Code    62  main.o(i._Z15ringBufferWritec)
    uart0Initialize()                        0x0000252d   Thumb Code    64  main.o(i._Z15uart0Initializev)
    initializeThread(const void*)            0x00002579   Thumb Code    18  main.o(i._Z16initializeThreadPKv)
    itmPrint(char*)                          0x0000258b   Thumb Code    32  itm_arm.o(i._Z8itmPrintPc)
    _init_box                                0x000025ab   Thumb Code    70  rt_membox.o(i._init_box)
    _mutex_acquire                           0x000025f1   Thumb Code    22  rtx_conf_cm.o(i._mutex_acquire)
    _mutex_release                           0x00002611   Thumb Code    18  rtx_conf_cm.o(i._mutex_release)
    dbg_init                                 0x0000262d   Thumb Code    34  hal_cm.o(i.dbg_init)
    dbg_task_notify                          0x0000265d   Thumb Code    32  hal_cm.o(i.dbg_task_notify)
    dbg_task_switch                          0x0000267d   Thumb Code    16  hal_cm.o(i.dbg_task_switch)
    isrMessageGet                            0x0000268d   Thumb Code    42  rt_cmsis.o(i.isrMessageGet)
    isrMessagePut                            0x000026b7   Thumb Code    44  rt_cmsis.o(i.isrMessagePut)
    isr_mbx_receive                          0x000026e5   Thumb Code    82  rt_mailbox.o(i.isr_mbx_receive)
    isr_mbx_send                             0x00002737   Thumb Code    14  rt_mailbox.o(i.isr_mbx_send)
    main                                     0x00002745   Thumb Code   124  main.o(i.main)
    osDelay                                  0x000027dd   Thumb Code    18  rt_cmsis.o(i.osDelay)
    osKernelInitialize                       0x000027f5   Thumb Code    30  rt_cmsis.o(i.osKernelInitialize)
    osKernelStart                            0x00002819   Thumb Code    98  rt_cmsis.o(i.osKernelStart)
    osMessageGet                             0x00002885   Thumb Code    18  rt_cmsis.o(i.osMessageGet)
    osThreadCreate                           0x0000289d   Thumb Code    38  rt_cmsis.o(i.osThreadCreate)
    osThreadExit                             0x000028cd   Thumb Code    14  rt_cmsis.o(i.osThreadExit)
    osTimerCall                              0x000028e5   Thumb Code     8  rt_cmsis.o(i.osTimerCall)
    osTimerThread                            0x000028f1   Thumb Code    38  rt_cmsis.o(i.osTimerThread)
    os_error                                 0x0000291d   Thumb Code    32  rtx_conf_cm.o(i.os_error)
    os_idle_demon                            0x0000293d   Thumb Code     6  rtx_conf_cm.o(i.os_idle_demon)
    os_tick_init                             0x00002945   Thumb Code    32  rt_system.o(i.os_tick_init)
    rt_alloc_box                             0x0000296d   Thumb Code    26  rt_membox.o(i.rt_alloc_box)
    rt_alloc_mem                             0x00002987   Thumb Code    62  rt_memory.o(i.rt_alloc_mem)
    rt_block                                 0x000029c5   Thumb Code    48  rt_task.o(i.rt_block)
    rt_chk_robin                             0x000029fd   Thumb Code    60  rt_robin.o(i.rt_chk_robin)
    rt_dec_dly                               0x00002a45   Thumb Code   102  rt_list.o(i.rt_dec_dly)
    rt_dispatch                              0x00002ab5   Thumb Code    60  rt_task.o(i.rt_dispatch)
    rt_dly_wait                              0x00002af9   Thumb Code     6  rt_time.o(i.rt_dly_wait)
    rt_evt_psh                               0x00002b01   Thumb Code    76  rt_event.o(i.rt_evt_psh)
    rt_free_box                              0x00002b51   Thumb Code    44  rt_membox.o(i.rt_free_box)
    rt_free_mem                              0x00002b7d   Thumb Code    40  rt_memory.o(i.rt_free_mem)
    rt_get_first                             0x00002ba5   Thumb Code    40  rt_list.o(i.rt_get_first)
    rt_init_mem                              0x00002c1d   Thumb Code    26  rt_memory.o(i.rt_init_mem)
    rt_init_robin                            0x00002c39   Thumb Code    14  rt_robin.o(i.rt_init_robin)
    rt_init_stack                            0x00002c51   Thumb Code   118  hal_cm.o(i.rt_init_stack)
    rt_mbx_check                             0x00002cd1   Thumb Code     8  rt_mailbox.o(i.rt_mbx_check)
    rt_mbx_init                              0x00002cd9   Thumb Code    26  rt_mailbox.o(i.rt_mbx_init)
    rt_mbx_psh                               0x00002cf5   Thumb Code   236  rt_mailbox.o(i.rt_mbx_psh)
    rt_mbx_wait                              0x00002de5   Thumb Code   174  rt_mailbox.o(i.rt_mbx_wait)
    rt_mut_release                           0x00002edd   Thumb Code   208  rt_mutex.o(i.rt_mut_release)
    rt_mut_wait                              0x00002fb5   Thumb Code   100  rt_mutex.o(i.rt_mut_wait)
    rt_pop_req                               0x0000301d   Thumb Code   112  rt_system.o(i.rt_pop_req)
    rt_psh_req                               0x00003099   Thumb Code    22  rt_system.o(i.rt_psh_req)
    rt_psq_enq                               0x000030b9   Thumb Code    88  rt_list.o(i.rt_psq_enq)
    rt_put_dly                               0x00003115   Thumb Code    68  rt_list.o(i.rt_put_dly)
    rt_put_prio                              0x0000315d   Thumb Code    54  rt_list.o(i.rt_put_prio)
    rt_put_rdy_first                         0x00003195   Thumb Code    14  rt_list.o(i.rt_put_rdy_first)
    rt_resort_prio                           0x000031a9   Thumb Code    46  rt_list.o(i.rt_resort_prio)
    rt_ret_val                               0x000031dd   Thumb Code     6  hal_cm.o(i.rt_ret_val)
    rt_ret_val2                              0x000031e3   Thumb Code     8  hal_cm.o(i.rt_ret_val2)
    rt_rmv_dly                               0x000031eb   Thumb Code    40  rt_list.o(i.rt_rmv_dly)
    rt_rmv_list                              0x00003215   Thumb Code    44  rt_list.o(i.rt_rmv_list)
    rt_sem_psh                               0x00003245   Thumb Code    48  rt_semaphore.o(i.rt_sem_psh)
    rt_stk_check                             0x00003279   Thumb Code    28  rt_system.o(i.rt_stk_check)
    rt_switch_req                            0x0000329d   Thumb Code    30  rt_task.o(i.rt_switch_req)
    rt_sys_init                              0x000032c5   Thumb Code   138  rt_task.o(i.rt_sys_init)
    rt_sys_start                             0x00003391   Thumb Code   110  rt_task.o(i.rt_sys_start)
    rt_systick                               0x00003409   Thumb Code    50  rt_system.o(i.rt_systick)
    rt_tsk_create                            0x00003491   Thumb Code   118  rt_task.o(i.rt_tsk_create)
    rt_tsk_delete                            0x00003519   Thumb Code   352  rt_task.o(i.rt_tsk_delete)
    rt_tsk_prio                              0x00003695   Thumb Code   108  rt_task.o(i.rt_tsk_prio)
    rt_tsk_self                              0x00003711   Thumb Code    12  rt_task.o(i.rt_tsk_self)
    svcDelay                                 0x00003721   Thumb Code    18  rt_cmsis.o(i.svcDelay)
    svcKernelInitialize                      0x00003735   Thumb Code    80  rt_cmsis.o(i.svcKernelInitialize)
    svcKernelStart                           0x000037a5   Thumb Code    62  rt_cmsis.o(i.svcKernelStart)
    svcMessageCreate                         0x000037ed   Thumb Code    36  rt_cmsis.o(i.svcMessageCreate)
    svcMessageGet                            0x00003811   Thumb Code    58  rt_cmsis.o(i.svcMessageGet)
    svcThreadCreate                          0x0000384d   Thumb Code   100  rt_cmsis.o(i.svcThreadCreate)
    svcThreadGetId                           0x000038bd   Thumb Code    22  rt_cmsis.o(i.svcThreadGetId)
    svcThreadTerminate                       0x000038d9   Thumb Code    50  rt_cmsis.o(i.svcThreadTerminate)
    svcTimerCall                             0x00003911   Thumb Code    24  rt_cmsis.o(i.svcTimerCall)
    sysTimerTick                             0x00003929   Thumb Code    84  rt_cmsis.o(i.sysTimerTick)
    os_maxtaskrun                            0x000039c4   Data           2  rtx_conf_cm.o(.constdata)
    os_stackinfo                             0x000039c8   Data           4  rtx_conf_cm.o(.constdata)
    os_rrobin                                0x000039cc   Data           4  rtx_conf_cm.o(.constdata)
    os_tickfreq                              0x000039d0   Data           4  rtx_conf_cm.o(.constdata)
    os_tickus_i                              0x000039d4   Data           2  rtx_conf_cm.o(.constdata)
    os_tickus_f                              0x000039d6   Data           2  rtx_conf_cm.o(.constdata)
    os_trv                                   0x000039d8   Data           4  rtx_conf_cm.o(.constdata)
    os_flags                                 0x000039dc   Data           1  rtx_conf_cm.o(.constdata)
    CMSIS_RTOS_API_Version                   0x000039e0   Data           4  rtx_conf_cm.o(.constdata)
    CMSIS_RTOS_RTX_Version                   0x000039e4   Data           4  rtx_conf_cm.o(.constdata)
    os_clockrate                             0x000039e8   Data           4  rtx_conf_cm.o(.constdata)
    os_timernum                              0x000039ec   Data           4  rtx_conf_cm.o(.constdata)
    mp_tcb_size                              0x000039f0   Data           2  rtx_conf_cm.o(.constdata)
    mp_stk_size                              0x000039f4   Data           4  rtx_conf_cm.o(.constdata)
    os_stack_sz                              0x000039f8   Data           4  rtx_conf_cm.o(.constdata)
    os_fifo_size                             0x000039fc   Data           1  rtx_conf_cm.o(.constdata)
    os_thread_def_osTimerThread              0x00003a00   Data          16  rtx_conf_cm.o(.constdata)
    os_messageQ_def_osTimerMessageQ          0x00003a10   Data           8  rtx_conf_cm.o(.constdata)
    mp_tmr_size                              0x00003a18   Data           2  rtx_conf_cm.o(.constdata)
    Driver_USART0                            0x00003c28   Data          56  uart_lpc17xx.o(.constdata)
    Driver_USART1                            0x00003c60   Data          56  uart_lpc17xx.o(.constdata)
    Region$$Table$$Base                      0x00003c98   Number         0  anon$$obj.o(Region$$Table)
    Region$$Table$$Limit                     0x00003cb8   Number         0  anon$$obj.o(Region$$Table)
    Driver_USART1_STATUS                     0x10000000   Data           4  main.o(.data)
    pData                                    0x10000004   Data           1  main.o(.data)
    readout                                  0x10000008   Data           4  main.o(.data)
    wh                                       0x1000000c   Data           4  main.o(.data)
    checkstring                              0x10000010   Data          25  main.o(.data)
    flag                                     0x1000002c   Data           4  main.o(.data)
    head                                     0x10000030   Data           4  main.o(.data)
    tail                                     0x10000034   Data           4  main.o(.data)
    osThreadId_osTimerThread                 0x10000038   Data           4  rtx_conf_cm.o(.data)
    osMessageQId_osTimerMessageQ             0x1000003c   Data           4  rtx_conf_cm.o(.data)
    os_tmr                                   0x10000040   Data           4  rtx_conf_cm.o(.data)
    m_tmr                                    0x10000044   Data           4  rtx_conf_cm.o(.data)
    os_thread_def_main                       0x1000004c   Data          16  rtx_conf_cm.o(.data)
    SystemCoreClock                          0x1000006c   Data           4  system_lpc17xx.o(.data)
    os_initialized                           0x10000070   Data           1  rt_cmsis.o(.data)
    os_running                               0x10000071   Data           1  rt_cmsis.o(.data)
    os_timer_head                            0x10000074   Data           4  rt_cmsis.o(.data)
    os_tsk                                   0x10000078   Data           8  rt_task.o(.data)
    os_tick_irqn                             0x10000084   Data           4  rt_system.o(.data)
    os_time                                  0x10000088   Data           4  rt_time.o(.data)
    os_robin                                 0x1000008c   Data           8  rt_robin.o(.data)
    dbg_msg                                  0x10000094   Data           1  hal_cm.o(.data)
    Driver_USART1_INFO                       0x10000098   Data          28  main.o(.bss)
    temp                                     0x100000b4   Data         100  main.o(.bss)
    ne                                       0x10000118   Data          25  main.o(.bss)
    ringBuffer                               0x10000131   Data         101  main.o(.bss)
    mp_tcb                                   0x10000198   Data         376  rtx_conf_cm.o(.bss)
    mp_stk                                   0x10000310   Data        1216  rtx_conf_cm.o(.bss)
    os_stack_mem                             0x100007d0   Data         432  rtx_conf_cm.o(.bss)
    os_fifo                                  0x10000980   Data         132  rtx_conf_cm.o(.bss)
    os_active_TCB                            0x10000a04   Data          28  rtx_conf_cm.o(.bss)
    os_messageQ_q_osTimerMessageQ            0x10000a20   Data          32  rtx_conf_cm.o(.bss)
    os_idle_TCB                              0x10000e00   Data          52  rt_task.o(.bss)
    os_rdy                                   0x10000e34   Data          24  rt_list.o(.bss)
    os_dly                                   0x10000e4c   Data          24  rt_list.o(.bss)
    __libspace_start                         0x10000e64   Data          96  libspace.o(.bss)
    __temporary_stack_top$libspace           0x10000ec4   Data           0  libspace.o(.bss)



==============================================================================

Memory Map of the image

  Image Entry point : 0x000000cd

  Load Region LR_IROM1 (Base: 0x00000000, Size: 0x00003d50, Max: 0x00080000, ABSOLUTE)

    Execution Region ER_IROM1 (Base: 0x00000000, Size: 0x00003cb8, Max: 0x00080000, ABSOLUTE)

    Base Addr    Size         Type   Attr      Idx    E Section Name        Object

    0x00000000   0x000000cc   Data   RO          833    RESET               startup_lpc17xx.o
    0x000000cc   0x00000008   Code   RO         2131  * !!!main             c_w.l(__main.o)
    0x000000d4   0x00000034   Code   RO         2300    !!!scatter          c_w.l(__scatter.o)
    0x00000108   0x0000001a   Code   RO         2302    !!handler_copy      c_w.l(__scatter_copy.o)
    0x00000122   0x00000002   PAD
    0x00000124   0x0000001c   Code   RO         2304    !!handler_zi        c_w.l(__scatter_zi.o)
    0x00000140   0x00000002   Code   RO         2187    .ARM.Collect$$libinit$$00000000  c_w.l(libinit.o)
    0x00000142   0x00000000   Code   RO         2199    .ARM.Collect$$libinit$$00000002  c_w.l(libinit2.o)
    0x00000142   0x00000000   Code   RO         2201    .ARM.Collect$$libinit$$00000004  c_w.l(libinit2.o)
    0x00000142   0x00000000   Code   RO         2204    .ARM.Collect$$libinit$$0000000A  c_w.l(libinit2.o)
    0x00000142   0x00000000   Code   RO         2206    .ARM.Collect$$libinit$$0000000C  c_w.l(libinit2.o)
    0x00000142   0x00000000   Code   RO         2208    .ARM.Collect$$libinit$$0000000E  c_w.l(libinit2.o)
    0x00000142   0x00000000   Code   RO         2211    .ARM.Collect$$libinit$$00000011  c_w.l(libinit2.o)
    0x00000142   0x00000000   Code   RO         2213    .ARM.Collect$$libinit$$00000013  c_w.l(libinit2.o)
    0x00000142   0x00000000   Code   RO         2215    .ARM.Collect$$libinit$$00000015  c_w.l(libinit2.o)
    0x00000142   0x00000000   Code   RO         2217    .ARM.Collect$$libinit$$00000017  c_w.l(libinit2.o)
    0x00000142   0x00000000   Code   RO         2219    .ARM.Collect$$libinit$$00000019  c_w.l(libinit2.o)
    0x00000142   0x00000000   Code   RO         2221    .ARM.Collect$$libinit$$0000001B  c_w.l(libinit2.o)
    0x00000142   0x00000000   Code   RO         2223    .ARM.Collect$$libinit$$0000001D  c_w.l(libinit2.o)
    0x00000142   0x00000000   Code   RO         2225    .ARM.Collect$$libinit$$0000001F  c_w.l(libinit2.o)
    0x00000142   0x00000000   Code   RO         2227    .ARM.Collect$$libinit$$00000021  c_w.l(libinit2.o)
    0x00000142   0x00000000   Code   RO         2229    .ARM.Collect$$libinit$$00000023  c_w.l(libinit2.o)
    0x00000142   0x00000000   Code   RO         2231    .ARM.Collect$$libinit$$00000025  c_w.l(libinit2.o)
    0x00000142   0x00000000   Code   RO         2235    .ARM.Collect$$libinit$$0000002C  c_w.l(libinit2.o)
    0x00000142   0x00000000   Code   RO         2237    .ARM.Collect$$libinit$$0000002E  c_w.l(libinit2.o)
    0x00000142   0x00000000   Code   RO         2239    .ARM.Collect$$libinit$$00000030  c_w.l(libinit2.o)
    0x00000142   0x00000000   Code   RO         2241    .ARM.Collect$$libinit$$00000032  c_w.l(libinit2.o)
    0x00000142   0x00000002   Code   RO         2242    .ARM.Collect$$libinit$$00000033  c_w.l(libinit2.o)
    0x00000144   0x00000002   Code   RO         2188    .ARM.Collect$$libshutdown$$00000000  c_w.l(libshutdown.o)
    0x00000146   0x00000000   Code   RO         2245    .ARM.Collect$$libshutdown$$00000003  c_w.l(libshutdown2.o)
    0x00000146   0x00000000   Code   RO         2248    .ARM.Collect$$libshutdown$$00000006  c_w.l(libshutdown2.o)
    0x00000146   0x00000000   Code   RO         2251    .ARM.Collect$$libshutdown$$00000009  c_w.l(libshutdown2.o)
    0x00000146   0x00000000   Code   RO         2253    .ARM.Collect$$libshutdown$$0000000B  c_w.l(libshutdown2.o)
    0x00000146   0x00000000   Code   RO         2256    .ARM.Collect$$libshutdown$$0000000E  c_w.l(libshutdown2.o)
    0x00000146   0x00000002   Code   RO         2257    .ARM.Collect$$libshutdown$$0000000F  c_w.l(libshutdown2.o)
    0x00000148   0x00000000   Code   RO         2133    .ARM.Collect$$rtentry$$00000000  c_w.l(__rtentry.o)
    0x00000148   0x00000000   Code   RO         2148    .ARM.Collect$$rtentry$$00000002  c_w.l(__rtentry2.o)
    0x00000148   0x00000006   Code   RO         2160    .ARM.Collect$$rtentry$$00000004  c_w.l(__rtentry4.o)
    0x0000014e   0x00000000   Code   RO         2150    .ARM.Collect$$rtentry$$00000009  c_w.l(__rtentry2.o)
    0x0000014e   0x00000004   Code   RO         2151    .ARM.Collect$$rtentry$$0000000A  c_w.l(__rtentry2.o)
    0x00000152   0x00000008   Code   RO         2152    .ARM.Collect$$rtentry$$0000000B  c_w.l(__rtentry2.o)
    0x0000015a   0x00000008   Code   RO         2154    .ARM.Collect$$rtentry$$0000000D  c_w.l(__rtentry2.o)
    0x00000162   0x00000002   Code   RO         2134    .ARM.Collect$$rtexit$$00000000  c_w.l(rtexit.o)
    0x00000164   0x00000000   Code   RO         2163    .ARM.Collect$$rtexit$$00000002  c_w.l(rtexit2.o)
    0x00000164   0x00000004   Code   RO         2164    .ARM.Collect$$rtexit$$00000003  c_w.l(rtexit2.o)
    0x00000168   0x00000006   Code   RO         2165    .ARM.Collect$$rtexit$$00000004  c_w.l(rtexit2.o)
    0x0000016e   0x00000002   PAD
    0x00000170   0x0000001c   Code   RO          240    .emb_text           rtx_conf_cm.o
    0x0000018c   0x00000130   Code   RO         2075    .emb_text           RTX_CM3.lib(hal_cm3.o)
    0x000002bc   0x0000003c   Code   RO          835    .text               startup_lpc17xx.o
    0x000002f8   0x00000002   Code   RO         2189    .text               c_w.l(use_no_semi.o)
    0x000002fa   0x00000000   Code   RO         2191    .text               c_w.l(indicate_semi.o)
    0x000002fa   0x00000002   Code   RO         1622    i.os_tick_irqack    RTX_CM3.lib(rt_system.o)
    0x000002fc   0x00000004   Code   RO          834    .ARM.__at_0x02FC    startup_lpc17xx.o
    0x00000300   0x00000008   Code   RO         2090    .text               c_w.l(libspace.o)
    0x00000308   0x000000ee   Code   RO         2093    .text               c_w.l(lludivv7m.o)
    0x000003f6   0x0000000c   Code   RO         2125    .text               c_w.l(exit.o)
    0x00000402   0x00000002   PAD
    0x00000404   0x00000080   Code   RO         2127    .text               c_w.l(strcmpv7m.o)
    0x00000484   0x00000006   Code   RO         2129    .text               c_w.l(heapauxi.o)
    0x0000048a   0x00000002   PAD
    0x0000048c   0x0000000c   Code   RO         2173    .text               c_w.l(sys_exit.o)
    0x00000498   0x0000004a   Code   RO         2175    .text               c_w.l(sys_stackheap_outer.o)
    0x000004e2   0x00000002   PAD
    0x000004e4   0x00000004   Code   RO         2085    SVC_TABLE           RTX_CM3.lib(svc_table.o)
    0x000004e8   0x00000020   Code   RO          647    i.Clear_Channel_active_flag  gpdma_lpc17xx.o
    0x00000508   0x0000006c   Code   RO          648    i.DMA_IRQHandler    gpdma_lpc17xx.o
    0x00000574   0x00000098   Code   RO          649    i.GPDMA_ChannelConfigure  gpdma_lpc17xx.o
    0x0000060c   0x00000030   Code   RO          650    i.GPDMA_ChannelDisable  gpdma_lpc17xx.o
    0x0000063c   0x00000028   Code   RO          652    i.GPDMA_ChannelGetCount  gpdma_lpc17xx.o
    0x00000664   0x0000007c   Code   RO          654    i.GPDMA_Initialize  gpdma_lpc17xx.o
    0x000006e0   0x00000044   Code   RO          655    i.GPDMA_PeripheralSelect  gpdma_lpc17xx.o
    0x00000724   0x00000058   Code   RO          656    i.GPDMA_Uninitialize  gpdma_lpc17xx.o
    0x0000077c   0x00000044   Code   RO          308    i.GetUsartClockFreq  uart_lpc17xx.o
    0x000007c0   0x00000018   Code   RO          309    i.NVIC_ClearPendingIRQ  uart_lpc17xx.o
    0x000007d8   0x00000018   Code   RO          657    i.NVIC_ClearPendingIRQ  gpdma_lpc17xx.o
    0x000007f0   0x000000fc   Code   RO          798    i.PIN_Configure     pin_lpc17xx.o
    0x000008ec   0x00000038   Code   RO          658    i.Set_Channel_active_flag  gpdma_lpc17xx.o
    0x00000924   0x000001a8   Code   RO          844    i.SystemCoreClockUpdate  system_lpc17xx.o
    0x00000acc   0x00000140   Code   RO          845    i.SystemInit        system_lpc17xx.o
    0x00000c0c   0x00000010   Code   RO          310    i.UART0_IRQHandler  uart_lpc17xx.o
    0x00000c1c   0x00000010   Code   RO          311    i.UART1_IRQHandler  uart_lpc17xx.o
    0x00000c2c   0x00000018   Code   RO          312    i.USART0_Control    uart_lpc17xx.o
    0x00000c44   0x00000014   Code   RO          313    i.USART0_GPDMA_Rx_Event  uart_lpc17xx.o
    0x00000c58   0x00000014   Code   RO          314    i.USART0_GPDMA_Tx_Event  uart_lpc17xx.o
    0x00000c6c   0x00000010   Code   RO          315    i.USART0_GetCapabilities  uart_lpc17xx.o
    0x00000c7c   0x00000010   Code   RO          316    i.USART0_GetModemStatus  uart_lpc17xx.o
    0x00000c8c   0x00000010   Code   RO          317    i.USART0_GetRxCount  uart_lpc17xx.o
    0x00000c9c   0x00000010   Code   RO          318    i.USART0_GetStatus  uart_lpc17xx.o
    0x00000cac   0x00000010   Code   RO          319    i.USART0_GetTxCount  uart_lpc17xx.o
    0x00000cbc   0x00000014   Code   RO          320    i.USART0_Initialize  uart_lpc17xx.o
    0x00000cd0   0x00000014   Code   RO          321    i.USART0_PowerControl  uart_lpc17xx.o
    0x00000ce4   0x00000018   Code   RO          322    i.USART0_Receive    uart_lpc17xx.o
    0x00000cfc   0x00000018   Code   RO          323    i.USART0_Send       uart_lpc17xx.o
    0x00000d14   0x00000014   Code   RO          324    i.USART0_SetModemControl  uart_lpc17xx.o
    0x00000d28   0x0000001c   Code   RO          325    i.USART0_Transfer   uart_lpc17xx.o
    0x00000d44   0x00000010   Code   RO          326    i.USART0_Uninitialize  uart_lpc17xx.o
    0x00000d54   0x00000018   Code   RO          327    i.USART1_Control    uart_lpc17xx.o
    0x00000d6c   0x00000014   Code   RO          328    i.USART1_GPDMA_Rx_Event  uart_lpc17xx.o
    0x00000d80   0x00000014   Code   RO          329    i.USART1_GPDMA_Tx_Event  uart_lpc17xx.o
    0x00000d94   0x00000010   Code   RO          330    i.USART1_GetCapabilities  uart_lpc17xx.o
    0x00000da4   0x00000010   Code   RO          331    i.USART1_GetModemStatus  uart_lpc17xx.o
    0x00000db4   0x00000010   Code   RO          332    i.USART1_GetRxCount  uart_lpc17xx.o
    0x00000dc4   0x00000010   Code   RO          333    i.USART1_GetStatus  uart_lpc17xx.o
    0x00000dd4   0x00000010   Code   RO          334    i.USART1_GetTxCount  uart_lpc17xx.o
    0x00000de4   0x00000014   Code   RO          335    i.USART1_Initialize  uart_lpc17xx.o
    0x00000df8   0x00000014   Code   RO          336    i.USART1_PowerControl  uart_lpc17xx.o
    0x00000e0c   0x00000018   Code   RO          337    i.USART1_Receive    uart_lpc17xx.o
    0x00000e24   0x00000018   Code   RO          338    i.USART1_Send       uart_lpc17xx.o
    0x00000e3c   0x00000014   Code   RO          339    i.USART1_SetModemControl  uart_lpc17xx.o
    0x00000e50   0x0000001c   Code   RO          340    i.USART1_Transfer   uart_lpc17xx.o
    0x00000e6c   0x00000010   Code   RO          341    i.USART1_Uninitialize  uart_lpc17xx.o
    0x00000e7c   0x0000066c   Code   RO          342    i.USART_Control     uart_lpc17xx.o
    0x000014e8   0x00000086   Code   RO          343    i.USART_GPDMA_Rx_Event  uart_lpc17xx.o
    0x0000156e   0x0000004a   Code   RO          344    i.USART_GPDMA_Tx_Event  uart_lpc17xx.o
    0x000015b8   0x00000006   Code   RO          345    i.USART_GetCapabilities  uart_lpc17xx.o
    0x000015be   0x000000b2   Code   RO          346    i.USART_GetModemStatus  uart_lpc17xx.o
    0x00001670   0x0000001c   Code   RO          347    i.USART_GetRxCount  uart_lpc17xx.o
    0x0000168c   0x0000005e   Code   RO          348    i.USART_GetStatus   uart_lpc17xx.o
    0x000016ea   0x0000001c   Code   RO          349    i.USART_GetTxCount  uart_lpc17xx.o
    0x00001706   0x0000026c   Code   RO          350    i.USART_IRQHandler  uart_lpc17xx.o
    0x00001972   0x000000fe   Code   RO          351    i.USART_Initialize  uart_lpc17xx.o
    0x00001a70   0x00000220   Code   RO          352    i.USART_PowerControl  uart_lpc17xx.o
    0x00001c90   0x00000114   Code   RO          353    i.USART_Receive     uart_lpc17xx.o
    0x00001da4   0x00000068   Code   RO          354    i.USART_RxLineIntHandler  uart_lpc17xx.o
    0x00001e0c   0x0000012e   Code   RO          355    i.USART_Send        uart_lpc17xx.o
    0x00001f3a   0x00000002   PAD
    0x00001f3c   0x00000134   Code   RO          356    i.USART_SetBaudrate  uart_lpc17xx.o
    0x00002070   0x000000a0   Code   RO          357    i.USART_SetModemControl  uart_lpc17xx.o
    0x00002110   0x0000007a   Code   RO          358    i.USART_Transfer    uart_lpc17xx.o
    0x0000218a   0x000000da   Code   RO          359    i.USART_Uninitialize  uart_lpc17xx.o
    0x00002264   0x00000010   Code   RO          360    i.USARTx_GetVersion  uart_lpc17xx.o
    0x00002274   0x00000078   Code   RO            4    i._Z10readThreadPKv  main.o
    0x000022ec   0x000000ec   Code   RO            5    i._Z11writeThreadPKv  main.o
    0x000023d8   0x00000024   Code   RO            7    i._Z13ledInitializev  main.o
    0x000023fc   0x00000016   Code   RO            8    i._Z14NVIC_EnableIRQ4IRQn  main.o
    0x00002412   0x00000002   PAD
    0x00002414   0x00000048   Code   RO            9    i._Z14USART_callbackj  main.o
    0x0000245c   0x00000014   Code   RO           10    i._Z14ringBufferInitv  main.o
    0x00002470   0x00000040   Code   RO           11    i._Z14ringBufferReadPc  main.o
    0x000024b0   0x00000030   Code   RO           12    i._Z15heartBeatThreadPKv  main.o
    0x000024e0   0x0000004c   Code   RO           13    i._Z15ringBufferWritec  main.o
    0x0000252c   0x0000004c   Code   RO           14    i._Z15uart0Initializev  main.o
    0x00002578   0x00000012   Code   RO           16    i._Z16initializeThreadPKv  main.o
    0x0000258a   0x00000020   Code   RO          197    i._Z8itmPrintPc     itm_arm.o
    0x000025aa   0x00000046   Code   RO         1974    i._init_box         RTX_CM3.lib(rt_membox.o)
    0x000025f0   0x00000020   Code   RO          242    i._mutex_acquire    rtx_conf_cm.o
    0x00002610   0x0000001c   Code   RO          244    i._mutex_release    rtx_conf_cm.o
    0x0000262c   0x00000030   Code   RO         2027    i.dbg_init          RTX_CM3.lib(hal_cm.o)
    0x0000265c   0x00000020   Code   RO         2028    i.dbg_task_notify   RTX_CM3.lib(hal_cm.o)
    0x0000267c   0x00000010   Code   RO         2029    i.dbg_task_switch   RTX_CM3.lib(hal_cm.o)
    0x0000268c   0x0000002a   Code   RO          880    i.isrMessageGet     RTX_CM3.lib(rt_cmsis.o)
    0x000026b6   0x0000002c   Code   RO          881    i.isrMessagePut     RTX_CM3.lib(rt_cmsis.o)
    0x000026e2   0x00000002   PAD
    0x000026e4   0x00000052   Code   RO         1829    i.isr_mbx_receive   RTX_CM3.lib(rt_mailbox.o)
    0x00002736   0x0000000e   Code   RO         1830    i.isr_mbx_send      RTX_CM3.lib(rt_mailbox.o)
    0x00002744   0x00000098   Code   RO           19    i.main              main.o
    0x000027dc   0x00000018   Code   RO          884    i.osDelay           RTX_CM3.lib(rt_cmsis.o)
    0x000027f4   0x00000024   Code   RO          885    i.osKernelInitialize  RTX_CM3.lib(rt_cmsis.o)
    0x00002818   0x0000006c   Code   RO          887    i.osKernelStart     RTX_CM3.lib(rt_cmsis.o)
    0x00002884   0x00000018   Code   RO          896    i.osMessageGet      RTX_CM3.lib(rt_cmsis.o)
    0x0000289c   0x00000030   Code   RO          913    i.osThreadCreate    RTX_CM3.lib(rt_cmsis.o)
    0x000028cc   0x00000018   Code   RO          914    i.osThreadExit      RTX_CM3.lib(rt_cmsis.o)
    0x000028e4   0x0000000c   Code   RO          920    i.osTimerCall       RTX_CM3.lib(rt_cmsis.o)
    0x000028f0   0x0000002c   Code   RO          925    i.osTimerThread     RTX_CM3.lib(rt_cmsis.o)
    0x0000291c   0x00000020   Code   RO          245    i.os_error          rtx_conf_cm.o
    0x0000293c   0x00000006   Code   RO          246    i.os_idle_demon     rtx_conf_cm.o
    0x00002942   0x00000002   PAD
    0x00002944   0x00000028   Code   RO         1621    i.os_tick_init      RTX_CM3.lib(rt_system.o)
    0x0000296c   0x0000001a   Code   RO         1975    i.rt_alloc_box      RTX_CM3.lib(rt_membox.o)
    0x00002986   0x0000003e   Code   RO         2003    i.rt_alloc_mem      RTX_CM3.lib(rt_memory.o)
    0x000029c4   0x00000038   Code   RO         1502    i.rt_block          RTX_CM3.lib(rt_task.o)
    0x000029fc   0x00000048   Code   RO         1952    i.rt_chk_robin      RTX_CM3.lib(rt_robin.o)
    0x00002a44   0x00000070   Code   RO         1753    i.rt_dec_dly        RTX_CM3.lib(rt_list.o)
    0x00002ab4   0x00000044   Code   RO         1503    i.rt_dispatch       RTX_CM3.lib(rt_task.o)
    0x00002af8   0x00000006   Code   RO         1919    i.rt_dly_wait       RTX_CM3.lib(rt_time.o)
    0x00002afe   0x00000002   PAD
    0x00002b00   0x00000050   Code   RO         1714    i.rt_evt_psh        RTX_CM3.lib(rt_event.o)
    0x00002b50   0x0000002c   Code   RO         1976    i.rt_free_box       RTX_CM3.lib(rt_membox.o)
    0x00002b7c   0x00000028   Code   RO         2004    i.rt_free_mem       RTX_CM3.lib(rt_memory.o)
    0x00002ba4   0x00000028   Code   RO         1754    i.rt_get_first      RTX_CM3.lib(rt_list.o)
    0x00002bcc   0x00000008   Code   RO          930    i.rt_id2obj         RTX_CM3.lib(rt_cmsis.o)
    0x00002bd4   0x00000048   Code   RO         1504    i.rt_init_context   RTX_CM3.lib(rt_task.o)
    0x00002c1c   0x0000001a   Code   RO         2005    i.rt_init_mem       RTX_CM3.lib(rt_memory.o)
    0x00002c36   0x00000002   PAD
    0x00002c38   0x00000018   Code   RO         1953    i.rt_init_robin     RTX_CM3.lib(rt_robin.o)
    0x00002c50   0x00000080   Code   RO         2030    i.rt_init_stack     RTX_CM3.lib(hal_cm.o)
    0x00002cd0   0x00000008   Code   RO         1831    i.rt_mbx_check      RTX_CM3.lib(rt_mailbox.o)
    0x00002cd8   0x0000001a   Code   RO         1832    i.rt_mbx_init       RTX_CM3.lib(rt_mailbox.o)
    0x00002cf2   0x00000002   PAD
    0x00002cf4   0x000000f0   Code   RO         1833    i.rt_mbx_psh        RTX_CM3.lib(rt_mailbox.o)
    0x00002de4   0x000000b4   Code   RO         1835    i.rt_mbx_wait       RTX_CM3.lib(rt_mailbox.o)
    0x00002e98   0x00000044   Code   RO          931    i.rt_ms2tick        RTX_CM3.lib(rt_cmsis.o)
    0x00002edc   0x000000d8   Code   RO         1588    i.rt_mut_release    RTX_CM3.lib(rt_mutex.o)
    0x00002fb4   0x00000068   Code   RO         1589    i.rt_mut_wait       RTX_CM3.lib(rt_mutex.o)
    0x0000301c   0x0000007c   Code   RO         1625    i.rt_pop_req        RTX_CM3.lib(rt_system.o)
    0x00003098   0x00000020   Code   RO         1626    i.rt_psh_req        RTX_CM3.lib(rt_system.o)
    0x000030b8   0x0000005c   Code   RO         1756    i.rt_psq_enq        RTX_CM3.lib(rt_list.o)
    0x00003114   0x00000048   Code   RO         1757    i.rt_put_dly        RTX_CM3.lib(rt_list.o)
    0x0000315c   0x00000036   Code   RO         1758    i.rt_put_prio       RTX_CM3.lib(rt_list.o)
    0x00003192   0x00000002   PAD
    0x00003194   0x00000014   Code   RO         1759    i.rt_put_rdy_first  RTX_CM3.lib(rt_list.o)
    0x000031a8   0x00000034   Code   RO         1760    i.rt_resort_prio    RTX_CM3.lib(rt_list.o)
    0x000031dc   0x00000006   Code   RO         2031    i.rt_ret_val        RTX_CM3.lib(hal_cm.o)
    0x000031e2   0x00000008   Code   RO         2032    i.rt_ret_val2       RTX_CM3.lib(hal_cm.o)
    0x000031ea   0x00000028   Code   RO         1761    i.rt_rmv_dly        RTX_CM3.lib(rt_list.o)
    0x00003212   0x00000002   PAD
    0x00003214   0x00000030   Code   RO         1762    i.rt_rmv_list       RTX_CM3.lib(rt_list.o)
    0x00003244   0x00000034   Code   RO         1880    i.rt_sem_psh        RTX_CM3.lib(rt_semaphore.o)
    0x00003278   0x00000024   Code   RO         1628    i.rt_stk_check      RTX_CM3.lib(rt_system.o)
    0x0000329c   0x00000028   Code   RO         1505    i.rt_switch_req     RTX_CM3.lib(rt_task.o)
    0x000032c4   0x000000cc   Code   RO         1506    i.rt_sys_init       RTX_CM3.lib(rt_task.o)
    0x00003390   0x00000078   Code   RO         1507    i.rt_sys_start      RTX_CM3.lib(rt_task.o)
    0x00003408   0x00000040   Code   RO         1630    i.rt_systick        RTX_CM3.lib(rt_system.o)
    0x00003448   0x00000012   Code   RO          932    i.rt_tid2ptcb       RTX_CM3.lib(rt_cmsis.o)
    0x0000345a   0x00000002   PAD
    0x0000345c   0x00000034   Code   RO          933    i.rt_timer_insert   RTX_CM3.lib(rt_cmsis.o)
    0x00003490   0x00000088   Code   RO         1508    i.rt_tsk_create     RTX_CM3.lib(rt_task.o)
    0x00003518   0x0000017c   Code   RO         1509    i.rt_tsk_delete     RTX_CM3.lib(rt_task.o)
    0x00003694   0x0000007c   Code   RO         1511    i.rt_tsk_prio       RTX_CM3.lib(rt_task.o)
    0x00003710   0x00000010   Code   RO         1512    i.rt_tsk_self       RTX_CM3.lib(rt_task.o)
    0x00003720   0x00000012   Code   RO          935    i.svcDelay          RTX_CM3.lib(rt_cmsis.o)
    0x00003732   0x00000002   PAD
    0x00003734   0x00000070   Code   RO          936    i.svcKernelInitialize  RTX_CM3.lib(rt_cmsis.o)
    0x000037a4   0x00000048   Code   RO          938    i.svcKernelStart    RTX_CM3.lib(rt_cmsis.o)
    0x000037ec   0x00000024   Code   RO          941    i.svcMessageCreate  RTX_CM3.lib(rt_cmsis.o)
    0x00003810   0x0000003a   Code   RO          942    i.svcMessageGet     RTX_CM3.lib(rt_cmsis.o)
    0x0000384a   0x00000002   PAD
    0x0000384c   0x00000070   Code   RO          956    i.svcThreadCreate   RTX_CM3.lib(rt_cmsis.o)
    0x000038bc   0x0000001c   Code   RO          957    i.svcThreadGetId    RTX_CM3.lib(rt_cmsis.o)
    0x000038d8   0x00000038   Code   RO          960    i.svcThreadTerminate  RTX_CM3.lib(rt_cmsis.o)
    0x00003910   0x00000018   Code   RO          962    i.svcTimerCall      RTX_CM3.lib(rt_cmsis.o)
    0x00003928   0x0000005c   Code   RO          971    i.sysTimerTick      RTX_CM3.lib(rt_cmsis.o)
    0x00003984   0x00000040   Data   RO           37    .constdata          main.o
    0x000039c4   0x00000056   Data   RO          248    .constdata          rtx_conf_cm.o
    0x00003a1a   0x00000002   PAD
    0x00003a1c   0x0000027c   Data   RO          362    .constdata          uart_lpc17xx.o
    0x00003c98   0x00000020   Data   RO         2298    Region$$Table       anon$$obj.o


    Execution Region RW_IRAM1 (Base: 0x10000000, Size: 0x000010c8, Max: 0x00008000, ABSOLUTE)

    Base Addr    Size         Type   Attr      Idx    E Section Name        Object

    0x10000000   0x00000038   Data   RW           38    .data               main.o
    0x10000038   0x00000024   Data   RW          249    .data               rtx_conf_cm.o
    0x1000005c   0x00000008   Data   RW          363    .data               uart_lpc17xx.o
    0x10000064   0x00000008   Data   RW          660    .data               gpdma_lpc17xx.o
    0x1000006c   0x00000004   Data   RW          846    .data               system_lpc17xx.o
    0x10000070   0x00000008   Data   RW          974    .data               RTX_CM3.lib(rt_cmsis.o)
    0x10000078   0x00000008   Data   RW         1514    .data               RTX_CM3.lib(rt_task.o)
    0x10000080   0x00000008   Data   RW         1633    .data               RTX_CM3.lib(rt_system.o)
    0x10000088   0x00000004   Data   RW         1923    .data               RTX_CM3.lib(rt_time.o)
    0x1000008c   0x00000008   Data   RW         1954    .data               RTX_CM3.lib(rt_robin.o)
    0x10000094   0x00000001   Data   RW         2033    .data               RTX_CM3.lib(hal_cm.o)
    0x10000095   0x00000003   PAD
    0x10000098   0x000000fe   Zero   RW           36    .bss                main.o
    0x10000196   0x00000002   PAD
    0x10000198   0x00000bc8   Zero   RW          247    .bss                rtx_conf_cm.o
    0x10000d60   0x00000060   Zero   RW          361    .bss                uart_lpc17xx.o
    0x10000dc0   0x00000040   Zero   RW          659    .bss                gpdma_lpc17xx.o
    0x10000e00   0x00000034   Zero   RW         1513    .bss                RTX_CM3.lib(rt_task.o)
    0x10000e34   0x00000030   Zero   RW         1763    .bss                RTX_CM3.lib(rt_list.o)
    0x10000e64   0x00000060   Zero   RW         2091    .bss                c_w.l(libspace.o)
    0x10000ec4   0x00000004   PAD
    0x10000ec8   0x00000000   Zero   RW          832    HEAP                startup_lpc17xx.o
    0x10000ec8   0x00000200   Zero   RW          831    STACK               startup_lpc17xx.o


==============================================================================

Image component sizes


      Code (inc. data)   RO Data    RW Data    ZI Data      Debug   Object Name

       740         92          0          8         64       7678   gpdma_lpc17xx.o
        32          0          0          0          0        415   itm_arm.o
       940        254         64         56        254      73218   main.o
       252          6          0          0          0        772   pin_lpc17xx.o
       126         26         86         36       3016      13327   rtx_conf_cm.o
        64         26        204          0        512        956   startup_lpc17xx.o
       744         34          0          4          0       1291   system_lpc17xx.o
      5826        244        636          8         96      92443   uart_lpc17xx.o

    ----------------------------------------------------------------------
      8730        682       1024        112       3944     190100   Object Totals
         0          0         32          0          0          0   (incl. Generated)
         6          0          2          0          2          0   (incl. Padding)

    ----------------------------------------------------------------------

      Code (inc. data)   RO Data    RW Data    ZI Data      Debug   Library Member Name

       238         24          0          1          0       3256   hal_cm.o
       304         36          0          0          0        760   hal_cm3.o
      1160        146          0          8          0      32254   rt_cmsis.o
        80          4          0          0          0        653   rt_event.o
       530         34          0          0         48       8165   rt_list.o
       550         10          0          0          0       3897   rt_mailbox.o
       140          0          0          0          0       1901   rt_membox.o
       128          0          0          0          0       2275   rt_memory.o
       320         12          0          0          0       1603   rt_mutex.o
        96         22          0          8          0       1134   rt_robin.o
        52          4          0          0          0        565   rt_semaphore.o
       298         52          0          8          0       6151   rt_system.o
      1216        174          0          8         52       9545   rt_task.o
         6          0          0          4          0        636   rt_time.o
         4          4          0          0          0        200   svc_table.o
         8          0          0          0          0         68   __main.o
         0          0          0          0          0          0   __rtentry.o
        20          0          0          0          0          0   __rtentry2.o
         6          0          0          0          0          0   __rtentry4.o
        52          8          0          0          0          0   __scatter.o
        26          0          0          0          0          0   __scatter_copy.o
        28          0          0          0          0          0   __scatter_zi.o
        12          0          0          0          0         72   exit.o
         6          0          0          0          0        152   heapauxi.o
         0          0          0          0          0          0   indicate_semi.o
         2          0          0          0          0          0   libinit.o
         2          0          0          0          0          0   libinit2.o
         2          0          0          0          0          0   libshutdown.o
         2          0          0          0          0          0   libshutdown2.o
         8          4          0          0         96         68   libspace.o
       238          0          0          0          0        100   lludivv7m.o
         2          0          0          0          0          0   rtexit.o
        10          0          0          0          0          0   rtexit2.o
       128          0          0          0          0         68   strcmpv7m.o
        12          4          0          0          0         68   sys_exit.o
        74          0          0          0          0         80   sys_stackheap_outer.o
         2          0          0          0          0         68   use_no_semi.o

    ----------------------------------------------------------------------
      5790        538          0         40        200      73739   Library Totals
        28          0          0          3          4          0   (incl. Padding)

    ----------------------------------------------------------------------

      Code (inc. data)   RO Data    RW Data    ZI Data      Debug   Library Name

      5122        522          0         37        100      72995   RTX_CM3.lib
       640         16          0          0         96        744   c_w.l

    ----------------------------------------------------------------------
      5790        538          0         40        200      73739   Library Totals

    ----------------------------------------------------------------------

==============================================================================


      Code (inc. data)   RO Data    RW Data    ZI Data      Debug   

     14520       1220       1024        152       4144     255775   Grand Totals
     14520       1220       1024        152       4144     255775   ELF Image Totals
     14520       1220       1024        152          0          0   ROM Totals

==============================================================================

    Total RO  Size (Code + RO Data)                15544 (  15.18kB)
    Total RW  Size (RW Data + ZI Data)              4296 (   4.20kB)
    Total ROM Size (Code + RO Data + RW Data)      15696 (  15.33kB)

==============================================================================

