Component: ARM Compiler 5.06 update 2 (build 183) Tool: armlink [4d35b7]

==============================================================================

Section Cross References

    main.o(i._Z10readThreadPKv) refers to main.o(i._Z14ringBufferReadPc) for ringBufferRead(char*)
    main.o(i._Z10readThreadPKv) refers to itm_arm.o(i._Z8itmPrintPc) for itmPrint(char*)
    main.o(i._Z10readThreadPKv) refers to main.o(.data) for head
    main.o(i._Z10readThreadPKv) refers to uart_lpc17xx.o(.constdata) for Driver_USART0
    main.o(i._Z10readThreadPKv) refers to main.o(.bss) for ne
    main.o(i._Z11writeThreadPKv) refers to rt_cmsis.o(i.osDelay) for osDelay
    main.o(i._Z11writeThreadPKv) refers to uart_lpc17xx.o(.constdata) for Driver_USART0
    main.o(i._Z13ethernetEventj) refers to itm_arm.o(i._Z10itmPrintlnPc) for itmPrintln(char*)
    main.o(i._Z14USART_callbackj) refers to main.o(i._Z15ringBufferWritec) for ringBufferWrite(char)
    main.o(i._Z14USART_callbackj) refers to main.o(.data) for pData
    main.o(i._Z14ringBufferInitv) refers to main.o(.data) for tail
    main.o(i._Z14ringBufferReadPc) refers to main.o(.data) for head
    main.o(i._Z14ringBufferReadPc) refers to main.o(.bss) for ringBuffer
    main.o(i._Z15heartBeatThreadPKv) refers to rt_cmsis.o(i.osDelay) for osDelay
    main.o(i._Z15heartBeatThreadPKv) refers to main.o(i._Z26ethernet_check_link_statusv) for ethernet_check_link_status()
    main.o(i._Z15ringBufferWritec) refers to main.o(.data) for tail
    main.o(i._Z15ringBufferWritec) refers to main.o(.bss) for ringBuffer
    main.o(i._Z15uart0Initializev) refers to main.o(i._Z14NVIC_EnableIRQ4IRQn) for NVIC_EnableIRQ(IRQn)
    main.o(i._Z15uart0Initializev) refers to uart_lpc17xx.o(.constdata) for Driver_USART0
    main.o(i._Z15uart0Initializev) refers to main.o(i._Z14USART_callbackj) for USART_callback(unsigned)
    main.o(i._Z15uart1Initializev) refers to main.o(i._Z14NVIC_EnableIRQ4IRQn) for NVIC_EnableIRQ(IRQn)
    main.o(i._Z15uart1Initializev) refers to uart_lpc17xx.o(.constdata) for Driver_USART1
    main.o(i._Z15uart1Initializev) refers to main.o(i._Z14USART_callbackj) for USART_callback(unsigned)
    main.o(i._Z16initializeThreadPKv) refers to main.o(i._Z13ledInitializev) for ledInitialize()
    main.o(i._Z17uart0UnInitializev) refers to uart_lpc17xx.o(.constdata) for Driver_USART0
    main.o(i._Z17uart1UnInitializev) refers to uart_lpc17xx.o(.constdata) for Driver_USART1
    main.o(i._Z18ethernetInitializev) refers to emac_lpc17xx.o(.constdata) for Driver_ETH_MAC0
    main.o(i._Z18ethernetInitializev) refers to main.o(.data) for mac
    main.o(i._Z18ethernetInitializev) refers to phy_lan8720.o(.constdata) for Driver_ETH_PHY0
    main.o(i._Z18ethernetInitializev) refers to main.o(i._Z13ethernetEventj) for ethernetEvent(unsigned)
    main.o(i._Z26ethernet_check_link_statusv) refers to main.o(.data) for phy
    main.o(i.main) refers to system_lpc17xx.o(i.SystemCoreClockUpdate) for SystemCoreClockUpdate
    main.o(i.main) refers to rt_cmsis.o(i.osKernelInitialize) for osKernelInitialize
    main.o(i.main) refers to main.o(i._Z18ethernetInitializev) for ethernetInitialize()
    main.o(i.main) refers to rt_cmsis.o(i.osThreadCreate) for osThreadCreate
    main.o(i.main) refers to system_lpc17xx.o(.data) for SystemCoreClock
    main.o(i.main) refers to main.o(.constdata) for os_thread_def_initializeThread
    main.o(.ARM.exidx) refers to main.o(i._Z14ringBufferInitv) for i._Z14ringBufferInitv
    main.o(.ARM.exidx) refers to main.o(i._Z15ringBufferWritec) for i._Z15ringBufferWritec
    main.o(.ARM.exidx) refers to main.o(i._Z14ringBufferReadPc) for i._Z14ringBufferReadPc
    main.o(.ARM.exidx) refers to main.o(i._Z14USART_callbackj) for i._Z14USART_callbackj
    main.o(.ARM.exidx) refers to main.o(i._Z15uart0Initializev) for i._Z15uart0Initializev
    main.o(.ARM.exidx) refers to main.o(i._Z17uart0UnInitializev) for i._Z17uart0UnInitializev
    main.o(.ARM.exidx) refers to main.o(i._Z15uart1Initializev) for i._Z15uart1Initializev
    main.o(.ARM.exidx) refers to main.o(i._Z17uart1UnInitializev) for i._Z17uart1UnInitializev
    main.o(.ARM.exidx) refers to main.o(i._Z12SPI_callbackj) for i._Z12SPI_callbackj
    main.o(.ARM.exidx) refers to main.o(i._Z13ethernetEventj) for i._Z13ethernetEventj
    main.o(.ARM.exidx) refers to main.o(i._Z18ethernetInitializev) for i._Z18ethernetInitializev
    main.o(.ARM.exidx) refers to main.o(i._Z26ethernet_check_link_statusv) for i._Z26ethernet_check_link_statusv
    main.o(.ARM.exidx) refers to main.o(i._Z13ledInitializev) for i._Z13ledInitializev
    main.o(.ARM.exidx) refers to main.o(i._Z11writeThreadPKv) for i._Z11writeThreadPKv
    main.o(.ARM.exidx) refers to main.o(i._Z16initializeThreadPKv) for i._Z16initializeThreadPKv
    main.o(.ARM.exidx) refers to main.o(i._Z15heartBeatThreadPKv) for i._Z15heartBeatThreadPKv
    main.o(.ARM.exidx) refers to main.o(i._Z10readThreadPKv) for i._Z10readThreadPKv
[...]
    USART0_Receive                           0x0000192d   Thumb Code    18  uart_lpc17xx.o(i.USART0_Receive)
    i.USART0_Send                            0x00001944   Section        0  uart_lpc17xx.o(i.USART0_Send)
    USART0_Send                              0x00001945   Thumb Code    18  uart_lpc17xx.o(i.USART0_Send)
    i.USART0_SetModemControl                 0x0000195c   Section        0  uart_lpc17xx.o(i.USART0_SetModemControl)
    USART0_SetModemControl                   0x0000195d   Thumb Code    14  uart_lpc17xx.o(i.USART0_SetModemControl)
    i.USART0_Transfer                        0x00001970   Section        0  uart_lpc17xx.o(i.USART0_Transfer)
    USART0_Transfer                          0x00001971   Thumb Code    22  uart_lpc17xx.o(i.USART0_Transfer)
    i.USART0_Uninitialize                    0x0000198c   Section        0  uart_lpc17xx.o(i.USART0_Uninitialize)
    USART0_Uninitialize                      0x0000198d   Thumb Code    10  uart_lpc17xx.o(i.USART0_Uninitialize)
    i.USART1_Control                         0x0000199c   Section        0  uart_lpc17xx.o(i.USART1_Control)
    USART1_Control                           0x0000199d   Thumb Code    18  uart_lpc17xx.o(i.USART1_Control)
    i.USART1_GPDMA_Rx_Event                  0x000019b4   Section        0  uart_lpc17xx.o(i.USART1_GPDMA_Rx_Event)
    i.USART1_GPDMA_Tx_Event                  0x000019c8   Section        0  uart_lpc17xx.o(i.USART1_GPDMA_Tx_Event)
    i.USART1_GetCapabilities                 0x000019dc   Section        0  uart_lpc17xx.o(i.USART1_GetCapabilities)
    USART1_GetCapabilities                   0x000019dd   Thumb Code    12  uart_lpc17xx.o(i.USART1_GetCapabilities)
    i.USART1_GetModemStatus                  0x000019ec   Section        0  uart_lpc17xx.o(i.USART1_GetModemStatus)
    USART1_GetModemStatus                    0x000019ed   Thumb Code    12  uart_lpc17xx.o(i.USART1_GetModemStatus)
    i.USART1_GetRxCount                      0x000019fc   Section        0  uart_lpc17xx.o(i.USART1_GetRxCount)
    USART1_GetRxCount                        0x000019fd   Thumb Code    10  uart_lpc17xx.o(i.USART1_GetRxCount)
    i.USART1_GetStatus                       0x00001a0c   Section        0  uart_lpc17xx.o(i.USART1_GetStatus)
    USART1_GetStatus                         0x00001a0d   Thumb Code    12  uart_lpc17xx.o(i.USART1_GetStatus)
    i.USART1_GetTxCount                      0x00001a1c   Section        0  uart_lpc17xx.o(i.USART1_GetTxCount)
    USART1_GetTxCount                        0x00001a1d   Thumb Code    10  uart_lpc17xx.o(i.USART1_GetTxCount)
    i.USART1_Initialize                      0x00001a2c   Section        0  uart_lpc17xx.o(i.USART1_Initialize)
    USART1_Initialize                        0x00001a2d   Thumb Code    14  uart_lpc17xx.o(i.USART1_Initialize)
    i.USART1_PowerControl                    0x00001a40   Section        0  uart_lpc17xx.o(i.USART1_PowerControl)
    USART1_PowerControl                      0x00001a41   Thumb Code    14  uart_lpc17xx.o(i.USART1_PowerControl)
    i.USART1_Receive                         0x00001a54   Section        0  uart_lpc17xx.o(i.USART1_Receive)
    USART1_Receive                           0x00001a55   Thumb Code    18  uart_lpc17xx.o(i.USART1_Receive)
    i.USART1_Send                            0x00001a6c   Section        0  uart_lpc17xx.o(i.USART1_Send)
    USART1_Send                              0x00001a6d   Thumb Code    18  uart_lpc17xx.o(i.USART1_Send)
    i.USART1_SetModemControl                 0x00001a84   Section        0  uart_lpc17xx.o(i.USART1_SetModemControl)
    USART1_SetModemControl                   0x00001a85   Thumb Code    14  uart_lpc17xx.o(i.USART1_SetModemControl)
    i.USART1_Transfer                        0x00001a98   Section        0  uart_lpc17xx.o(i.USART1_Transfer)
    USART1_Transfer                          0x00001a99   Thumb Code    22  uart_lpc17xx.o(i.USART1_Transfer)
    i.USART1_Uninitialize                    0x00001ab4   Section        0  uart_lpc17xx.o(i.USART1_Uninitialize)
    USART1_Uninitialize                      0x00001ab5   Thumb Code    10  uart_lpc17xx.o(i.USART1_Uninitialize)
    i.USART_Control                          0x00001ac4   Section        0  uart_lpc17xx.o(i.USART_Control)
    USART_Control                            0x00001ac5   Thumb Code  1638  uart_lpc17xx.o(i.USART_Control)
    i.USART_GPDMA_Rx_Event                   0x00002130   Section        0  uart_lpc17xx.o(i.USART_GPDMA_Rx_Event)
    USART_GPDMA_Rx_Event                     0x00002131   Thumb Code   134  uart_lpc17xx.o(i.USART_GPDMA_Rx_Event)
    i.USART_GPDMA_Tx_Event                   0x000021b6   Section        0  uart_lpc17xx.o(i.USART_GPDMA_Tx_Event)
    USART_GPDMA_Tx_Event                     0x000021b7   Thumb Code    74  uart_lpc17xx.o(i.USART_GPDMA_Tx_Event)
    i.USART_GetCapabilities                  0x00002200   Section        0  uart_lpc17xx.o(i.USART_GetCapabilities)
    USART_GetCapabilities                    0x00002201   Thumb Code     6  uart_lpc17xx.o(i.USART_GetCapabilities)
    i.USART_GetModemStatus                   0x00002206   Section        0  uart_lpc17xx.o(i.USART_GetModemStatus)
    USART_GetModemStatus                     0x00002207   Thumb Code   178  uart_lpc17xx.o(i.USART_GetModemStatus)
    i.USART_GetRxCount                       0x000022b8   Section        0  uart_lpc17xx.o(i.USART_GetRxCount)
    USART_GetRxCount                         0x000022b9   Thumb Code    28  uart_lpc17xx.o(i.USART_GetRxCount)
    i.USART_GetStatus                        0x000022d4   Section        0  uart_lpc17xx.o(i.USART_GetStatus)
    USART_GetStatus                          0x000022d5   Thumb Code    94  uart_lpc17xx.o(i.USART_GetStatus)
    i.USART_GetTxCount                       0x00002332   Section        0  uart_lpc17xx.o(i.USART_GetTxCount)
    USART_GetTxCount                         0x00002333   Thumb Code    28  uart_lpc17xx.o(i.USART_GetTxCount)
    i.USART_IRQHandler                       0x0000234e   Section        0  uart_lpc17xx.o(i.USART_IRQHandler)
    USART_IRQHandler                         0x0000234f   Thumb Code   620  uart_lpc17xx.o(i.USART_IRQHandler)
    i.USART_Initialize                       0x000025ba   Section        0  uart_lpc17xx.o(i.USART_Initialize)
    USART_Initialize                         0x000025bb   Thumb Code   254  uart_lpc17xx.o(i.USART_Initialize)
    i.USART_PowerControl                     0x000026b8   Section        0  uart_lpc17xx.o(i.USART_PowerControl)
    USART_PowerControl                       0x000026b9   Thumb Code   546  uart_lpc17xx.o(i.USART_PowerControl)
    i.USART_Receive                          0x000028e0   Section        0  uart_lpc17xx.o(i.USART_Receive)
    USART_Receive                            0x000028e1   Thumb Code   276  uart_lpc17xx.o(i.USART_Receive)
    i.USART_RxLineIntHandler                 0x000029f4   Section        0  uart_lpc17xx.o(i.USART_RxLineIntHandler)
    USART_RxLineIntHandler                   0x000029f5   Thumb Code   104  uart_lpc17xx.o(i.USART_RxLineIntHandler)
    i.USART_Send                             0x00002a5c   Section        0  uart_lpc17xx.o(i.USART_Send)
    USART_Send                               0x00002a5d   Thumb Code   302  uart_lpc17xx.o(i.USART_Send)
    i.USART_SetBaudrate                      0x00002b8c   Section        0  uart_lpc17xx.o(i.USART_SetBaudrate)
    i.USART_SetModemControl                  0x00002cc0   Section        0  uart_lpc17xx.o(i.USART_SetModemControl)
    USART_SetModemControl                    0x00002cc1   Thumb Code   160  uart_lpc17xx.o(i.USART_SetModemControl)
    i.USART_Transfer                         0x00002d60   Section        0  uart_lpc17xx.o(i.USART_Transfer)
    USART_Transfer                           0x00002d61   Thumb Code   122  uart_lpc17xx.o(i.USART_Transfer)
    i.USART_Uninitialize                     0x00002dda   Section        0  uart_lpc17xx.o(i.USART_Uninitialize)
    USART_Uninitialize                       0x00002ddb   Thumb Code   218  uart_lpc17xx.o(i.USART_Uninitialize)
    i.USARTx_GetVersion                      0x00002eb4   Section        0  uart_lpc17xx.o(i.USARTx_GetVersion)
    USARTx_GetVersion                        0x00002eb5   Thumb Code    10  uart_lpc17xx.o(i.USARTx_GetVersion)
    i.Uninitialize                           0x00002ec4   Section        0  emac_lpc17xx.o(i.Uninitialize)
    Uninitialize                             0x00002ec5   Thumb Code   246  emac_lpc17xx.o(i.Uninitialize)
    i.Uninitialize                           0x00002fc4   Section        0  phy_lan8720.o(i.Uninitialize)
    Uninitialize                             0x00002fc5   Thumb Code    14  phy_lan8720.o(i.Uninitialize)
    i._Z10itmPrintlnPc                       0x00002fd8   Section        0  itm_arm.o(i._Z10itmPrintlnPc)
    i._Z13ethernetEventj                     0x00003020   Section        0  main.o(i._Z13ethernetEventj)
    i._Z13ledInitializev                     0x00003048   Section        0  main.o(i._Z13ledInitializev)
    i._Z15heartBeatThreadPKv                 0x0000306c   Section        0  main.o(i._Z15heartBeatThreadPKv)
    i._Z16initializeThreadPKv                0x00003094   Section        0  main.o(i._Z16initializeThreadPKv)
    i._Z18ethernetInitializev                0x000030a0   Section        0  main.o(i._Z18ethernetInitializev)
    i._Z26ethernet_check_link_statusv        0x00003140   Section        0  main.o(i._Z26ethernet_check_link_statusv)
    i._init_box                              0x000031d0   Section        0  rt_membox.o(i._init_box)
    i._mutex_acquire                         0x00003218   Section        0  rtx_conf_cm.o(i._mutex_acquire)
    __tagsym$$used                           0x00003219   Number         0  rtx_conf_cm.o(i._mutex_acquire)
    i._mutex_release                         0x00003238   Section        0  rtx_conf_cm.o(i._mutex_release)
    __tagsym$$used                           0x00003239   Number         0  rtx_conf_cm.o(i._mutex_release)
    i.crc32_8bit_rev                         0x00003254   Section        0  emac_lpc17xx.o(i.crc32_8bit_rev)
    crc32_8bit_rev                           0x00003255   Thumb Code    34  emac_lpc17xx.o(i.crc32_8bit_rev)
    i.crc32_data                             0x0000327c   Section        0  emac_lpc17xx.o(i.crc32_data)
    crc32_data                               0x0000327d   Thumb Code    34  emac_lpc17xx.o(i.crc32_data)
    i.dbg_init                               0x000032a0   Section        0  hal_cm.o(i.dbg_init)
    i.dbg_task_notify                        0x000032d0   Section        0  hal_cm.o(i.dbg_task_notify)
    i.dbg_task_switch                        0x000032f0   Section        0  hal_cm.o(i.dbg_task_switch)
    i.init_rx_desc                           0x00003300   Section        0  emac_lpc17xx.o(i.init_rx_desc)
    init_rx_desc                             0x00003301   Thumb Code    84  emac_lpc17xx.o(i.init_rx_desc)
    i.init_tx_desc                           0x00003368   Section        0  emac_lpc17xx.o(i.init_tx_desc)
    init_tx_desc                             0x00003369   Thumb Code    76  emac_lpc17xx.o(i.init_tx_desc)
    i.input_MDIO                             0x000033c4   Section        0  emac_lpc17xx.o(i.input_MDIO)
    input_MDIO                               0x000033c5   Thumb Code    62  emac_lpc17xx.o(i.input_MDIO)
    i.isrMessageGet                          0x00003408   Section        0  rt_cmsis.o(i.isrMessageGet)
    i.isrMessagePut                          0x00003432   Section        0  rt_cmsis.o(i.isrMessagePut)
    i.isr_mbx_receive                        0x00003460   Section        0  rt_mailbox.o(i.isr_mbx_receive)
    i.isr_mbx_send                           0x000034b6   Section        0  rt_mailbox.o(i.isr_mbx_send)
    i.main                                   0x000034c4   Section        0  main.o(i.main)
    i.osDelay                                0x00003548   Section        0  rt_cmsis.o(i.osDelay)
    i.osKernelInitialize                     0x00003560   Section        0  rt_cmsis.o(i.osKernelInitialize)
    i.osKernelStart                          0x00003584   Section        0  rt_cmsis.o(i.osKernelStart)
    i.osKernelSysTick                        0x000035f0   Section        0  rt_cmsis.o(i.osKernelSysTick)
    i.osMessageGet                           0x00003608   Section        0  rt_cmsis.o(i.osMessageGet)
    i.osThreadCreate                         0x00003620   Section        0  rt_cmsis.o(i.osThreadCreate)
    i.osThreadExit                           0x00003650   Section        0  rt_cmsis.o(i.osThreadExit)
    i.osTimerCall                            0x00003668   Section        0  rt_cmsis.o(i.osTimerCall)
    i.osTimerThread                          0x00003674   Section        0  rt_cmsis.o(i.osTimerThread)
    i.os_error                               0x000036a0   Section        0  rtx_conf_cm.o(i.os_error)
    i.os_idle_demon                          0x000036c0   Section        0  rtx_conf_cm.o(i.os_idle_demon)
    i.os_tick_init                           0x000036c8   Section        0  rt_system.o(i.os_tick_init)
    i.os_tick_ovf                            0x000036f0   Section        0  rt_system.o(i.os_tick_ovf)
    i.os_tick_val                            0x00003700   Section        0  rt_system.o(i.os_tick_val)
    i.output_MDIO                            0x00003714   Section        0  emac_lpc17xx.o(i.output_MDIO)
    output_MDIO                              0x00003715   Thumb Code    60  emac_lpc17xx.o(i.output_MDIO)
    i.rt_alloc_box                           0x00003754   Section        0  rt_membox.o(i.rt_alloc_box)
    i.rt_alloc_mem                           0x0000376e   Section        0  rt_memory.o(i.rt_alloc_mem)
    i.rt_block                               0x000037ac   Section        0  rt_task.o(i.rt_block)
    i.rt_chk_robin                           0x000037e4   Section        0  rt_robin.o(i.rt_chk_robin)
    i.rt_dec_dly                             0x0000382c   Section        0  rt_list.o(i.rt_dec_dly)
    i.rt_dispatch                            0x0000389c   Section        0  rt_task.o(i.rt_dispatch)
    i.rt_dly_wait                            0x000038e0   Section        0  rt_time.o(i.rt_dly_wait)
    i.rt_evt_psh                             0x000038e8   Section        0  rt_event.o(i.rt_evt_psh)
    i.rt_free_box                            0x00003938   Section        0  rt_membox.o(i.rt_free_box)
    i.rt_free_mem                            0x00003964   Section        0  rt_memory.o(i.rt_free_mem)
    i.rt_get_first                           0x0000398c   Section        0  rt_list.o(i.rt_get_first)
    i.rt_id2obj                              0x000039b4   Section        0  rt_cmsis.o(i.rt_id2obj)
    rt_id2obj                                0x000039b5   Thumb Code     8  rt_cmsis.o(i.rt_id2obj)
    i.rt_init_context                        0x000039bc   Section        0  rt_task.o(i.rt_init_context)
    rt_init_context                          0x000039bd   Thumb Code    66  rt_task.o(i.rt_init_context)
    i.rt_init_mem                            0x00003a04   Section        0  rt_memory.o(i.rt_init_mem)
    i.rt_init_robin                          0x00003a20   Section        0  rt_robin.o(i.rt_init_robin)
    i.rt_init_stack                          0x00003a38   Section        0  hal_cm.o(i.rt_init_stack)
    i.rt_mbx_check                           0x00003ab8   Section        0  rt_mailbox.o(i.rt_mbx_check)
    i.rt_mbx_init                            0x00003ac0   Section        0  rt_mailbox.o(i.rt_mbx_init)
    i.rt_mbx_psh                             0x00003adc   Section        0  rt_mailbox.o(i.rt_mbx_psh)
    i.rt_mbx_wait                            0x00003bcc   Section        0  rt_mailbox.o(i.rt_mbx_wait)
    i.rt_ms2tick                             0x00003c80   Section        0  rt_cmsis.o(i.rt_ms2tick)
    rt_ms2tick                               0x00003c81   Thumb Code    58  rt_cmsis.o(i.rt_ms2tick)
    i.rt_mut_release                         0x00003cc4   Section        0  rt_mutex.o(i.rt_mut_release)
    i.rt_mut_wait                            0x00003d9c   Section        0  rt_mutex.o(i.rt_mut_wait)
    i.rt_pop_req                             0x00003e04   Section        0  rt_system.o(i.rt_pop_req)
    i.rt_psh_req                             0x00003e80   Section        0  rt_system.o(i.rt_psh_req)
    i.rt_psq_enq                             0x00003ea0   Section        0  rt_list.o(i.rt_psq_enq)
    i.rt_put_dly                             0x00003efc   Section        0  rt_list.o(i.rt_put_dly)
    i.rt_put_prio                            0x00003f44   Section        0  rt_list.o(i.rt_put_prio)
    i.rt_put_rdy_first                       0x00003f7c   Section        0  rt_list.o(i.rt_put_rdy_first)
    i.rt_resort_prio                         0x00003f90   Section        0  rt_list.o(i.rt_resort_prio)
    i.rt_ret_val                             0x00003fc4   Section        0  hal_cm.o(i.rt_ret_val)
    i.rt_ret_val2                            0x00003fca   Section        0  hal_cm.o(i.rt_ret_val2)
    i.rt_rmv_dly                             0x00003fd2   Section        0  rt_list.o(i.rt_rmv_dly)
    i.rt_rmv_list                            0x00003ffc   Section        0  rt_list.o(i.rt_rmv_list)
    i.rt_sem_psh                             0x0000402c   Section        0  rt_semaphore.o(i.rt_sem_psh)
    i.rt_stk_check                           0x00004060   Section        0  rt_system.o(i.rt_stk_check)
    i.rt_switch_req                          0x00004084   Section        0  rt_task.o(i.rt_switch_req)
    i.rt_sys_init                            0x000040ac   Section        0  rt_task.o(i.rt_sys_init)
    i.rt_sys_start                           0x00004178   Section        0  rt_task.o(i.rt_sys_start)
    i.rt_systick                             0x000041f0   Section        0  rt_system.o(i.rt_systick)
    i.rt_tid2ptcb                            0x00004230   Section        0  rt_cmsis.o(i.rt_tid2ptcb)
    rt_tid2ptcb                              0x00004231   Thumb Code    18  rt_cmsis.o(i.rt_tid2ptcb)
    i.rt_timer_insert                        0x00004244   Section        0  rt_cmsis.o(i.rt_timer_insert)
    rt_timer_insert                          0x00004245   Thumb Code    48  rt_cmsis.o(i.rt_timer_insert)
    i.rt_tsk_create                          0x00004278   Section        0  rt_task.o(i.rt_tsk_create)
    i.rt_tsk_delete                          0x00004300   Section        0  rt_task.o(i.rt_tsk_delete)
    i.rt_tsk_prio                            0x0000447c   Section        0  rt_task.o(i.rt_tsk_prio)
    i.rt_tsk_self                            0x000044f8   Section        0  rt_task.o(i.rt_tsk_self)
    i.svcDelay                               0x00004508   Section        0  rt_cmsis.o(i.svcDelay)
    i.svcKernelInitialize                    0x0000451c   Section        0  rt_cmsis.o(i.svcKernelInitialize)
    i.svcKernelStart                         0x0000458c   Section        0  rt_cmsis.o(i.svcKernelStart)
    i.svcKernelSysTick                       0x000045d4   Section        0  rt_cmsis.o(i.svcKernelSysTick)
    i.svcMessageCreate                       0x0000460c   Section        0  rt_cmsis.o(i.svcMessageCreate)
    i.svcMessageGet                          0x00004630   Section        0  rt_cmsis.o(i.svcMessageGet)
    i.svcThreadCreate                        0x0000466c   Section        0  rt_cmsis.o(i.svcThreadCreate)
    i.svcThreadGetId                         0x000046dc   Section        0  rt_cmsis.o(i.svcThreadGetId)
    i.svcThreadTerminate                     0x000046f8   Section        0  rt_cmsis.o(i.svcThreadTerminate)
    i.svcTimerCall                           0x00004730   Section        0  rt_cmsis.o(i.svcTimerCall)
    i.sysTimerTick                           0x00004748   Section        0  rt_cmsis.o(i.sysTimerTick)
    i.turnaround_MDIO                        0x000047a4   Section        0  emac_lpc17xx.o(i.turnaround_MDIO)
    turnaround_MDIO                          0x000047a5   Thumb Code    40  emac_lpc17xx.o(i.turnaround_MDIO)
    .constdata                               0x000047d0   Section       32  main.o(.constdata)
    os_thread_def_initializeThread           0x000047d0   Data          16  main.o(.constdata)
    os_thread_def_heartBeatThread            0x000047e0   Data          16  main.o(.constdata)
    .constdata                               0x000047f0   Section      104  rtx_conf_cm.o(.constdata)
    __tagsym$$used                           0x0000480c   Number         0  rtx_conf_cm.o(.constdata)
    __tagsym$$used                           0x00004810   Number         0  rtx_conf_cm.o(.constdata)
    __tagsym$$used                           0x00004814   Number         0  rtx_conf_cm.o(.constdata)
    __tagsym$$used                           0x00004818   Number         0  rtx_conf_cm.o(.constdata)
    .constdata                               0x00004858   Section      636  uart_lpc17xx.o(.constdata)
    usart_driver_version                     0x00004858   Data           4  uart_lpc17xx.o(.constdata)
    fract_div_lookup_table                   0x0000485c   Data         288  uart_lpc17xx.o(.constdata)
    UART0_DMA_Tx                             0x0000497c   Data           8  uart_lpc17xx.o(.constdata)
    UART0_DMA_Rx                             0x00004984   Data           8  uart_lpc17xx.o(.constdata)
    USART0_Resources                         0x0000498c   Data         100  uart_lpc17xx.o(.constdata)
    USART1_DMA_Tx                            0x000049f0   Data           8  uart_lpc17xx.o(.constdata)
    USART1_DMA_Rx                            0x000049f8   Data           8  uart_lpc17xx.o(.constdata)
    USART1_Resources                         0x00004a00   Data         100  uart_lpc17xx.o(.constdata)
    .constdata                               0x00004ad4   Section       76  emac_lpc17xx.o(.constdata)
    DriverVersion                            0x00004ad4   Data           4  emac_lpc17xx.o(.constdata)
    DriverCapabilities                       0x00004ad8   Data           4  emac_lpc17xx.o(.constdata)
    .constdata                               0x00004b20   Section       36  phy_lan8720.o(.constdata)
    DriverVersion                            0x00004b20   Data           4  phy_lan8720.o(.constdata)
    .data                                    0x10000000   Section       73  main.o(.data)
    capabilities                             0x10000004   Data           4  main.o(.data)
    mac                                      0x10000008   Data           4  main.o(.data)
    phy                                      0x1000000c   Data           4  main.o(.data)
    macAddress                               0x10000010   Data           6  main.o(.data)
    ethernet_link                            0x10000048   Data           1  main.o(.data)
    .data                                    0x1000004c   Section       20  rtx_conf_cm.o(.data)
    nr_mutex                                 0x1000005c   Data           4  rtx_conf_cm.o(.data)
    .data                                    0x10000060   Section        8  uart_lpc17xx.o(.data)
    USART0_pin_tx                            0x10000060   Data           2  uart_lpc17xx.o(.data)
    USART0_pin_rx                            0x10000062   Data           2  uart_lpc17xx.o(.data)
    USART1_pin_tx                            0x10000064   Data           2  uart_lpc17xx.o(.data)
    USART1_pin_rx                            0x10000066   Data           2  uart_lpc17xx.o(.data)
    .data                                    0x10000068   Section       24  emac_lpc17xx.o(.data)
    eth_pins                                 0x10000068   Data          20  emac_lpc17xx.o(.data)
    .data                                    0x10000080   Section        8  gpdma_lpc17xx.o(.data)
    Channel_active                           0x10000080   Data           4  gpdma_lpc17xx.o(.data)
    Init_cnt                                 0x10000084   Data           4  gpdma_lpc17xx.o(.data)
    .data                                    0x10000088   Section        4  system_lpc17xx.o(.data)
    .data                                    0x1000008c   Section        8  rt_cmsis.o(.data)
    .data                                    0x10000094   Section        8  rt_task.o(.data)
    .data                                    0x1000009c   Section        8  rt_system.o(.data)
    os_lock                                  0x1000009c   Data           1  rt_system.o(.data)
    os_psh_flag                              0x1000009d   Data           1  rt_system.o(.data)
    pend_flags                               0x1000009e   Data           1  rt_system.o(.data)
    .data                                    0x100000a4   Section        4  rt_time.o(.data)
    .data                                    0x100000a8   Section        8  rt_robin.o(.data)
    .data                                    0x100000b0   Section        1  hal_cm.o(.data)
    .bss                                     0x100000b4   Section      188  main.o(.bss)
    .bss                                     0x10000170   Section     3016  rtx_conf_cm.o(.bss)
    std_libspace                             0x10000a18   Data         672  rtx_conf_cm.o(.bss)
    std_libmutex                             0x10000cb8   Data         128  rtx_conf_cm.o(.bss)
    .bss                                     0x10000d38   Section       96  uart_lpc17xx.o(.bss)
    USART0_Info                              0x10000d38   Data          48  uart_lpc17xx.o(.bss)
    USART1_Info                              0x10000d68   Data          48  uart_lpc17xx.o(.bss)
    .bss                                     0x10000d98   Section    10868  emac_lpc17xx.o(.bss)
    Rx_Desc                                  0x10000d98   Data          32  emac_lpc17xx.o(.bss)
    Rx_Stat                                  0x10000db8   Data          32  emac_lpc17xx.o(.bss)
    Tx_Desc                                  0x10000dd8   Data          24  emac_lpc17xx.o(.bss)
    Tx_Stat                                  0x10000df0   Data          12  emac_lpc17xx.o(.bss)
    rx_buf                                   0x10000dfc   Data        6144  emac_lpc17xx.o(.bss)
    tx_buf                                   0x100025fc   Data        4608  emac_lpc17xx.o(.bss)
    emac_control                             0x100037fc   Data          16  emac_lpc17xx.o(.bss)
    .bss                                     0x1000380c   Section       12  phy_lan8720.o(.bss)
    PHY                                      0x1000380c   Data          12  phy_lan8720.o(.bss)
    .bss                                     0x10003818   Section       64  gpdma_lpc17xx.o(.bss)
    GPDMA_cb_event                           0x10003818   Data          32  gpdma_lpc17xx.o(.bss)
    Channel_transfer_sz                      0x10003838   Data          32  gpdma_lpc17xx.o(.bss)
    .bss                                     0x10003858   Section       52  rt_task.o(.bss)
    .bss                                     0x1000388c   Section       48  rt_list.o(.bss)
    .bss                                     0x100038bc   Section       96  libspace.o(.bss)
    HEAP                                     0x10003920   Section        0  startup_lpc17xx.o(HEAP)
    STACK                                    0x10003920   Section      512  startup_lpc17xx.o(STACK)
    Heap_Mem                                 0x10003920   Data           0  startup_lpc17xx.o(HEAP)
    Stack_Mem                                0x10003920   Data         512  startup_lpc17xx.o(STACK)
    __initial_sp                             0x10003b20   Data           0  startup_lpc17xx.o(STACK)

    Global Symbols

    Symbol Name                              Value     Ov Type        Size  Object(Section)

    BuildAttributes$$THM_ISAv4$P$D$K$B$S$PE$A:L22UL41UL21$X:L11$S22US41US21$IEEE1$IW$~IW$USESV6$~STKCKD$USESV7$~SHL$OTIME$ROPI$IEEEJ$EBA8$UX$STANDARDLIB$REQ8$PRES8$EABIv2 0x00000000   Number         0  anon$$obj.o ABSOLUTE
    __ARM_use_no_argv                        0x00000000   Number         0  main.o ABSOLUTE
    __Vectors                                0x00000000   Data           4  startup_lpc17xx.o(RESET)
    _printf_flags                            0x00000000   Number         0  printf_stubs.o ABSOLUTE
    _printf_return_value                     0x00000000   Number         0  printf_stubs.o ABSOLUTE
    _printf_sizespec                         0x00000000   Number         0  printf_stubs.o ABSOLUTE
    _printf_widthprec                        0x00000000   Number         0  printf_stubs.o ABSOLUTE
    __ARM_exceptions_init                     - Undefined Weak Reference
    __alloca_initialize                       - Undefined Weak Reference
    __arm_preinit_                            - Undefined Weak Reference
    __cpp_initialize__aeabi_                  - Undefined Weak Reference
    __cxa_finalize                            - Undefined Weak Reference
    __sigvec_lookup                           - Undefined Weak Reference
    __user_heap_extent                        - Undefined Weak Reference
    _atexit_init                              - Undefined Weak Reference
    _call_atexit_fns                          - Undefined Weak Reference
    _clock_init                               - Undefined Weak Reference
    _fp_trap_init                             - Undefined Weak Reference
    _fp_trap_shutdown                         - Undefined Weak Reference
    _get_lc_collate                           - Undefined Weak Reference
    _get_lc_monetary                          - Undefined Weak Reference
    _get_lc_time                              - Undefined Weak Reference
    _getenv_init                              - Undefined Weak Reference
    _handle_redirection                       - Undefined Weak Reference
    _mutex_free                               - Undefined Weak Reference
    _printf_fp_hex                            - Undefined Weak Reference
    _printf_mbtowc                            - Undefined Weak Reference
    _printf_wc                                - Undefined Weak Reference
    _rand_init                                - Undefined Weak Reference
    _scanf_longlong                           - Undefined Weak Reference
    _scanf_mbtowc                             - Undefined Weak Reference
    _scanf_real                               - Undefined Weak Reference
    _scanf_string                             - Undefined Weak Reference
    _scanf_wctomb                             - Undefined Weak Reference
    _scanf_wstring                            - Undefined Weak Reference
    _signal_finish                            - Undefined Weak Reference
    _signal_init                              - Undefined Weak Reference
    __main                                   0x000000cd   Thumb Code     8  __main.o(!!!main)
    __scatterload                            0x000000d5   Thumb Code     0  __scatter.o(!!!scatter)
    __scatterload_rt2                        0x000000d5   Thumb Code    44  __scatter.o(!!!scatter)
    __scatterload_rt2_thumb_only             0x000000d5   Thumb Code     0  __scatter.o(!!!scatter)
    __scatterload_null                       0x000000e3   Thumb Code     0  __scatter.o(!!!scatter)
    __scatterload_copy                       0x00000109   Thumb Code    26  __scatter_copy.o(!!handler_copy)
    __scatterload_zeroinit                   0x00000125   Thumb Code    28  __scatter_zi.o(!!handler_zi)
    __rt_lib_init                            0x00000141   Thumb Code     0  libinit.o(.ARM.Collect$$libinit$$00000000)
    __rt_lib_init_alloca_1                   0x00000143   Thumb Code     0  libinit2.o(.ARM.Collect$$libinit$$0000002E)
    __rt_lib_init_argv_1                     0x00000143   Thumb Code     0  libinit2.o(.ARM.Collect$$libinit$$0000002C)
    __rt_lib_init_atexit_1                   0x00000143   Thumb Code     0  libinit2.o(.ARM.Collect$$libinit$$0000001B)
    __rt_lib_init_clock_1                    0x00000143   Thumb Code     0  libinit2.o(.ARM.Collect$$libinit$$00000021)
    __rt_lib_init_cpp_1                      0x00000143   Thumb Code     0  libinit2.o(.ARM.Collect$$libinit$$00000032)
    __rt_lib_init_exceptions_1               0x00000143   Thumb Code     0  libinit2.o(.ARM.Collect$$libinit$$00000030)
    __rt_lib_init_fp_1                       0x00000143   Thumb Code     0  libinit2.o(.ARM.Collect$$libinit$$00000002)
    __rt_lib_init_fp_trap_1                  0x00000143   Thumb Code     0  libinit2.o(.ARM.Collect$$libinit$$0000001F)
    __rt_lib_init_getenv_1                   0x00000143   Thumb Code     0  libinit2.o(.ARM.Collect$$libinit$$00000023)
    __rt_lib_init_heap_1                     0x00000143   Thumb Code     0  libinit2.o(.ARM.Collect$$libinit$$0000000A)
    __rt_lib_init_lc_collate_1               0x00000143   Thumb Code     0  libinit2.o(.ARM.Collect$$libinit$$00000011)
    __rt_lib_init_lc_ctype_1                 0x00000143   Thumb Code     0  libinit2.o(.ARM.Collect$$libinit$$00000013)
    __rt_lib_init_lc_monetary_1              0x00000143   Thumb Code     0  libinit2.o(.ARM.Collect$$libinit$$00000015)
    __rt_lib_init_lc_numeric_1               0x00000143   Thumb Code     0  libinit2.o(.ARM.Collect$$libinit$$00000017)
    __rt_lib_init_lc_time_1                  0x00000143   Thumb Code     0  libinit2.o(.ARM.Collect$$libinit$$00000019)
    __rt_lib_init_preinit_1                  0x00000143   Thumb Code     0  libinit2.o(.ARM.Collect$$libinit$$00000004)
    __rt_lib_init_rand_1                     0x00000143   Thumb Code     0  libinit2.o(.ARM.Collect$$libinit$$0000000E)
    __rt_lib_init_return                     0x00000143   Thumb Code     0  libinit2.o(.ARM.Collect$$libinit$$00000033)
    __rt_lib_init_signal_1                   0x00000143   Thumb Code     0  libinit2.o(.ARM.Collect$$libinit$$0000001D)
    __rt_lib_init_stdio_1                    0x00000143   Thumb Code     0  libinit2.o(.ARM.Collect$$libinit$$00000025)
    __rt_lib_init_user_alloc_1               0x00000143   Thumb Code     0  libinit2.o(.ARM.Collect$$libinit$$0000000C)
    __rt_lib_shutdown                        0x00000145   Thumb Code     0  libshutdown.o(.ARM.Collect$$libshutdown$$00000000)
    __rt_lib_shutdown_cpp_1                  0x00000147   Thumb Code     0  libshutdown2.o(.ARM.Collect$$libshutdown$$00000002)
    __rt_lib_shutdown_fp_trap_1              0x00000147   Thumb Code     0  libshutdown2.o(.ARM.Collect$$libshutdown$$00000007)
    __rt_lib_shutdown_heap_1                 0x00000147   Thumb Code     0  libshutdown2.o(.ARM.Collect$$libshutdown$$0000000F)
    __rt_lib_shutdown_return                 0x00000147   Thumb Code     0  libshutdown2.o(.ARM.Collect$$libshutdown$$00000010)
    __rt_lib_shutdown_signal_1               0x00000147   Thumb Code     0  libshutdown2.o(.ARM.Collect$$libshutdown$$0000000A)
    __rt_lib_shutdown_stdio_1                0x00000147   Thumb Code     0  libshutdown2.o(.ARM.Collect$$libshutdown$$00000004)
    __rt_lib_shutdown_user_alloc_1           0x00000147   Thumb Code     0  libshutdown2.o(.ARM.Collect$$libshutdown$$0000000C)
    __rt_entry                               0x00000149   Thumb Code     0  __rtentry.o(.ARM.Collect$$rtentry$$00000000)
    __rt_entry_presh_1                       0x00000149   Thumb Code     0  __rtentry2.o(.ARM.Collect$$rtentry$$00000002)
    __rt_entry_sh                            0x00000149   Thumb Code     0  __rtentry4.o(.ARM.Collect$$rtentry$$00000004)
    __rt_entry_li                            0x0000014f   Thumb Code     0  __rtentry2.o(.ARM.Collect$$rtentry$$0000000A)
    __rt_entry_postsh_1                      0x0000014f   Thumb Code     0  __rtentry2.o(.ARM.Collect$$rtentry$$00000009)
    __rt_entry_postli_1                      0x00000153   Thumb Code     0  __rtentry2.o(.ARM.Collect$$rtentry$$0000000B)
    __rt_entry_main                          0x0000015b   Thumb Code     0  __rtentry2.o(.ARM.Collect$$rtentry$$0000000D)
    __rt_exit                                0x00000163   Thumb Code     0  rtexit.o(.ARM.Collect$$rtexit$$00000000)
    __rt_exit_ls                             0x00000165   Thumb Code     0  rtexit2.o(.ARM.Collect$$rtexit$$00000003)
    __rt_exit_prels_1                        0x00000165   Thumb Code     0  rtexit2.o(.ARM.Collect$$rtexit$$00000002)
    __rt_exit_exit                           0x00000169   Thumb Code     0  rtexit2.o(.ARM.Collect$$rtexit$$00000004)
    _platform_post_lib_init                  0x00000171   Thumb Code    24  rtx_conf_cm.o(.emb_text)
    rt_set_PSP                               0x0000018d   Thumb Code     6  hal_cm3.o(.emb_text)
    rt_get_PSP                               0x00000193   Thumb Code     6  hal_cm3.o(.emb_text)
    os_set_env                               0x00000199   Thumb Code    24  hal_cm3.o(.emb_text)
    _alloc_box                               0x000001b5   Thumb Code    28  hal_cm3.o(.emb_text)
    _free_box                                0x000001d5   Thumb Code    28  hal_cm3.o(.emb_text)
    SVC_Handler                              0x000001f5   Thumb Code   108  hal_cm3.o(.emb_text)
    PendSV_Handler                           0x0000026d   Thumb Code    56  hal_cm3.o(.emb_text)
    SysTick_Handler                          0x000002a9   Thumb Code     8  hal_cm3.o(.emb_text)
    OS_Tick_Handler                          0x000002b1   Thumb Code    12  hal_cm3.o(.emb_text)
    Reset_Handler                            0x000002bd   Thumb Code     8  startup_lpc17xx.o(.text)
    NMI_Handler                              0x000002c5   Thumb Code     2  startup_lpc17xx.o(.text)
    HardFault_Handler                        0x000002c7   Thumb Code     2  startup_lpc17xx.o(.text)
    MemManage_Handler                        0x000002c9   Thumb Code     2  startup_lpc17xx.o(.text)
    BusFault_Handler                         0x000002cb   Thumb Code     2  startup_lpc17xx.o(.text)
    UsageFault_Handler                       0x000002cd   Thumb Code     2  startup_lpc17xx.o(.text)
    DebugMon_Handler                         0x000002d1   Thumb Code     2  startup_lpc17xx.o(.text)
    ADC_IRQHandler                           0x000002d7   Thumb Code     0  startup_lpc17xx.o(.text)
    BOD_IRQHandler                           0x000002d7   Thumb Code     0  startup_lpc17xx.o(.text)
    CANActivity_IRQHandler                   0x000002d7   Thumb Code     0  startup_lpc17xx.o(.text)
    CAN_IRQHandler                           0x000002d7   Thumb Code     0  startup_lpc17xx.o(.text)
    EINT0_IRQHandler                         0x000002d7   Thumb Code     0  startup_lpc17xx.o(.text)
    EINT1_IRQHandler                         0x000002d7   Thumb Code     0  startup_lpc17xx.o(.text)
    EINT2_IRQHandler                         0x000002d7   Thumb Code     0  startup_lpc17xx.o(.text)
    EINT3_IRQHandler                         0x000002d7   Thumb Code     0  startup_lpc17xx.o(.text)
    I2C0_IRQHandler                          0x000002d7   Thumb Code     0  startup_lpc17xx.o(.text)
    I2C1_IRQHandler                          0x000002d7   Thumb Code     0  startup_lpc17xx.o(.text)
    I2C2_IRQHandler                          0x000002d7   Thumb Code     0  startup_lpc17xx.o(.text)
    I2S_IRQHandler                           0x000002d7   Thumb Code     0  startup_lpc17xx.o(.text)
    MCPWM_IRQHandler                         0x000002d7   Thumb Code     0  startup_lpc17xx.o(.text)
    PLL0_IRQHandler                          0x000002d7   Thumb Code     0  startup_lpc17xx.o(.text)
    PLL1_IRQHandler                          0x000002d7   Thumb Code     0  startup_lpc17xx.o(.text)
    PWM1_IRQHandler                          0x000002d7   Thumb Code     0  startup_lpc17xx.o(.text)
    QEI_IRQHandler                           0x000002d7   Thumb Code     0  startup_lpc17xx.o(.text)
    RIT_IRQHandler                           0x000002d7   Thumb Code     0  startup_lpc17xx.o(.text)
    RTC_IRQHandler                           0x000002d7   Thumb Code     0  startup_lpc17xx.o(.text)
    SPI_IRQHandler                           0x000002d7   Thumb Code     0  startup_lpc17xx.o(.text)
    SSP0_IRQHandler                          0x000002d7   Thumb Code     0  startup_lpc17xx.o(.text)
    SSP1_IRQHandler                          0x000002d7   Thumb Code     0  startup_lpc17xx.o(.text)
    TIMER0_IRQHandler                        0x000002d7   Thumb Code     0  startup_lpc17xx.o(.text)
    TIMER1_IRQHandler                        0x000002d7   Thumb Code     0  startup_lpc17xx.o(.text)
    TIMER2_IRQHandler                        0x000002d7   Thumb Code     0  startup_lpc17xx.o(.text)
    TIMER3_IRQHandler                        0x000002d7   Thumb Code     0  startup_lpc17xx.o(.text)
    UART2_IRQHandler                         0x000002d7   Thumb Code     0  startup_lpc17xx.o(.text)
    UART3_IRQHandler                         0x000002d7   Thumb Code     0  startup_lpc17xx.o(.text)
    USBActivity_IRQHandler                   0x000002d7   Thumb Code     0  startup_lpc17xx.o(.text)
    USB_IRQHandler                           0x000002d7   Thumb Code     0  startup_lpc17xx.o(.text)
    WDT_IRQHandler                           0x000002d7   Thumb Code     0  startup_lpc17xx.o(.text)
    __user_initial_stackheap                 0x000002d9   Thumb Code     0  startup_lpc17xx.o(.text)
    __I$use$semihosting                      0x000002f9   Thumb Code     0  use_no_semi.o(.text)
    __use_no_semihosting_swi                 0x000002f9   Thumb Code     2  use_no_semi.o(.text)
    __semihosting_library_function           0x000002fb   Thumb Code     0  indicate_semi.o(.text)
    os_tick_irqack                           0x000002fb   Thumb Code     2  rt_system.o(i.os_tick_irqack)
    __user_libspace                          0x00000301   Thumb Code     8  libspace.o(.text)
    __user_perproc_libspace                  0x00000301   Thumb Code     0  libspace.o(.text)
    __aeabi_uldivmod                         0x00000309   Thumb Code     0  lludivv7m.o(.text)
    _ll_udiv                                 0x00000309   Thumb Code   238  lludivv7m.o(.text)
    exit                                     0x000003f7   Thumb Code    18  exit.o(.text)
    __use_two_region_memory                  0x00000409   Thumb Code     2  heapauxi.o(.text)
    __rt_heap_escrow                         0x0000040b   Thumb Code     2  heapauxi.o(.text)
    __rt_heap_expand                         0x0000040d   Thumb Code     2  heapauxi.o(.text)
    _sys_exit                                0x00000411   Thumb Code     8  sys_exit.o(.text)
    __user_setup_stackheap                   0x0000041d   Thumb Code    74  sys_stackheap_outer.o(.text)
    SVC_Count                                0x00000468   Data           4  svc_table.o(SVC_TABLE)
    SVC_Table                                0x0000046c   Data           0  svc_table.o(SVC_TABLE)
    __RL_RTX_VER                             0x00000481   Number         0  rt_system.o ABSOLUTE
    DMA_IRQHandler                           0x0000062d   Thumb Code   100  gpdma_lpc17xx.o(i.DMA_IRQHandler)
    ENET_IRQHandler                          0x00000699   Thumb Code    62  emac_lpc17xx.o(i.ENET_IRQHandler)
    GPDMA_ChannelConfigure                   0x000006e1   Thumb Code   136  gpdma_lpc17xx.o(i.GPDMA_ChannelConfigure)
    GPDMA_ChannelDisable                     0x00000779   Thumb Code    44  gpdma_lpc17xx.o(i.GPDMA_ChannelDisable)
    GPDMA_ChannelGetCount                    0x000007a9   Thumb Code    32  gpdma_lpc17xx.o(i.GPDMA_ChannelGetCount)
    GPDMA_Initialize                         0x000007d1   Thumb Code   112  gpdma_lpc17xx.o(i.GPDMA_Initialize)
    GPDMA_PeripheralSelect                   0x00000855   Thumb Code    62  gpdma_lpc17xx.o(i.GPDMA_PeripheralSelect)
    GPDMA_Uninitialize                       0x00000899   Thumb Code    84  gpdma_lpc17xx.o(i.GPDMA_Uninitialize)
    GPIO_PinWrite                            0x000008f9   Thumb Code    36  gpio_lpc17xx.o(i.GPIO_PinWrite)
    GPIO_PortRead                            0x00000921   Thumb Code    14  gpio_lpc17xx.o(i.GPIO_PortRead)
    GPIO_SetDir                              0x00000935   Thumb Code    52  gpio_lpc17xx.o(i.GPIO_SetDir)
    PIN_Configure                            0x00000e91   Thumb Code   246  pin_lpc17xx.o(i.PIN_Configure)
    SystemCoreClockUpdate                    0x0000156d   Thumb Code   408  system_lpc17xx.o(i.SystemCoreClockUpdate)
    SystemInit                               0x00001715   Thumb Code   302  system_lpc17xx.o(i.SystemInit)
    UART0_IRQHandler                         0x00001855   Thumb Code    10  uart_lpc17xx.o(i.UART0_IRQHandler)
    UART1_IRQHandler                         0x00001865   Thumb Code    10  uart_lpc17xx.o(i.UART1_IRQHandler)
    USART0_GPDMA_Rx_Event                    0x0000188d   Thumb Code    14  uart_lpc17xx.o(i.USART0_GPDMA_Rx_Event)
    USART0_GPDMA_Tx_Event                    0x000018a1   Thumb Code    14  uart_lpc17xx.o(i.USART0_GPDMA_Tx_Event)
    USART1_GPDMA_Rx_Event                    0x000019b5   Thumb Code    14  uart_lpc17xx.o(i.USART1_GPDMA_Rx_Event)
    USART1_GPDMA_Tx_Event                    0x000019c9   Thumb Code    14  uart_lpc17xx.o(i.USART1_GPDMA_Tx_Event)
    USART_SetBaudrate                        0x00002b8d   Thumb Code   302  uart_lpc17xx.o(i.USART_SetBaudrate)
    itmPrintln(char*)                        0x00002fd9   Thumb Code    72  itm_arm.o(i._Z10itmPrintlnPc)
    ethernetEvent(unsigned)                  0x00003021   Thumb Code    12  main.o(i._Z13ethernetEventj)
    ledInitialize()                          0x00003049   Thumb Code    26  main.o(i._Z13ledInitializev)
    heartBeatThread(const void*)             0x0000306d   Thumb Code    34  main.o(i._Z15heartBeatThreadPKv)
    initializeThread(const void*)            0x00003095   Thumb Code    10  main.o(i._Z16initializeThreadPKv)
    ethernetInitialize()                     0x000030a1   Thumb Code   132  main.o(i._Z18ethernetInitializev)
    ethernet_check_link_status()             0x00003141   Thumb Code   130  main.o(i._Z26ethernet_check_link_statusv)
    _init_box                                0x000031d1   Thumb Code    70  rt_membox.o(i._init_box)
    _mutex_acquire                           0x00003219   Thumb Code    22  rtx_conf_cm.o(i._mutex_acquire)
    _mutex_release                           0x00003239   Thumb Code    18  rtx_conf_cm.o(i._mutex_release)
    dbg_init                                 0x000032a1   Thumb Code    34  hal_cm.o(i.dbg_init)
    dbg_task_notify                          0x000032d1   Thumb Code    32  hal_cm.o(i.dbg_task_notify)
    dbg_task_switch                          0x000032f1   Thumb Code    16  hal_cm.o(i.dbg_task_switch)
    isrMessageGet                            0x00003409   Thumb Code    42  rt_cmsis.o(i.isrMessageGet)
    isrMessagePut                            0x00003433   Thumb Code    44  rt_cmsis.o(i.isrMessagePut)
    isr_mbx_receive                          0x00003461   Thumb Code    86  rt_mailbox.o(i.isr_mbx_receive)
    isr_mbx_send                             0x000034b7   Thumb Code    14  rt_mailbox.o(i.isr_mbx_send)
    main                                     0x000034c5   Thumb Code   112  main.o(i.main)
    osDelay                                  0x00003549   Thumb Code    18  rt_cmsis.o(i.osDelay)
    osKernelInitialize                       0x00003561   Thumb Code    30  rt_cmsis.o(i.osKernelInitialize)
    osKernelStart                            0x00003585   Thumb Code    98  rt_cmsis.o(i.osKernelStart)
    osKernelSysTick                          0x000035f1   Thumb Code    18  rt_cmsis.o(i.osKernelSysTick)
    osMessageGet                             0x00003609   Thumb Code    18  rt_cmsis.o(i.osMessageGet)
    osThreadCreate                           0x00003621   Thumb Code    38  rt_cmsis.o(i.osThreadCreate)
    osThreadExit                             0x00003651   Thumb Code    14  rt_cmsis.o(i.osThreadExit)
    osTimerCall                              0x00003669   Thumb Code     8  rt_cmsis.o(i.osTimerCall)
    osTimerThread                            0x00003675   Thumb Code    38  rt_cmsis.o(i.osTimerThread)
    os_error                                 0x000036a1   Thumb Code    32  rtx_conf_cm.o(i.os_error)
    os_idle_demon                            0x000036c1   Thumb Code     6  rtx_conf_cm.o(i.os_idle_demon)
    os_tick_init                             0x000036c9   Thumb Code    32  rt_system.o(i.os_tick_init)
    os_tick_ovf                              0x000036f1   Thumb Code    10  rt_system.o(i.os_tick_ovf)
    os_tick_val                              0x00003701   Thumb Code    14  rt_system.o(i.os_tick_val)
    rt_alloc_box                             0x00003755   Thumb Code    26  rt_membox.o(i.rt_alloc_box)
    rt_alloc_mem                             0x0000376f   Thumb Code    62  rt_memory.o(i.rt_alloc_mem)
    rt_block                                 0x000037ad   Thumb Code    48  rt_task.o(i.rt_block)
    rt_chk_robin                             0x000037e5   Thumb Code    60  rt_robin.o(i.rt_chk_robin)
    rt_dec_dly                               0x0000382d   Thumb Code   102  rt_list.o(i.rt_dec_dly)
    rt_dispatch                              0x0000389d   Thumb Code    60  rt_task.o(i.rt_dispatch)
    rt_dly_wait                              0x000038e1   Thumb Code     6  rt_time.o(i.rt_dly_wait)
    rt_evt_psh                               0x000038e9   Thumb Code    76  rt_event.o(i.rt_evt_psh)
    rt_free_box                              0x00003939   Thumb Code    44  rt_membox.o(i.rt_free_box)
    rt_free_mem                              0x00003965   Thumb Code    40  rt_memory.o(i.rt_free_mem)
    rt_get_first                             0x0000398d   Thumb Code    40  rt_list.o(i.rt_get_first)
    rt_init_mem                              0x00003a05   Thumb Code    26  rt_memory.o(i.rt_init_mem)
    rt_init_robin                            0x00003a21   Thumb Code    14  rt_robin.o(i.rt_init_robin)
    rt_init_stack                            0x00003a39   Thumb Code   118  hal_cm.o(i.rt_init_stack)
    rt_mbx_check                             0x00003ab9   Thumb Code     8  rt_mailbox.o(i.rt_mbx_check)
    rt_mbx_init                              0x00003ac1   Thumb Code    26  rt_mailbox.o(i.rt_mbx_init)
    rt_mbx_psh                               0x00003add   Thumb Code   236  rt_mailbox.o(i.rt_mbx_psh)
    rt_mbx_wait                              0x00003bcd   Thumb Code   174  rt_mailbox.o(i.rt_mbx_wait)
    rt_mut_release                           0x00003cc5   Thumb Code   208  rt_mutex.o(i.rt_mut_release)
    rt_mut_wait                              0x00003d9d   Thumb Code   100  rt_mutex.o(i.rt_mut_wait)
    rt_pop_req                               0x00003e05   Thumb Code   112  rt_system.o(i.rt_pop_req)
    rt_psh_req                               0x00003e81   Thumb Code    22  rt_system.o(i.rt_psh_req)
    rt_psq_enq                               0x00003ea1   Thumb Code    88  rt_list.o(i.rt_psq_enq)
    rt_put_dly                               0x00003efd   Thumb Code    68  rt_list.o(i.rt_put_dly)
    rt_put_prio                              0x00003f45   Thumb Code    54  rt_list.o(i.rt_put_prio)
    rt_put_rdy_first                         0x00003f7d   Thumb Code    14  rt_list.o(i.rt_put_rdy_first)
    rt_resort_prio                           0x00003f91   Thumb Code    46  rt_list.o(i.rt_resort_prio)
    rt_ret_val                               0x00003fc5   Thumb Code     6  hal_cm.o(i.rt_ret_val)
    rt_ret_val2                              0x00003fcb   Thumb Code     8  hal_cm.o(i.rt_ret_val2)
    rt_rmv_dly                               0x00003fd3   Thumb Code    40  rt_list.o(i.rt_rmv_dly)
    rt_rmv_list                              0x00003ffd   Thumb Code    44  rt_list.o(i.rt_rmv_list)
    rt_sem_psh                               0x0000402d   Thumb Code    48  rt_semaphore.o(i.rt_sem_psh)
    rt_stk_check                             0x00004061   Thumb Code    28  rt_system.o(i.rt_stk_check)
    rt_switch_req                            0x00004085   Thumb Code    30  rt_task.o(i.rt_switch_req)
    rt_sys_init                              0x000040ad   Thumb Code   138  rt_task.o(i.rt_sys_init)
    rt_sys_start                             0x00004179   Thumb Code   110  rt_task.o(i.rt_sys_start)
    rt_systick                               0x000041f1   Thumb Code    50  rt_system.o(i.rt_systick)
    rt_tsk_create                            0x00004279   Thumb Code   118  rt_task.o(i.rt_tsk_create)
    rt_tsk_delete                            0x00004301   Thumb Code   352  rt_task.o(i.rt_tsk_delete)
    rt_tsk_prio                              0x0000447d   Thumb Code   108  rt_task.o(i.rt_tsk_prio)
    rt_tsk_self                              0x000044f9   Thumb Code    12  rt_task.o(i.rt_tsk_self)
    svcDelay                                 0x00004509   Thumb Code    18  rt_cmsis.o(i.svcDelay)
    svcKernelInitialize                      0x0000451d   Thumb Code    80  rt_cmsis.o(i.svcKernelInitialize)
    svcKernelStart                           0x0000458d   Thumb Code    62  rt_cmsis.o(i.svcKernelStart)
    svcKernelSysTick                         0x000045d5   Thumb Code    46  rt_cmsis.o(i.svcKernelSysTick)
    svcMessageCreate                         0x0000460d   Thumb Code    36  rt_cmsis.o(i.svcMessageCreate)
    svcMessageGet                            0x00004631   Thumb Code    58  rt_cmsis.o(i.svcMessageGet)
    svcThreadCreate                          0x0000466d   Thumb Code   100  rt_cmsis.o(i.svcThreadCreate)
    svcThreadGetId                           0x000046dd   Thumb Code    22  rt_cmsis.o(i.svcThreadGetId)
    svcThreadTerminate                       0x000046f9   Thumb Code    50  rt_cmsis.o(i.svcThreadTerminate)
    svcTimerCall                             0x00004731   Thumb Code    24  rt_cmsis.o(i.svcTimerCall)
    sysTimerTick                             0x00004749   Thumb Code    84  rt_cmsis.o(i.sysTimerTick)
    os_maxtaskrun                            0x000047f0   Data           2  rtx_conf_cm.o(.constdata)
    os_stackinfo                             0x000047f4   Data           4  rtx_conf_cm.o(.constdata)
    os_rrobin                                0x000047f8   Data           4  rtx_conf_cm.o(.constdata)
    os_tickfreq                              0x000047fc   Data           4  rtx_conf_cm.o(.constdata)
    os_tickus_i                              0x00004800   Data           2  rtx_conf_cm.o(.constdata)
    os_tickus_f                              0x00004802   Data           2  rtx_conf_cm.o(.constdata)
    os_trv                                   0x00004804   Data           4  rtx_conf_cm.o(.constdata)
    os_flags                                 0x00004808   Data           1  rtx_conf_cm.o(.constdata)
    CMSIS_RTOS_API_Version                   0x0000480c   Data           4  rtx_conf_cm.o(.constdata)
    CMSIS_RTOS_RTX_Version                   0x00004810   Data           4  rtx_conf_cm.o(.constdata)
    os_clockrate                             0x00004814   Data           4  rtx_conf_cm.o(.constdata)
    os_timernum                              0x00004818   Data           4  rtx_conf_cm.o(.constdata)
    mp_tcb_size                              0x0000481c   Data           2  rtx_conf_cm.o(.constdata)
    mp_stk_size                              0x00004820   Data           4  rtx_conf_cm.o(.constdata)
    os_stack_sz                              0x00004824   Data           4  rtx_conf_cm.o(.constdata)
    os_fifo_size                             0x00004828   Data           1  rtx_conf_cm.o(.constdata)
    os_thread_def_osTimerThread              0x0000482c   Data          16  rtx_conf_cm.o(.constdata)
    os_messageQ_def_osTimerMessageQ          0x0000483c   Data           8  rtx_conf_cm.o(.constdata)
    mp_tmr_size                              0x00004844   Data           2  rtx_conf_cm.o(.constdata)
    os_thread_def_main                       0x00004848   Data          16  rtx_conf_cm.o(.constdata)
    Driver_USART0                            0x00004a64   Data          56  uart_lpc17xx.o(.constdata)
    Driver_USART1                            0x00004a9c   Data          56  uart_lpc17xx.o(.constdata)
    Driver_ETH_MAC0                          0x00004adc   Data          68  emac_lpc17xx.o(.constdata)
    Driver_ETH_PHY0                          0x00004b24   Data          32  phy_lan8720.o(.constdata)
    Region$$Table$$Base                      0x00004b44   Number         0  anon$$obj.o(Region$$Table)
    Region$$Table$$Limit                     0x00004b64   Number         0  anon$$obj.o(Region$$Table)
    __MW_NET_VER                             0x07010000   Number         0  net_version.o ABSOLUTE
    Driver_USART1_STATUS                     0x10000000   Data           4  main.o(.data)
    pData                                    0x10000016   Data           1  main.o(.data)
    readout                                  0x10000018   Data           4  main.o(.data)
    wh                                       0x1000001c   Data           4  main.o(.data)
    checkstring                              0x10000020   Data          25  main.o(.data)
    flag                                     0x1000003c   Data           4  main.o(.data)
    head                                     0x10000040   Data           4  main.o(.data)
    tail                                     0x10000044   Data           4  main.o(.data)
    osThreadId_osTimerThread                 0x1000004c   Data           4  rtx_conf_cm.o(.data)
    osMessageQId_osTimerMessageQ             0x10000050   Data           4  rtx_conf_cm.o(.data)
    os_tmr                                   0x10000054   Data           4  rtx_conf_cm.o(.data)
    m_tmr                                    0x10000058   Data           4  rtx_conf_cm.o(.data)
    iap_entry                                0x1000007c   Data           4  emac_lpc17xx.o(.data)
    SystemCoreClock                          0x10000088   Data           4  system_lpc17xx.o(.data)
    os_initialized                           0x1000008c   Data           1  rt_cmsis.o(.data)
    os_running                               0x1000008d   Data           1  rt_cmsis.o(.data)
    os_timer_head                            0x10000090   Data           4  rt_cmsis.o(.data)
    os_tsk                                   0x10000094   Data           8  rt_task.o(.data)
    os_tick_irqn                             0x100000a0   Data           4  rt_system.o(.data)
    os_time                                  0x100000a4   Data           4  rt_time.o(.data)
    os_robin                                 0x100000a8   Data           8  rt_robin.o(.data)
    dbg_msg                                  0x100000b0   Data           1  hal_cm.o(.data)
    Driver_USART1_INFO                       0x100000b4   Data          28  main.o(.bss)
    temp                                     0x100000d0   Data         100  main.o(.bss)
    ne                                       0x10000134   Data          25  main.o(.bss)
    ringBuffer                               0x1000014d   Data          35  main.o(.bss)
    mp_tcb                                   0x10000170   Data         376  rtx_conf_cm.o(.bss)
    mp_stk                                   0x100002e8   Data        1216  rtx_conf_cm.o(.bss)
    os_stack_mem                             0x100007a8   Data         432  rtx_conf_cm.o(.bss)
    os_fifo                                  0x10000958   Data         132  rtx_conf_cm.o(.bss)
    os_active_TCB                            0x100009dc   Data          28  rtx_conf_cm.o(.bss)
    os_messageQ_q_osTimerMessageQ            0x100009f8   Data          32  rtx_conf_cm.o(.bss)
    os_idle_TCB                              0x10003858   Data          52  rt_task.o(.bss)
    os_rdy                                   0x1000388c   Data          24  rt_list.o(.bss)
    os_dly                                   0x100038a4   Data          24  rt_list.o(.bss)
    __libspace_start                         0x100038bc   Data          96  libspace.o(.bss)
    __temporary_stack_top$libspace           0x1000391c   Data           0  libspace.o(.bss)



==============================================================================

Memory Map of the image

  Image Entry point : 0x000000cd

  Load Region LR_IROM1 (Base: 0x00000000, Size: 0x00004c18, Max: 0x00080000, ABSOLUTE)

    Execution Region ER_IROM1 (Base: 0x00000000, Size: 0x00004b64, Max: 0x00080000, ABSOLUTE)

    Base Addr    Size         Type   Attr      Idx    E Section Name        Object

    0x00000000   0x000000cc   Data   RO         1127    RESET               startup_lpc17xx.o
    0x000000cc   0x00000008   Code   RO         3388  * !!!main             c_w.l(__main.o)
    0x000000d4   0x00000034   Code   RO         3845    !!!scatter          c_w.l(__scatter.o)
    0x00000108   0x0000001a   Code   RO         3847    !!handler_copy      c_w.l(__scatter_copy.o)
    0x00000122   0x00000002   PAD
    0x00000124   0x0000001c   Code   RO         3849    !!handler_zi        c_w.l(__scatter_zi.o)
    0x00000140   0x00000002   Code   RO         3641    .ARM.Collect$$libinit$$00000000  c_w.l(libinit.o)
    0x00000142   0x00000000   Code   RO         3643    .ARM.Collect$$libinit$$00000002  c_w.l(libinit2.o)
    0x00000142   0x00000000   Code   RO         3645    .ARM.Collect$$libinit$$00000004  c_w.l(libinit2.o)
    0x00000142   0x00000000   Code   RO         3648    .ARM.Collect$$libinit$$0000000A  c_w.l(libinit2.o)
    0x00000142   0x00000000   Code   RO         3650    .ARM.Collect$$libinit$$0000000C  c_w.l(libinit2.o)
    0x00000142   0x00000000   Code   RO         3652    .ARM.Collect$$libinit$$0000000E  c_w.l(libinit2.o)
    0x00000142   0x00000000   Code   RO         3655    .ARM.Collect$$libinit$$00000011  c_w.l(libinit2.o)
    0x00000142   0x00000000   Code   RO         3657    .ARM.Collect$$libinit$$00000013  c_w.l(libinit2.o)
    0x00000142   0x00000000   Code   RO         3659    .ARM.Collect$$libinit$$00000015  c_w.l(libinit2.o)
    0x00000142   0x00000000   Code   RO         3661    .ARM.Collect$$libinit$$00000017  c_w.l(libinit2.o)
    0x00000142   0x00000000   Code   RO         3663    .ARM.Collect$$libinit$$00000019  c_w.l(libinit2.o)
    0x00000142   0x00000000   Code   RO         3665    .ARM.Collect$$libinit$$0000001B  c_w.l(libinit2.o)
    0x00000142   0x00000000   Code   RO         3667    .ARM.Collect$$libinit$$0000001D  c_w.l(libinit2.o)
    0x00000142   0x00000000   Code   RO         3669    .ARM.Collect$$libinit$$0000001F  c_w.l(libinit2.o)
    0x00000142   0x00000000   Code   RO         3671    .ARM.Collect$$libinit$$00000021  c_w.l(libinit2.o)
    0x00000142   0x00000000   Code   RO         3673    .ARM.Collect$$libinit$$00000023  c_w.l(libinit2.o)
    0x00000142   0x00000000   Code   RO         3675    .ARM.Collect$$libinit$$00000025  c_w.l(libinit2.o)
    0x00000142   0x00000000   Code   RO         3679    .ARM.Collect$$libinit$$0000002C  c_w.l(libinit2.o)
    0x00000142   0x00000000   Code   RO         3681    .ARM.Collect$$libinit$$0000002E  c_w.l(libinit2.o)
    0x00000142   0x00000000   Code   RO         3683    .ARM.Collect$$libinit$$00000030  c_w.l(libinit2.o)
    0x00000142   0x00000000   Code   RO         3685    .ARM.Collect$$libinit$$00000032  c_w.l(libinit2.o)
    0x00000142   0x00000002   Code   RO         3686    .ARM.Collect$$libinit$$00000033  c_w.l(libinit2.o)
    0x00000144   0x00000002   Code   RO         3687    .ARM.Collect$$libshutdown$$00000000  c_w.l(libshutdown.o)
    0x00000146   0x00000000   Code   RO         3689    .ARM.Collect$$libshutdown$$00000002  c_w.l(libshutdown2.o)
    0x00000146   0x00000000   Code   RO         3691    .ARM.Collect$$libshutdown$$00000004  c_w.l(libshutdown2.o)
    0x00000146   0x00000000   Code   RO         3694    .ARM.Collect$$libshutdown$$00000007  c_w.l(libshutdown2.o)
    0x00000146   0x00000000   Code   RO         3697    .ARM.Collect$$libshutdown$$0000000A  c_w.l(libshutdown2.o)
    0x00000146   0x00000000   Code   RO         3699    .ARM.Collect$$libshutdown$$0000000C  c_w.l(libshutdown2.o)
    0x00000146   0x00000000   Code   RO         3702    .ARM.Collect$$libshutdown$$0000000F  c_w.l(libshutdown2.o)
    0x00000146   0x00000002   Code   RO         3703    .ARM.Collect$$libshutdown$$00000010  c_w.l(libshutdown2.o)
    0x00000148   0x00000000   Code   RO         3390    .ARM.Collect$$rtentry$$00000000  c_w.l(__rtentry.o)
    0x00000148   0x00000000   Code   RO         3459    .ARM.Collect$$rtentry$$00000002  c_w.l(__rtentry2.o)
    0x00000148   0x00000006   Code   RO         3471    .ARM.Collect$$rtentry$$00000004  c_w.l(__rtentry4.o)
    0x0000014e   0x00000000   Code   RO         3461    .ARM.Collect$$rtentry$$00000009  c_w.l(__rtentry2.o)
    0x0000014e   0x00000004   Code   RO         3462    .ARM.Collect$$rtentry$$0000000A  c_w.l(__rtentry2.o)
    0x00000152   0x00000008   Code   RO         3463    .ARM.Collect$$rtentry$$0000000B  c_w.l(__rtentry2.o)
    0x0000015a   0x00000008   Code   RO         3465    .ARM.Collect$$rtentry$$0000000D  c_w.l(__rtentry2.o)
    0x00000162   0x00000002   Code   RO         3391    .ARM.Collect$$rtexit$$00000000  c_w.l(rtexit.o)
    0x00000164   0x00000000   Code   RO         3474    .ARM.Collect$$rtexit$$00000002  c_w.l(rtexit2.o)
    0x00000164   0x00000004   Code   RO         3475    .ARM.Collect$$rtexit$$00000003  c_w.l(rtexit2.o)
    0x00000168   0x00000006   Code   RO         3476    .ARM.Collect$$rtexit$$00000004  c_w.l(rtexit2.o)
    0x0000016e   0x00000002   PAD
    0x00000170   0x0000001c   Code   RO          310    .emb_text           rtx_conf_cm.o
    0x0000018c   0x00000130   Code   RO         2969    .emb_text           RTX_CM3.lib(hal_cm3.o)
    0x000002bc   0x0000003c   Code   RO         1129    .text               startup_lpc17xx.o
    0x000002f8   0x00000002   Code   RO         3711    .text               c_w.l(use_no_semi.o)
    0x000002fa   0x00000000   Code   RO         3713    .text               c_w.l(indicate_semi.o)
    0x000002fa   0x00000002   Code   RO         2516    i.os_tick_irqack    RTX_CM3.lib(rt_system.o)
    0x000002fc   0x00000004   Code   RO         1128    .ARM.__at_0x02FC    startup_lpc17xx.o
    0x00000300   0x00000008   Code   RO         3302    .text               c_w.l(libspace.o)
    0x00000308   0x000000ee   Code   RO         3305    .text               c_w.l(lludivv7m.o)
    0x000003f6   0x00000012   Code   RO         3374    .text               c_w.l(exit.o)
    0x00000408   0x00000006   Code   RO         3386    .text               c_w.l(heapauxi.o)
    0x0000040e   0x00000002   PAD
    0x00000410   0x0000000c   Code   RO         3515    .text               c_w.l(sys_exit.o)
    0x0000041c   0x0000004a   Code   RO         3517    .text               c_w.l(sys_stackheap_outer.o)
    0x00000466   0x00000002   PAD
    0x00000468   0x00000004   Code   RO         3297    SVC_TABLE           RTX_CM3.lib(svc_table.o)
    0x0000046c   0x00000020   Code   RO          944    i.Clear_Channel_active_flag  gpdma_lpc17xx.o
    0x0000048c   0x00000198   Code   RO          717    i.Control           emac_lpc17xx.o
    0x00000624   0x00000008   Code   RO          718    i.ControlTimer      emac_lpc17xx.o
    0x0000062c   0x0000006c   Code   RO          945    i.DMA_IRQHandler    gpdma_lpc17xx.o
    0x00000698   0x00000048   Code   RO          719    i.ENET_IRQHandler   emac_lpc17xx.o
    0x000006e0   0x00000098   Code   RO          946    i.GPDMA_ChannelConfigure  gpdma_lpc17xx.o
    0x00000778   0x00000030   Code   RO          947    i.GPDMA_ChannelDisable  gpdma_lpc17xx.o
    0x000007a8   0x00000028   Code   RO          949    i.GPDMA_ChannelGetCount  gpdma_lpc17xx.o
    0x000007d0   0x00000084   Code   RO          951    i.GPDMA_Initialize  gpdma_lpc17xx.o
    0x00000854   0x00000044   Code   RO          952    i.GPDMA_PeripheralSelect  gpdma_lpc17xx.o
    0x00000898   0x00000060   Code   RO          953    i.GPDMA_Uninitialize  gpdma_lpc17xx.o
    0x000008f8   0x00000028   Code   RO         1035    i.GPIO_PinWrite     gpio_lpc17xx.o
    0x00000920   0x00000014   Code   RO         1037    i.GPIO_PortRead     gpio_lpc17xx.o
    0x00000934   0x00000038   Code   RO         1039    i.GPIO_SetDir       gpio_lpc17xx.o
    0x0000096c   0x0000000c   Code   RO          720    i.GetCapabilities   emac_lpc17xx.o
    0x00000978   0x00000044   Code   RO          885    i.GetLinkInfo       phy_lan8720.o
    0x000009bc   0x0000002c   Code   RO          886    i.GetLinkState      phy_lan8720.o
    0x000009e8   0x00000048   Code   RO          721    i.GetMacAddress     emac_lpc17xx.o
    0x00000a30   0x00000054   Code   RO          722    i.GetRxFrameSize    emac_lpc17xx.o
    0x00000a84   0x00000008   Code   RO          723    i.GetRxFrameTime    emac_lpc17xx.o
    0x00000a8c   0x00000008   Code   RO          724    i.GetTxFrameTime    emac_lpc17xx.o
    0x00000a94   0x00000044   Code   RO          378    i.GetUsartClockFreq  uart_lpc17xx.o
    0x00000ad8   0x00000010   Code   RO          725    i.GetVersion        emac_lpc17xx.o
    0x00000ae8   0x00000010   Code   RO          887    i.GetVersion        phy_lan8720.o
    0x00000af8   0x00000170   Code   RO          726    i.Initialize        emac_lpc17xx.o
    0x00000c68   0x00000030   Code   RO          888    i.Initialize        phy_lan8720.o
    0x00000c98   0x0000001c   Code   RO          379    i.NVIC_ClearPendingIRQ  uart_lpc17xx.o
    0x00000cb4   0x0000001c   Code   RO          954    i.NVIC_ClearPendingIRQ  gpdma_lpc17xx.o
    0x00000cd0   0x000000e8   Code   RO          727    i.PHY_Read          emac_lpc17xx.o
    0x00000db8   0x000000d8   Code   RO          728    i.PHY_Write         emac_lpc17xx.o
    0x00000e90   0x000000fc   Code   RO         1092    i.PIN_Configure     pin_lpc17xx.o
    0x00000f8c   0x00000204   Code   RO          729    i.PowerControl      emac_lpc17xx.o
    0x00001190   0x000000d4   Code   RO          889    i.PowerControl      phy_lan8720.o
    0x00001264   0x00000074   Code   RO          730    i.ReadFrame         emac_lpc17xx.o
    0x000012d8   0x000000b8   Code   RO          731    i.SendFrame         emac_lpc17xx.o
    0x00001390   0x000000ac   Code   RO          732    i.SetAddressFilter  emac_lpc17xx.o
    0x0000143c   0x0000002c   Code   RO          890    i.SetInterface      phy_lan8720.o
    0x00001468   0x0000004c   Code   RO          733    i.SetMacAddress     emac_lpc17xx.o
    0x000014b4   0x00000080   Code   RO          891    i.SetMode           phy_lan8720.o
    0x00001534   0x00000038   Code   RO          955    i.Set_Channel_active_flag  gpdma_lpc17xx.o
    0x0000156c   0x000001a8   Code   RO         1138    i.SystemCoreClockUpdate  system_lpc17xx.o
    0x00001714   0x00000140   Code   RO         1139    i.SystemInit        system_lpc17xx.o
    0x00001854   0x00000010   Code   RO          380    i.UART0_IRQHandler  uart_lpc17xx.o
    0x00001864   0x00000010   Code   RO          381    i.UART1_IRQHandler  uart_lpc17xx.o
    0x00001874   0x00000018   Code   RO          382    i.USART0_Control    uart_lpc17xx.o
    0x0000188c   0x00000014   Code   RO          383    i.USART0_GPDMA_Rx_Event  uart_lpc17xx.o
    0x000018a0   0x00000014   Code   RO          384    i.USART0_GPDMA_Tx_Event  uart_lpc17xx.o
    0x000018b4   0x00000010   Code   RO          385    i.USART0_GetCapabilities  uart_lpc17xx.o
    0x000018c4   0x00000010   Code   RO          386    i.USART0_GetModemStatus  uart_lpc17xx.o
    0x000018d4   0x00000010   Code   RO          387    i.USART0_GetRxCount  uart_lpc17xx.o
    0x000018e4   0x00000010   Code   RO          388    i.USART0_GetStatus  uart_lpc17xx.o
    0x000018f4   0x00000010   Code   RO          389    i.USART0_GetTxCount  uart_lpc17xx.o
    0x00001904   0x00000014   Code   RO          390    i.USART0_Initialize  uart_lpc17xx.o
    0x00001918   0x00000014   Code   RO          391    i.USART0_PowerControl  uart_lpc17xx.o
    0x0000192c   0x00000018   Code   RO          392    i.USART0_Receive    uart_lpc17xx.o
    0x00001944   0x00000018   Code   RO          393    i.USART0_Send       uart_lpc17xx.o
    0x0000195c   0x00000014   Code   RO          394    i.USART0_SetModemControl  uart_lpc17xx.o
    0x00001970   0x0000001c   Code   RO          395    i.USART0_Transfer   uart_lpc17xx.o
    0x0000198c   0x00000010   Code   RO          396    i.USART0_Uninitialize  uart_lpc17xx.o
    0x0000199c   0x00000018   Code   RO          397    i.USART1_Control    uart_lpc17xx.o
    0x000019b4   0x00000014   Code   RO          398    i.USART1_GPDMA_Rx_Event  uart_lpc17xx.o
    0x000019c8   0x00000014   Code   RO          399    i.USART1_GPDMA_Tx_Event  uart_lpc17xx.o
    0x000019dc   0x00000010   Code   RO          400    i.USART1_GetCapabilities  uart_lpc17xx.o
    0x000019ec   0x00000010   Code   RO          401    i.USART1_GetModemStatus  uart_lpc17xx.o
    0x000019fc   0x00000010   Code   RO          402    i.USART1_GetRxCount  uart_lpc17xx.o
    0x00001a0c   0x00000010   Code   RO          403    i.USART1_GetStatus  uart_lpc17xx.o
    0x00001a1c   0x00000010   Code   RO          404    i.USART1_GetTxCount  uart_lpc17xx.o
    0x00001a2c   0x00000014   Code   RO          405    i.USART1_Initialize  uart_lpc17xx.o
    0x00001a40   0x00000014   Code   RO          406    i.USART1_PowerControl  uart_lpc17xx.o
    0x00001a54   0x00000018   Code   RO          407    i.USART1_Receive    uart_lpc17xx.o
    0x00001a6c   0x00000018   Code   RO          408    i.USART1_Send       uart_lpc17xx.o
    0x00001a84   0x00000014   Code   RO          409    i.USART1_SetModemControl  uart_lpc17xx.o
    0x00001a98   0x0000001c   Code   RO          410    i.USART1_Transfer   uart_lpc17xx.o
    0x00001ab4   0x00000010   Code   RO          411    i.USART1_Uninitialize  uart_lpc17xx.o
    0x00001ac4   0x0000066c   Code   RO          412    i.USART_Control     uart_lpc17xx.o
    0x00002130   0x00000086   Code   RO          413    i.USART_GPDMA_Rx_Event  uart_lpc17xx.o
    0x000021b6   0x0000004a   Code   RO          414    i.USART_GPDMA_Tx_Event  uart_lpc17xx.o
    0x00002200   0x00000006   Code   RO          415    i.USART_GetCapabilities  uart_lpc17xx.o
    0x00002206   0x000000b2   Code   RO          416    i.USART_GetModemStatus  uart_lpc17xx.o
    0x000022b8   0x0000001c   Code   RO          417    i.USART_GetRxCount  uart_lpc17xx.o
    0x000022d4   0x0000005e   Code   RO          418    i.USART_GetStatus   uart_lpc17xx.o
    0x00002332   0x0000001c   Code   RO          419    i.USART_GetTxCount  uart_lpc17xx.o
    0x0000234e   0x0000026c   Code   RO          420    i.USART_IRQHandler  uart_lpc17xx.o
    0x000025ba   0x000000fe   Code   RO          421    i.USART_Initialize  uart_lpc17xx.o
    0x000026b8   0x00000228   Code   RO          422    i.USART_PowerControl  uart_lpc17xx.o
    0x000028e0   0x00000114   Code   RO          423    i.USART_Receive     uart_lpc17xx.o
    0x000029f4   0x00000068   Code   RO          424    i.USART_RxLineIntHandler  uart_lpc17xx.o
    0x00002a5c   0x0000012e   Code   RO          425    i.USART_Send        uart_lpc17xx.o
    0x00002b8a   0x00000002   PAD
    0x00002b8c   0x00000134   Code   RO          426    i.USART_SetBaudrate  uart_lpc17xx.o
    0x00002cc0   0x000000a0   Code   RO          427    i.USART_SetModemControl  uart_lpc17xx.o
    0x00002d60   0x0000007a   Code   RO          428    i.USART_Transfer    uart_lpc17xx.o
    0x00002dda   0x000000da   Code   RO          429    i.USART_Uninitialize  uart_lpc17xx.o
    0x00002eb4   0x00000010   Code   RO          430    i.USARTx_GetVersion  uart_lpc17xx.o
    0x00002ec4   0x00000100   Code   RO          734    i.Uninitialize      emac_lpc17xx.o
    0x00002fc4   0x00000014   Code   RO          892    i.Uninitialize      phy_lan8720.o
    0x00002fd8   0x00000048   Code   RO          237    i._Z10itmPrintlnPc  itm_arm.o
    0x00003020   0x00000028   Code   RO            7    i._Z13ethernetEventj  main.o
    0x00003048   0x00000024   Code   RO            8    i._Z13ledInitializev  main.o
    0x0000306c   0x00000028   Code   RO           13    i._Z15heartBeatThreadPKv  main.o
    0x00003094   0x0000000a   Code   RO           17    i._Z16initializeThreadPKv  main.o
    0x0000309e   0x00000002   PAD
    0x000030a0   0x000000a0   Code   RO           20    i._Z18ethernetInitializev  main.o
    0x00003140   0x00000090   Code   RO           21    i._Z26ethernet_check_link_statusv  main.o
    0x000031d0   0x00000046   Code   RO         2868    i._init_box         RTX_CM3.lib(rt_membox.o)
    0x00003216   0x00000002   PAD
    0x00003218   0x00000020   Code   RO          312    i._mutex_acquire    rtx_conf_cm.o
    0x00003238   0x0000001c   Code   RO          314    i._mutex_release    rtx_conf_cm.o
    0x00003254   0x00000028   Code   RO          735    i.crc32_8bit_rev    emac_lpc17xx.o
    0x0000327c   0x00000022   Code   RO          736    i.crc32_data        emac_lpc17xx.o
    0x0000329e   0x00000002   PAD
    0x000032a0   0x00000030   Code   RO         2921    i.dbg_init          RTX_CM3.lib(hal_cm.o)
    0x000032d0   0x00000020   Code   RO         2922    i.dbg_task_notify   RTX_CM3.lib(hal_cm.o)
    0x000032f0   0x00000010   Code   RO         2923    i.dbg_task_switch   RTX_CM3.lib(hal_cm.o)
    0x00003300   0x00000068   Code   RO          737    i.init_rx_desc      emac_lpc17xx.o
    0x00003368   0x0000005c   Code   RO          738    i.init_tx_desc      emac_lpc17xx.o
    0x000033c4   0x00000044   Code   RO          739    i.input_MDIO        emac_lpc17xx.o
    0x00003408   0x0000002a   Code   RO         1320    i.isrMessageGet     RTX_CM3.lib(rt_cmsis.o)
    0x00003432   0x0000002c   Code   RO         1321    i.isrMessagePut     RTX_CM3.lib(rt_cmsis.o)
    0x0000345e   0x00000002   PAD
    0x00003460   0x00000056   Code   RO         2723    i.isr_mbx_receive   RTX_CM3.lib(rt_mailbox.o)
    0x000034b6   0x0000000e   Code   RO         2724    i.isr_mbx_send      RTX_CM3.lib(rt_mailbox.o)
    0x000034c4   0x00000084   Code   RO           22    i.main              main.o
    0x00003548   0x00000018   Code   RO         1324    i.osDelay           RTX_CM3.lib(rt_cmsis.o)
    0x00003560   0x00000024   Code   RO         1325    i.osKernelInitialize  RTX_CM3.lib(rt_cmsis.o)
    0x00003584   0x0000006c   Code   RO         1327    i.osKernelStart     RTX_CM3.lib(rt_cmsis.o)
    0x000035f0   0x00000018   Code   RO         1328    i.osKernelSysTick   RTX_CM3.lib(rt_cmsis.o)
    0x00003608   0x00000018   Code   RO         1336    i.osMessageGet      RTX_CM3.lib(rt_cmsis.o)
    0x00003620   0x00000030   Code   RO         1353    i.osThreadCreate    RTX_CM3.lib(rt_cmsis.o)
    0x00003650   0x00000018   Code   RO         1354    i.osThreadExit      RTX_CM3.lib(rt_cmsis.o)
    0x00003668   0x0000000c   Code   RO         1360    i.osTimerCall       RTX_CM3.lib(rt_cmsis.o)
    0x00003674   0x0000002c   Code   RO         1365    i.osTimerThread     RTX_CM3.lib(rt_cmsis.o)
    0x000036a0   0x00000020   Code   RO          315    i.os_error          rtx_conf_cm.o
    0x000036c0   0x00000006   Code   RO          316    i.os_idle_demon     rtx_conf_cm.o
    0x000036c6   0x00000002   PAD
    0x000036c8   0x00000028   Code   RO         2515    i.os_tick_init      RTX_CM3.lib(rt_system.o)
    0x000036f0   0x00000010   Code   RO         2517    i.os_tick_ovf       RTX_CM3.lib(rt_system.o)
    0x00003700   0x00000014   Code   RO         2518    i.os_tick_val       RTX_CM3.lib(rt_system.o)
    0x00003714   0x00000040   Code   RO          740    i.output_MDIO       emac_lpc17xx.o
    0x00003754   0x0000001a   Code   RO         2869    i.rt_alloc_box      RTX_CM3.lib(rt_membox.o)
    0x0000376e   0x0000003e   Code   RO         2897    i.rt_alloc_mem      RTX_CM3.lib(rt_memory.o)
    0x000037ac   0x00000038   Code   RO         1942    i.rt_block          RTX_CM3.lib(rt_task.o)
    0x000037e4   0x00000048   Code   RO         2846    i.rt_chk_robin      RTX_CM3.lib(rt_robin.o)
    0x0000382c   0x00000070   Code   RO         2647    i.rt_dec_dly        RTX_CM3.lib(rt_list.o)
    0x0000389c   0x00000044   Code   RO         1943    i.rt_dispatch       RTX_CM3.lib(rt_task.o)
    0x000038e0   0x00000006   Code   RO         2813    i.rt_dly_wait       RTX_CM3.lib(rt_time.o)
    0x000038e6   0x00000002   PAD
    0x000038e8   0x00000050   Code   RO         2608    i.rt_evt_psh        RTX_CM3.lib(rt_event.o)
    0x00003938   0x0000002c   Code   RO         2870    i.rt_free_box       RTX_CM3.lib(rt_membox.o)
    0x00003964   0x00000028   Code   RO         2898    i.rt_free_mem       RTX_CM3.lib(rt_memory.o)
    0x0000398c   0x00000028   Code   RO         2648    i.rt_get_first      RTX_CM3.lib(rt_list.o)
    0x000039b4   0x00000008   Code   RO         1370    i.rt_id2obj         RTX_CM3.lib(rt_cmsis.o)
    0x000039bc   0x00000048   Code   RO         1944    i.rt_init_context   RTX_CM3.lib(rt_task.o)
    0x00003a04   0x0000001a   Code   RO         2899    i.rt_init_mem       RTX_CM3.lib(rt_memory.o)
    0x00003a1e   0x00000002   PAD
    0x00003a20   0x00000018   Code   RO         2847    i.rt_init_robin     RTX_CM3.lib(rt_robin.o)
    0x00003a38   0x00000080   Code   RO         2924    i.rt_init_stack     RTX_CM3.lib(hal_cm.o)
    0x00003ab8   0x00000008   Code   RO         2725    i.rt_mbx_check      RTX_CM3.lib(rt_mailbox.o)
    0x00003ac0   0x0000001a   Code   RO         2726    i.rt_mbx_init       RTX_CM3.lib(rt_mailbox.o)
    0x00003ada   0x00000002   PAD
    0x00003adc   0x000000f0   Code   RO         2727    i.rt_mbx_psh        RTX_CM3.lib(rt_mailbox.o)
    0x00003bcc   0x000000b4   Code   RO         2729    i.rt_mbx_wait       RTX_CM3.lib(rt_mailbox.o)
    0x00003c80   0x00000044   Code   RO         1371    i.rt_ms2tick        RTX_CM3.lib(rt_cmsis.o)
    0x00003cc4   0x000000d8   Code   RO         2028    i.rt_mut_release    RTX_CM3.lib(rt_mutex.o)
    0x00003d9c   0x00000068   Code   RO         2029    i.rt_mut_wait       RTX_CM3.lib(rt_mutex.o)
    0x00003e04   0x0000007c   Code   RO         2519    i.rt_pop_req        RTX_CM3.lib(rt_system.o)
    0x00003e80   0x00000020   Code   RO         2520    i.rt_psh_req        RTX_CM3.lib(rt_system.o)
    0x00003ea0   0x0000005c   Code   RO         2650    i.rt_psq_enq        RTX_CM3.lib(rt_list.o)
    0x00003efc   0x00000048   Code   RO         2651    i.rt_put_dly        RTX_CM3.lib(rt_list.o)
    0x00003f44   0x00000036   Code   RO         2652    i.rt_put_prio       RTX_CM3.lib(rt_list.o)
    0x00003f7a   0x00000002   PAD
    0x00003f7c   0x00000014   Code   RO         2653    i.rt_put_rdy_first  RTX_CM3.lib(rt_list.o)
    0x00003f90   0x00000034   Code   RO         2654    i.rt_resort_prio    RTX_CM3.lib(rt_list.o)
    0x00003fc4   0x00000006   Code   RO         2925    i.rt_ret_val        RTX_CM3.lib(hal_cm.o)
    0x00003fca   0x00000008   Code   RO         2926    i.rt_ret_val2       RTX_CM3.lib(hal_cm.o)
    0x00003fd2   0x00000028   Code   RO         2655    i.rt_rmv_dly        RTX_CM3.lib(rt_list.o)
    0x00003ffa   0x00000002   PAD
    0x00003ffc   0x00000030   Code   RO         2656    i.rt_rmv_list       RTX_CM3.lib(rt_list.o)
    0x0000402c   0x00000034   Code   RO         2774    i.rt_sem_psh        RTX_CM3.lib(rt_semaphore.o)
    0x00004060   0x00000024   Code   RO         2522    i.rt_stk_check      RTX_CM3.lib(rt_system.o)
    0x00004084   0x00000028   Code   RO         1945    i.rt_switch_req     RTX_CM3.lib(rt_task.o)
    0x000040ac   0x000000cc   Code   RO         1946    i.rt_sys_init       RTX_CM3.lib(rt_task.o)
    0x00004178   0x00000078   Code   RO         1947    i.rt_sys_start      RTX_CM3.lib(rt_task.o)
    0x000041f0   0x00000040   Code   RO         2524    i.rt_systick        RTX_CM3.lib(rt_system.o)
    0x00004230   0x00000012   Code   RO         1372    i.rt_tid2ptcb       RTX_CM3.lib(rt_cmsis.o)
    0x00004242   0x00000002   PAD
    0x00004244   0x00000034   Code   RO         1373    i.rt_timer_insert   RTX_CM3.lib(rt_cmsis.o)
    0x00004278   0x00000088   Code   RO         1948    i.rt_tsk_create     RTX_CM3.lib(rt_task.o)
    0x00004300   0x0000017c   Code   RO         1949    i.rt_tsk_delete     RTX_CM3.lib(rt_task.o)
    0x0000447c   0x0000007c   Code   RO         1951    i.rt_tsk_prio       RTX_CM3.lib(rt_task.o)
    0x000044f8   0x00000010   Code   RO         1952    i.rt_tsk_self       RTX_CM3.lib(rt_task.o)
    0x00004508   0x00000012   Code   RO         1375    i.svcDelay          RTX_CM3.lib(rt_cmsis.o)
    0x0000451a   0x00000002   PAD
    0x0000451c   0x00000070   Code   RO         1376    i.svcKernelInitialize  RTX_CM3.lib(rt_cmsis.o)
    0x0000458c   0x00000048   Code   RO         1378    i.svcKernelStart    RTX_CM3.lib(rt_cmsis.o)
    0x000045d4   0x00000038   Code   RO         1379    i.svcKernelSysTick  RTX_CM3.lib(rt_cmsis.o)
    0x0000460c   0x00000024   Code   RO         1381    i.svcMessageCreate  RTX_CM3.lib(rt_cmsis.o)
    0x00004630   0x0000003a   Code   RO         1382    i.svcMessageGet     RTX_CM3.lib(rt_cmsis.o)
    0x0000466a   0x00000002   PAD
    0x0000466c   0x00000070   Code   RO         1396    i.svcThreadCreate   RTX_CM3.lib(rt_cmsis.o)
    0x000046dc   0x0000001c   Code   RO         1397    i.svcThreadGetId    RTX_CM3.lib(rt_cmsis.o)
    0x000046f8   0x00000038   Code   RO         1400    i.svcThreadTerminate  RTX_CM3.lib(rt_cmsis.o)
    0x00004730   0x00000018   Code   RO         1402    i.svcTimerCall      RTX_CM3.lib(rt_cmsis.o)
    0x00004748   0x0000005c   Code   RO         1411    i.sysTimerTick      RTX_CM3.lib(rt_cmsis.o)
    0x000047a4   0x0000002c   Code   RO          741    i.turnaround_MDIO   emac_lpc17xx.o
    0x000047d0   0x00000020   Data   RO           43    .constdata          main.o
    0x000047f0   0x00000068   Data   RO          318    .constdata          rtx_conf_cm.o
    0x00004858   0x0000027c   Data   RO          432    .constdata          uart_lpc17xx.o
    0x00004ad4   0x0000004c   Data   RO          743    .constdata          emac_lpc17xx.o
    0x00004b20   0x00000024   Data   RO          894    .constdata          phy_lan8720.o
    0x00004b44   0x00000020   Data   RO         3844    Region$$Table       anon$$obj.o


    Execution Region RW_IRAM1 (Base: 0x10000000, Size: 0x00003b20, Max: 0x00008000, ABSOLUTE)

    Base Addr    Size         Type   Attr      Idx    E Section Name        Object

    0x10000000   0x00000049   Data   RW           44    .data               main.o
    0x10000049   0x00000003   PAD
    0x1000004c   0x00000014   Data   RW          319    .data               rtx_conf_cm.o
    0x10000060   0x00000008   Data   RW          433    .data               uart_lpc17xx.o
    0x10000068   0x00000018   Data   RW          744    .data               emac_lpc17xx.o
    0x10000080   0x00000008   Data   RW          957    .data               gpdma_lpc17xx.o
    0x10000088   0x00000004   Data   RW         1140    .data               system_lpc17xx.o
    0x1000008c   0x00000008   Data   RW         1414    .data               RTX_CM3.lib(rt_cmsis.o)
    0x10000094   0x00000008   Data   RW         1954    .data               RTX_CM3.lib(rt_task.o)
    0x1000009c   0x00000008   Data   RW         2527    .data               RTX_CM3.lib(rt_system.o)
    0x100000a4   0x00000004   Data   RW         2817    .data               RTX_CM3.lib(rt_time.o)
    0x100000a8   0x00000008   Data   RW         2848    .data               RTX_CM3.lib(rt_robin.o)
    0x100000b0   0x00000001   Data   RW         2927    .data               RTX_CM3.lib(hal_cm.o)
    0x100000b1   0x00000003   PAD
    0x100000b4   0x000000bc   Zero   RW           42    .bss                main.o
    0x10000170   0x00000bc8   Zero   RW          317    .bss                rtx_conf_cm.o
    0x10000d38   0x00000060   Zero   RW          431    .bss                uart_lpc17xx.o
    0x10000d98   0x00002a74   Zero   RW          742    .bss                emac_lpc17xx.o
    0x1000380c   0x0000000c   Zero   RW          893    .bss                phy_lan8720.o
    0x10003818   0x00000040   Zero   RW          956    .bss                gpdma_lpc17xx.o
    0x10003858   0x00000034   Zero   RW         1953    .bss                RTX_CM3.lib(rt_task.o)
    0x1000388c   0x00000030   Zero   RW         2657    .bss                RTX_CM3.lib(rt_list.o)
    0x100038bc   0x00000060   Zero   RW         3303    .bss                c_w.l(libspace.o)
    0x1000391c   0x00000004   PAD
    0x10003920   0x00000000   Zero   RW         1126    HEAP                startup_lpc17xx.o
    0x10003920   0x00000200   Zero   RW         1125    STACK               startup_lpc17xx.o


==============================================================================

Image component sizes


      Code (inc. data)   RO Data    RW Data    ZI Data      Debug   Object Name

      3270        288         76         24      10868      28066   emac_lpc17xx.o
       760         90          0          8         64       7798   gpdma_lpc17xx.o
       116         14          0          0          0       1738   gpio_lpc17xx.o
        72          0          0          0          0        449   itm_arm.o
       562        106         32         73        188      77866   main.o
       580         40         36          0         12       8174   phy_lan8720.o
       252          6          0          0          0        804   pin_lpc17xx.o
       126         26        104         20       3016      13487   rtx_conf_cm.o
        64         26        204          0        512        956   startup_lpc17xx.o
       744         34          0          4          0       1291   system_lpc17xx.o
      5838        244        636          8         96      93451   uart_lpc17xx.o

    ----------------------------------------------------------------------
     12392        874       1120        140      14756     234080   Object Totals
         0          0         32          0          0          0   (incl. Generated)
         8          0          0          3          0          0   (incl. Padding)

    ----------------------------------------------------------------------

      Code (inc. data)   RO Data    RW Data    ZI Data      Debug   Library Member Name

       238         24          0          1          0       3256   hal_cm.o
       304         36          0          0          0        760   hal_cm3.o
      1240        162          0          8          0      33331   rt_cmsis.o
        80          4          0          0          0        653   rt_event.o
       530         34          0          0         48       8165   rt_list.o
       554         10          0          0          0       3901   rt_mailbox.o
       140          0          0          0          0       1901   rt_membox.o
       128          0          0          0          0       2275   rt_memory.o
       320         12          0          0          0       1603   rt_mutex.o
        96         22          0          8          0       1134   rt_robin.o
        52          4          0          0          0        565   rt_semaphore.o
       334         64          0          8          0       7003   rt_system.o
      1216        174          0          8         52       9545   rt_task.o
         6          0          0          4          0        636   rt_time.o
         4          4          0          0          0        200   svc_table.o
         8          0          0          0          0         68   __main.o
         0          0          0          0          0          0   __rtentry.o
        20          0          0          0          0          0   __rtentry2.o
         6          0          0          0          0          0   __rtentry4.o
        52          8          0          0          0          0   __scatter.o
        26          0          0          0          0          0   __scatter_copy.o
        28          0          0          0          0          0   __scatter_zi.o
        18          0          0          0          0         80   exit.o
         6          0          0          0          0        152   heapauxi.o
         0          0          0          0          0          0   indicate_semi.o
         2          0          0          0          0          0   libinit.o
         2          0          0          0          0          0   libinit2.o
         2          0          0          0          0          0   libshutdown.o
         2          0          0          0          0          0   libshutdown2.o
         8          4          0          0         96         68   libspace.o
       238          0          0          0          0        100   lludivv7m.o
         2          0          0          0          0          0   rtexit.o
        10          0          0          0          0          0   rtexit2.o
        12          4          0          0          0         68   sys_exit.o
        74          0          0          0          0         80   sys_stackheap_outer.o
         2          0          0          0          0         68   use_no_semi.o

    ----------------------------------------------------------------------
      5788        566          0         40        200      75612   Library Totals
        28          0          0          3          4          0   (incl. Padding)

    ----------------------------------------------------------------------

      Code (inc. data)   RO Data    RW Data    ZI Data      Debug   Library Name

      5242        550          0         37        100      74928   RTX_CM3.lib
       518         16          0          0         96        684   c_w.l

    ----------------------------------------------------------------------
      5788        566          0         40        200      75612   Library Totals

    ----------------------------------------------------------------------

==============================================================================


      Code (inc. data)   RO Data    RW Data    ZI Data      Debug   

     18180       1440       1120        180      14956     299860   Grand Totals
     18180       1440       1120        180      14956     299860   ELF Image Totals
     18180       1440       1120        180          0          0   ROM Totals

==============================================================================

    Total RO  Size (Code + RO Data)                19300 (  18.85kB)
    Total RW  Size (RW Data + ZI Data)             15136 (  14.78kB)
    Total ROM Size (Code + RO Data + RW Data)      19480 (  19.02kB)

==============================================================================

